<!doctype html public "-//w3c//dtd html 4.0 transitional//en">
<html><head>
<title>Static Call Graph - [.\_build\emb.axf]</title></head>
<body><HR>
<H1>Static Call Graph for image .\_build\emb.axf</H1><HR>
<BR><P>#&#060CALLGRAPH&#062# ARM Linker, 5060960: Last Updated: Fri May 06 13:21:49 2022
<BR><P>
<H3>Maximum Stack Usage =       2400 bytes + Unknown(Cycles, Untraceable Function Pointers)</H3><H3>
Call chain for Maximum Stack Depth:</H3>
App_GUI_GotoAppModelMenu &rArr; APP_BleServerProcess &rArr; BleID2CasePro &rArr; id2_client_get_challenge_auth_code &rArr; _id2_gen_auth_code &rArr; _id2_sign &rArr; _id2_sym_cipher &rArr; km_cipher &rArr; irot_hal_sym_crypto &rArr; select_application &rArr; apdu_transmit_wrap &rArr; chip_log_hex_dump &rArr; ls_osa_snprintf &rArr; vsnprintf
<P>
<H3>
Mutually Recursive functions
</H3> <LI><a href="#[10]">NMI_Handler</a>&nbsp;&nbsp;&nbsp;&rArr;&nbsp;&nbsp;&nbsp;<a href="#[10]">NMI_Handler</a><BR>
 <LI><a href="#[11]">HardFault_Handler</a>&nbsp;&nbsp;&nbsp;&rArr;&nbsp;&nbsp;&nbsp;<a href="#[11]">HardFault_Handler</a><BR>
 <LI><a href="#[12]">MemoryManagement_Handler</a>&nbsp;&nbsp;&nbsp;&rArr;&nbsp;&nbsp;&nbsp;<a href="#[12]">MemoryManagement_Handler</a><BR>
 <LI><a href="#[13]">BusFault_Handler</a>&nbsp;&nbsp;&nbsp;&rArr;&nbsp;&nbsp;&nbsp;<a href="#[13]">BusFault_Handler</a><BR>
 <LI><a href="#[14]">UsageFault_Handler</a>&nbsp;&nbsp;&nbsp;&rArr;&nbsp;&nbsp;&nbsp;<a href="#[14]">UsageFault_Handler</a><BR>
 <LI><a href="#[15]">SVC_Handler</a>&nbsp;&nbsp;&nbsp;&rArr;&nbsp;&nbsp;&nbsp;<a href="#[15]">SVC_Handler</a><BR>
 <LI><a href="#[16]">DebugMon_Handler</a>&nbsp;&nbsp;&nbsp;&rArr;&nbsp;&nbsp;&nbsp;<a href="#[16]">DebugMon_Handler</a><BR>
 <LI><a href="#[17]">PendSV_Handler</a>&nbsp;&nbsp;&nbsp;&rArr;&nbsp;&nbsp;&nbsp;<a href="#[17]">PendSV_Handler</a><BR>
 <LI><a href="#[18]">SysTick_Handler</a>&nbsp;&nbsp;&nbsp;&rArr;&nbsp;&nbsp;&nbsp;<a href="#[18]">SysTick_Handler</a><BR>
 <LI><a href="#[28]">CCM_AAR_IRQHandler</a>&nbsp;&nbsp;&nbsp;&rArr;&nbsp;&nbsp;&nbsp;<a href="#[28]">CCM_AAR_IRQHandler</a><BR>
 <LI><a href="#[9d]">nrf_fstorage_sys_evt_handler</a>&nbsp;&nbsp;&nbsp;&rArr;&nbsp;&nbsp;&nbsp;<a href="#[42a]">queue_process</a><BR>
 <LI><a href="#[a7]">__asm___12_nrf_atfifo_c_51f461e1__nrf_atfifo_rspace_close</a>&nbsp;&nbsp;&nbsp;&rArr;&nbsp;&nbsp;&nbsp;<a href="#[a7]">__asm___12_nrf_atfifo_c_51f461e1__nrf_atfifo_rspace_close</a><BR>
 <LI><a href="#[a6]">__asm___12_nrf_atfifo_c_51f461e1__nrf_atfifo_wspace_close</a>&nbsp;&nbsp;&nbsp;&rArr;&nbsp;&nbsp;&nbsp;<a href="#[a6]">__asm___12_nrf_atfifo_c_51f461e1__nrf_atfifo_wspace_close</a><BR>
</UL>
<P>
<H3>
Function Pointers
</H3><UL>
 <LI><a href="#[41]">APP_UpdateDataHandler</a> from app_update.o(i.APP_UpdateDataHandler) referenced from app_ble.o(i.APP_BleInit)
 <LI><a href="#[60]">App_GUI_AddAdminFaceMenu</a> from app_gui.o(i.App_GUI_AddAdminFaceMenu) referenced from app_gui.o(.constdata)
 <LI><a href="#[65]">App_GUI_AddAdminFingerMenu</a> from app_gui.o(i.App_GUI_AddAdminFingerMenu) referenced from app_gui.o(.constdata)
 <LI><a href="#[61]">App_GUI_AddGuestFaceMenu</a> from app_gui.o(i.App_GUI_AddGuestFaceMenu) referenced from app_gui.o(.constdata)
 <LI><a href="#[66]">App_GUI_AddGuestFingerMenu</a> from app_gui.o(i.App_GUI_AddGuestFingerMenu) referenced from app_gui.o(.constdata)
 <LI><a href="#[88]">App_GUI_AginTestMenu</a> from app_gui.o(i.App_GUI_AginTestMenu) referenced from app_gui.o(.constdata)
 <LI><a href="#[6e]">App_GUI_AlarmHandlerMenu</a> from app_gui.o(i.App_GUI_AlarmHandlerMenu) referenced from app_gui.o(.constdata)
 <LI><a href="#[75]">App_GUI_BackFactoryMenu</a> from app_gui.o(i.App_GUI_BackFactoryMenu) referenced from app_gui.o(.constdata)
 <LI><a href="#[6c]">App_GUI_BatVolLowErrMenu</a> from app_gui.o(i.App_GUI_BatVolLowErrMenu) referenced from app_gui.o(.constdata)
 <LI><a href="#[86]">App_GUI_BellLampMenu</a> from app_gui.o(i.App_GUI_BellLampMenu) referenced from app_gui.o(.constdata)
 <LI><a href="#[83]">App_GUI_BellVideoMenu</a> from app_gui.o(i.App_GUI_BellVideoMenu) referenced from app_gui.o(.constdata)
 <LI><a href="#[74]">App_GUI_BleOpenErrWarmMenu</a> from app_gui.o(i.App_GUI_BleOpenErrWarmMenu) referenced from app_gui.o(.constdata)
 <LI><a href="#[6a]">App_GUI_ChangePwdMenu</a> from app_gui.o(i.App_GUI_ChangePwdMenu) referenced from app_gui.o(.constdata)
 <LI><a href="#[5c]">App_GUI_CheckAdminMenu</a> from app_gui.o(i.App_GUI_CheckAdminMenu) referenced from app_gui.o(.constdata)
 <LI><a href="#[63]">App_GUI_CheckFaceErrMenu</a> from app_gui.o(i.App_GUI_CheckFaceErrMenu) referenced from app_gui.o(.constdata)
 <LI><a href="#[68]">App_GUI_CheckFingerErrMenu</a> from app_gui.o(i.App_GUI_CheckFingerErrMenu) referenced from app_gui.o(.constdata)
 <LI><a href="#[6b]">App_GUI_CheckPwdErrMenu</a> from app_gui.o(i.App_GUI_CheckPwdErrMenu) referenced from app_gui.o(.constdata)
 <LI><a href="#[5e]">App_GUI_CloseDoorMenu</a> from app_gui.o(i.App_GUI_CloseDoorMenu) referenced from app_gui.o(.constdata)
 <LI><a href="#[62]">App_GUI_DelFaceMenu</a> from app_gui.o(i.App_GUI_DelFaceMenu) referenced from app_gui.o(.constdata)
 <LI><a href="#[67]">App_GUI_DelFingerMenu</a> from app_gui.o(i.App_GUI_DelFingerMenu) referenced from app_gui.o(.constdata)
 <LI><a href="#[71]">App_GUI_DeployWarmMenu</a> from app_gui.o(i.App_GUI_DeployWarmMenu) referenced from app_gui.o(.constdata)
 <LI><a href="#[6d]">App_GUI_EepromErrorMenu</a> from app_gui.o(i.App_GUI_EepromErrorMenu) referenced from app_gui.o(.constdata)
 <LI><a href="#[81]">App_GUI_ErrorCheckMenu</a> from app_gui.o(i.App_GUI_ErrorCheckMenu) referenced from app_gui.o(.constdata)
 <LI><a href="#[72]">App_GUI_FalseLockWarmMenu</a> from app_gui.o(i.App_GUI_FalseLockWarmMenu) referenced from app_gui.o(.constdata)
 <LI><a href="#[73]">App_GUI_ForgetLockWarmMenu</a> from app_gui.o(i.App_GUI_ForgetLockWarmMenu) referenced from app_gui.o(.constdata)
 <LI><a href="#[77]">App_GUI_GotoAppModelMenu</a> from app_gui.o(i.App_GUI_GotoAppModelMenu) referenced from app_gui.o(.constdata)
 <LI><a href="#[76]">App_GUI_GotoOtaModelMenu</a> from app_gui.o(i.App_GUI_GotoOtaModelMenu) referenced from app_gui.o(.constdata)
 <LI><a href="#[89]">App_GUI_GotoSleepModelMenu</a> from app_gui.o(i.App_GUI_GotoSleepModelMenu) referenced from app_gui.o(.constdata)
 <LI><a href="#[5a]">App_GUI_MainDeskMenu</a> from app_gui.o(i.App_GUI_MainDeskMenu) referenced from app_gui.o(.constdata)
 <LI><a href="#[84]">App_GUI_NetworkUpdateMenu</a> from app_gui.o(i.App_GUI_NetworkUpdateMenu) referenced from app_gui.o(.constdata)
 <LI><a href="#[5d]">App_GUI_OpenDoorMenu</a> from app_gui.o(i.App_GUI_OpenDoorMenu) referenced from app_gui.o(.constdata)
 <LI><a href="#[7b]">App_GUI_SetAutoLockMenu</a> from app_gui.o(i.App_GUI_SetAutoLockMenu) referenced from app_gui.o(.constdata)
 <LI><a href="#[7f]">App_GUI_SetDeployMenu</a> from app_gui.o(i.App_GUI_SetDeployMenu) referenced from app_gui.o(.constdata)
 <LI><a href="#[7c]">App_GUI_SetDoubleCheckMenu</a> from app_gui.o(i.App_GUI_SetDoubleCheckMenu) referenced from app_gui.o(.constdata)
 <LI><a href="#[5f]">App_GUI_SetFaceMenu</a> from app_gui.o(i.App_GUI_SetFaceMenu) referenced from app_gui.o(.constdata)
 <LI><a href="#[64]">App_GUI_SetFingerMenu</a> from app_gui.o(i.App_GUI_SetFingerMenu) referenced from app_gui.o(.constdata)
 <LI><a href="#[79]">App_GUI_SetMotorDirMenu</a> from app_gui.o(i.App_GUI_SetMotorDirMenu) referenced from app_gui.o(.constdata)
 <LI><a href="#[7a]">App_GUI_SetMotorTorsionMenu</a> from app_gui.o(i.App_GUI_SetMotorTorsionMenu) referenced from app_gui.o(.constdata)
 <LI><a href="#[7e]">App_GUI_SetNearSenseMenu</a> from app_gui.o(i.App_GUI_SetNearSenseMenu) referenced from app_gui.o(.constdata)
 <LI><a href="#[69]">App_GUI_SetPwdMenu</a> from app_gui.o(i.App_GUI_SetPwdMenu) referenced from app_gui.o(.constdata)
 <LI><a href="#[80]">App_GUI_SetStayCheckMenu</a> from app_gui.o(i.App_GUI_SetStayCheckMenu) referenced from app_gui.o(.constdata)
 <LI><a href="#[78]">App_GUI_SetSysParaMenu</a> from app_gui.o(i.App_GUI_SetSysParaMenu) referenced from app_gui.o(.constdata)
 <LI><a href="#[7d]">App_GUI_SetVolGradeMenu</a> from app_gui.o(i.App_GUI_SetVolGradeMenu) referenced from app_gui.o(.constdata)
 <LI><a href="#[82]">App_GUI_SmartScreenShowMenu</a> from app_gui.o(i.App_GUI_SmartScreenShowMenu) referenced from app_gui.o(.constdata)
 <LI><a href="#[70]">App_GUI_StayWarmMenu</a> from app_gui.o(i.App_GUI_StayWarmMenu) referenced from app_gui.o(.constdata)
 <LI><a href="#[5b]">App_GUI_SystemManageMenu</a> from app_gui.o(i.App_GUI_SystemManageMenu) referenced from app_gui.o(.constdata)
 <LI><a href="#[6f]">App_GUI_TryProtectMenu</a> from app_gui.o(i.App_GUI_TryProtectMenu) referenced from app_gui.o(.constdata)
 <LI><a href="#[87]">App_GUI_WakeButSleepMenu</a> from app_gui.o(i.App_GUI_WakeButSleepMenu) referenced from app_gui.o(.constdata)
 <LI><a href="#[85]">App_GUI_WeatherUpdateMenu</a> from app_gui.o(i.App_GUI_WeatherUpdateMenu) referenced from app_gui.o(.constdata)
 <LI><a href="#[13]">BusFault_Handler</a> from arm_startup_nrf52.o(.text) referenced from arm_startup_nrf52.o(RESET)
 <LI><a href="#[28]">CCM_AAR_IRQHandler</a> from arm_startup_nrf52.o(.text) referenced from arm_startup_nrf52.o(RESET)
 <LI><a href="#[2c]">COMP_LPCOMP_IRQHandler</a> from arm_startup_nrf52.o(.text) referenced from arm_startup_nrf52.o(RESET)
 <LI><a href="#[42]">DRV_ADC_CaptureIRQ</a> from drv_adc.o(i.DRV_ADC_CaptureIRQ) referenced from drv_adc.o(i.DRV_ADC_ConfigInit)
 <LI><a href="#[43]">DRV_GpioHandler</a> from drv_gpio.o(i.DRV_GpioHandler) referenced from drv_gpio.o(i.DRV_GpioInterruptEnable)
 <LI><a href="#[45]">DRV_Uart_EventHandle</a> from drv_uart.o(i.DRV_Uart_EventHandle) referenced from drv_uart.o(i.DRV_Uart_ConfigInit)
 <LI><a href="#[16]">DebugMon_Handler</a> from arm_startup_nrf52.o(.text) referenced from arm_startup_nrf52.o(RESET)
 <LI><a href="#[27]">ECB_IRQHandler</a> from arm_startup_nrf52.o(.text) referenced from arm_startup_nrf52.o(RESET)
 <LI><a href="#[3d]">FPU_IRQHandler</a> from arm_startup_nrf52.o(.text) referenced from arm_startup_nrf52.o(RESET)
 <LI><a href="#[1f]">GPIOTE_IRQHandler</a> from nrfx_gpiote.o(i.GPIOTE_IRQHandler) referenced from arm_startup_nrf52.o(RESET)
 <LI><a href="#[46]">HAL_Uart_PushByteIntoQueue0</a> from hal_uart.o(i.HAL_Uart_PushByteIntoQueue0) referenced from hal_uart.o(i.HAL_Uart_ConfigInit)
 <LI><a href="#[47]">HAL_Uart_PushByteIntoQueue1</a> from hal_uart.o(i.HAL_Uart_PushByteIntoQueue1) referenced from hal_uart.o(i.HAL_Uart_ConfigInit)
 <LI><a href="#[11]">HardFault_Handler</a> from arm_startup_nrf52.o(.text) referenced from arm_startup_nrf52.o(RESET)
 <LI><a href="#[3c]">I2S_IRQHandler</a> from arm_startup_nrf52.o(.text) referenced from arm_startup_nrf52.o(RESET)
 <LI><a href="#[37]">MWU_IRQHandler</a> from arm_startup_nrf52.o(.text) referenced from arm_startup_nrf52.o(RESET)
 <LI><a href="#[12]">MemoryManagement_Handler</a> from arm_startup_nrf52.o(.text) referenced from arm_startup_nrf52.o(RESET)
 <LI><a href="#[1e]">NFCT_IRQHandler</a> from arm_startup_nrf52.o(.text) referenced from arm_startup_nrf52.o(RESET)
 <LI><a href="#[10]">NMI_Handler</a> from arm_startup_nrf52.o(.text) referenced from arm_startup_nrf52.o(RESET)
 <LI><a href="#[36]">PDM_IRQHandler</a> from arm_startup_nrf52.o(.text) referenced from arm_startup_nrf52.o(RESET)
 <LI><a href="#[19]">POWER_CLOCK_IRQHandler</a> from nrfx_clock.o(i.POWER_CLOCK_IRQHandler) referenced from arm_startup_nrf52.o(RESET)
 <LI><a href="#[35]">PWM0_IRQHandler</a> from arm_startup_nrf52.o(.text) referenced from arm_startup_nrf52.o(RESET)
 <LI><a href="#[38]">PWM1_IRQHandler</a> from arm_startup_nrf52.o(.text) referenced from arm_startup_nrf52.o(RESET)
 <LI><a href="#[39]">PWM2_IRQHandler</a> from arm_startup_nrf52.o(.text) referenced from arm_startup_nrf52.o(RESET)
 <LI><a href="#[17]">PendSV_Handler</a> from arm_startup_nrf52.o(.text) referenced from arm_startup_nrf52.o(RESET)
 <LI><a href="#[2b]">QDEC_IRQHandler</a> from arm_startup_nrf52.o(.text) referenced from arm_startup_nrf52.o(RESET)
 <LI><a href="#[1a]">RADIO_IRQHandler</a> from arm_startup_nrf52.o(.text) referenced from arm_startup_nrf52.o(RESET)
 <LI><a href="#[26]">RNG_IRQHandler</a> from nrfx_rng.o(i.RNG_IRQHandler) referenced from arm_startup_nrf52.o(RESET)
 <LI><a href="#[24]">RTC0_IRQHandler</a> from arm_startup_nrf52.o(.text) referenced from arm_startup_nrf52.o(RESET)
 <LI><a href="#[2a]">RTC1_IRQHandler</a> from app_timer.o(i.RTC1_IRQHandler) referenced from arm_startup_nrf52.o(RESET)
 <LI><a href="#[3b]">RTC2_IRQHandler</a> from arm_startup_nrf52.o(.text) referenced from arm_startup_nrf52.o(RESET)
 <LI><a href="#[f]">Reset_Handler</a> from arm_startup_nrf52.o(.text) referenced from arm_startup_nrf52.o(RESET)
 <LI><a href="#[20]">SAADC_IRQHandler</a> from nrfx_saadc.o(i.SAADC_IRQHandler) referenced from arm_startup_nrf52.o(RESET)
 <LI><a href="#[1c]">SPIM0_SPIS0_TWIM0_TWIS0_SPI0_TWI0_IRQHandler</a> from arm_startup_nrf52.o(.text) referenced from arm_startup_nrf52.o(RESET)
 <LI><a href="#[1d]">SPIM1_SPIS1_TWIM1_TWIS1_SPI1_TWI1_IRQHandler</a> from arm_startup_nrf52.o(.text) referenced from arm_startup_nrf52.o(RESET)
 <LI><a href="#[3a]">SPIM2_SPIS2_SPI2_IRQHandler</a> from arm_startup_nrf52.o(.text) referenced from arm_startup_nrf52.o(RESET)
 <LI><a href="#[15]">SVC_Handler</a> from arm_startup_nrf52.o(.text) referenced from arm_startup_nrf52.o(RESET)
 <LI><a href="#[2d]">SWI0_EGU0_IRQHandler</a> from app_timer.o(i.SWI0_EGU0_IRQHandler) referenced from arm_startup_nrf52.o(RESET)
 <LI><a href="#[2e]">SWI1_EGU1_IRQHandler</a> from arm_startup_nrf52.o(.text) referenced from arm_startup_nrf52.o(RESET)
 <LI><a href="#[2f]">SWI2_EGU2_IRQHandler</a> from nrf_sdh.o(i.SWI2_EGU2_IRQHandler) referenced from arm_startup_nrf52.o(RESET)
 <LI><a href="#[30]">SWI3_EGU3_IRQHandler</a> from arm_startup_nrf52.o(.text) referenced from arm_startup_nrf52.o(RESET)
 <LI><a href="#[31]">SWI4_EGU4_IRQHandler</a> from arm_startup_nrf52.o(.text) referenced from arm_startup_nrf52.o(RESET)
 <LI><a href="#[32]">SWI5_EGU5_IRQHandler</a> from arm_startup_nrf52.o(.text) referenced from arm_startup_nrf52.o(RESET)
 <LI><a href="#[18]">SysTick_Handler</a> from arm_startup_nrf52.o(.text) referenced from arm_startup_nrf52.o(RESET)
 <LI><a href="#[3f]">SystemInit</a> from system_nrf52.o(i.SystemInit) referenced from arm_startup_nrf52.o(.text)
 <LI><a href="#[48]">SystemLifeTickTimerHandler</a> from systemtim.o(i.SystemLifeTickTimerHandler) referenced from systemtim.o(i.SystemLifeTickTimerInit)
 <LI><a href="#[49]">SystemTim10MsTick_Handler</a> from systemtim.o(i.SystemTim10MsTick_Handler) referenced from systemtim.o(i.SystemTimerIint)
 <LI><a href="#[25]">TEMP_IRQHandler</a> from arm_startup_nrf52.o(.text) referenced from arm_startup_nrf52.o(RESET)
 <LI><a href="#[21]">TIMER0_IRQHandler</a> from arm_startup_nrf52.o(.text) referenced from arm_startup_nrf52.o(RESET)
 <LI><a href="#[22]">TIMER1_IRQHandler</a> from nrfx_timer.o(i.TIMER1_IRQHandler) referenced from arm_startup_nrf52.o(RESET)
 <LI><a href="#[23]">TIMER2_IRQHandler</a> from arm_startup_nrf52.o(.text) referenced from arm_startup_nrf52.o(RESET)
 <LI><a href="#[33]">TIMER3_IRQHandler</a> from arm_startup_nrf52.o(.text) referenced from arm_startup_nrf52.o(RESET)
 <LI><a href="#[34]">TIMER4_IRQHandler</a> from arm_startup_nrf52.o(.text) referenced from arm_startup_nrf52.o(RESET)
 <LI><a href="#[1b]">UARTE0_UART0_IRQHandler</a> from nrfx_prs.o(i.UARTE0_UART0_IRQHandler) referenced from arm_startup_nrf52.o(RESET)
 <LI><a href="#[14]">UsageFault_Handler</a> from arm_startup_nrf52.o(.text) referenced from arm_startup_nrf52.o(RESET)
 <LI><a href="#[29]">WDT_IRQHandler</a> from arm_startup_nrf52.o(.text) referenced from arm_startup_nrf52.o(RESET)
 <LI><a href="#[44]">WakeupISRhandler</a> from isr.o(i.WakeupISRhandler) referenced from drv_motor_218.o(i.DRV_Motor218_PinInterruptEnable)
 <LI><a href="#[44]">WakeupISRhandler</a> from isr.o(i.WakeupISRhandler) referenced from isr.o(i.SystemWakeupPin_ISR_Enable)
 <LI><a href="#[40]">__main</a> from entry.o(.ARM.Collect$$$$00000000) referenced from arm_startup_nrf52.o(.text)
 <LI><a href="#[4b]">_snputc</a> from printfa.o(i._snputc) referenced from printfa.o(i.__0vsnprintf)
 <LI><a href="#[57]">app_error_fault_handler</a> from app_error_weak.o(i.app_error_fault_handler) referenced from nrf_sdh.o(i.nrf_sdh_enable_request)
 <LI><a href="#[4d]">app_simple_timer_event_handler</a> from app_simple_timer.o(i.app_simple_timer_event_handler) referenced from app_simple_timer.o(i.app_simple_timer_init)
 <LI><a href="#[95]">ble_advertising_on_ble_evt</a> from ble_advertising.o(i.ble_advertising_on_ble_evt) referenced from drv_ble.o(sdh_ble_observers1)
 <LI><a href="#[9e]">ble_advertising_on_sys_evt</a> from ble_advertising.o(i.ble_advertising_on_sys_evt) referenced from drv_ble.o(sdh_soc_observers1)
 <LI><a href="#[94]">ble_evt_handler</a> from ble_conn_state.o(i.ble_evt_handler) referenced from ble_conn_state.o(sdh_ble_observers0)
 <LI><a href="#[97]">ble_evt_handler</a> from ble_conn_params.o(i.ble_evt_handler) referenced from ble_conn_params.o(sdh_ble_observers1)
 <LI><a href="#[9a]">ble_evt_handler</a> from drv_ble.o(i.ble_evt_handler) referenced from drv_ble.o(sdh_ble_observers3)
 <LI><a href="#[98]">ble_nus_on_ble_evt</a> from ble_nus.o(i.ble_nus_on_ble_evt) referenced from drv_ble.o(sdh_ble_observers2)
 <LI><a href="#[53]">clock_irq_handler</a> from nrf_drv_clock.o(i.clock_irq_handler) referenced from nrf_drv_clock.o(i.nrf_drv_clock_init)
 <LI><a href="#[51]">conn_params_error_handler</a> from drv_ble.o(i.conn_params_error_handler) referenced from drv_ble.o(i.conn_params_init)
 <LI><a href="#[90]">erase</a> from nrf_fstorage_sd.o(i.erase) referenced from nrf_fstorage_sd.o(.constdata)
 <LI><a href="#[b]">fm_i2c_close_device</a> from se_driver.o(i.fm_i2c_close_device) referenced 2 times from se_driver.o(.data)
 <LI><a href="#[9]">fm_i2c_dev_init</a> from se_driver.o(i.fm_i2c_dev_init) referenced 2 times from se_driver.o(.data)
 <LI><a href="#[8]">fm_i2c_drv_reg</a> from se_driver.o(i.fm_i2c_drv_reg) referenced 2 times from se_driver.o(.data)
 <LI><a href="#[e]">fm_i2c_drv_unreg</a> from se_driver.o(i.fm_i2c_drv_unreg) referenced 2 times from se_driver.o(.data)
 <LI><a href="#[c]">fm_i2c_get_atr</a> from se_driver.o(i.fm_i2c_get_atr) referenced 2 times from se_driver.o(.data)
 <LI><a href="#[a]">fm_i2c_open_device</a> from se_driver.o(i.fm_i2c_open_device) referenced 2 times from se_driver.o(.data)
 <LI><a href="#[d]">fm_i2c_transceive</a> from se_driver.o(i.fm_i2c_transceive) referenced 2 times from se_driver.o(.data)
 <LI><a href="#[4a]">fputc</a> from retarget.o(i.fputc) referenced from printfa.o(i.__0vprintf)
 <LI><a href="#[52]">gatt_evt_handler</a> from drv_ble.o(i.gatt_evt_handler) referenced from drv_ble.o(i.gatt_init)
 <LI><a href="#[8c]">init</a> from nrf_fstorage_sd.o(i.init) referenced from nrf_fstorage_sd.o(.constdata)
 <LI><a href="#[93]">is_busy</a> from nrf_fstorage_sd.o(i.is_busy) referenced from nrf_fstorage_sd.o(.constdata)
 <LI><a href="#[3e]">main</a> from main.o(i.main) referenced from entry9a.o(.ARM.Collect$$$$0000000B)
 <LI><a href="#[96]">nrf_ble_gatt_on_ble_evt</a> from nrf_ble_gatt.o(i.nrf_ble_gatt_on_ble_evt) referenced from drv_ble.o(sdh_ble_observers1)
 <LI><a href="#[99]">nrf_ble_qwr_on_ble_evt</a> from nrf_ble_qwr.o(i.nrf_ble_qwr_on_ble_evt) referenced from drv_ble.o(sdh_ble_observers2)
 <LI><a href="#[9b]">nrf_fstorage_sdh_req_handler</a> from nrf_fstorage_sd.o(i.nrf_fstorage_sdh_req_handler) referenced from nrf_fstorage_sd.o(sdh_req_observers0)
 <LI><a href="#[a3]">nrf_fstorage_sdh_state_handler</a> from nrf_fstorage_sd.o(i.nrf_fstorage_sdh_state_handler) referenced from nrf_fstorage_sd.o(sdh_state_observers0)
 <LI><a href="#[9d]">nrf_fstorage_sys_evt_handler</a> from nrf_fstorage_sd.o(i.nrf_fstorage_sys_evt_handler) referenced from nrf_fstorage_sd.o(sdh_soc_observers0)
 <LI><a href="#[58]">nrf_qwr_error_handler</a> from drv_ble.o(i.nrf_qwr_error_handler) referenced from drv_ble.o(i.services_init)
 <LI><a href="#[9f]">nrf_sdh_ble_evts_poll</a> from nrf_sdh_ble.o(i.nrf_sdh_ble_evts_poll) referenced from nrf_sdh_ble.o(sdh_stack_observers0)
 <LI><a href="#[a0]">nrf_sdh_soc_evts_poll</a> from nrf_sdh_soc.o(i.nrf_sdh_soc_evts_poll) referenced from nrf_sdh_soc.o(sdh_stack_observers0)
 <LI><a href="#[54]">nrfx_rng_handler</a> from nrf_drv_rng.o(i.nrfx_rng_handler) referenced from nrf_drv_rng.o(i.nrf_drv_rng_init)
 <LI><a href="#[54]">nrfx_rng_handler</a> from nrf_drv_rng.o(i.nrfx_rng_handler) referenced from nrf_drv_rng.o(i.sd_state_evt_handler)
 <LI><a href="#[8a]">nrfx_uart_0_irq_handler</a> from nrfx_uart.o(i.nrfx_uart_0_irq_handler) referenced from nrfx_uart.o(.constdata)
 <LI><a href="#[8b]">nrfx_uarte_0_irq_handler</a> from nrfx_uarte.o(i.nrfx_uarte_0_irq_handler) referenced from nrfx_uarte.o(.constdata)
 <LI><a href="#[59]">nus_data_handler</a> from drv_ble.o(i.nus_data_handler) referenced from drv_ble.o(i.services_init)
 <LI><a href="#[4c]">on_adv_evt</a> from drv_ble.o(i.on_adv_evt) referenced from drv_ble.o(i.advertising_init)
 <LI><a href="#[50]">on_conn_params_evt</a> from drv_ble.o(i.on_conn_params_evt) referenced from drv_ble.o(i.conn_params_init)
 <LI><a href="#[8e]">read</a> from nrf_fstorage_sd.o(i.read) referenced from nrf_fstorage_sd.o(.constdata)
 <LI><a href="#[91]">rmap</a> from nrf_fstorage_sd.o(i.rmap) referenced from nrf_fstorage_sd.o(.constdata)
 <LI><a href="#[a1]">sd_state_evt_handler</a> from nrf_drv_clock.o(i.sd_state_evt_handler) referenced 2 times from nrf_drv_clock.o(sdh_state_observers0)
 <LI><a href="#[9c]">soc_evt_handler</a> from nrf_drv_clock.o(i.soc_evt_handler) referenced from nrf_drv_clock.o(sdh_soc_observers0)
 <LI><a href="#[4e]">uart_event_handler</a> from app_uart_fifo.o(i.uart_event_handler) referenced from app_uart_fifo.o(i.app_uart_init)
 <LI><a href="#[56]">uart_evt_handler</a> from nrf_drv_uart.o(i.uart_evt_handler) referenced from nrf_drv_uart.o(i.nrf_drv_uart_init)
 <LI><a href="#[55]">uarte_evt_handler</a> from nrf_drv_uart.o(i.uarte_evt_handler) referenced from nrf_drv_uart.o(i.nrf_drv_uart_init)
 <LI><a href="#[8d]">uninit</a> from nrf_fstorage_sd.o(i.uninit) referenced from nrf_fstorage_sd.o(.constdata)
 <LI><a href="#[4f]">update_timeout_handler</a> from ble_conn_params.o(i.update_timeout_handler) referenced from ble_conn_params.o(i.ble_conn_params_init)
 <LI><a href="#[1]">user_i2c_dev_power_off</a> from se_driver.o(i.user_i2c_dev_power_off) referenced 2 times from se_driver.o(.data)
 <LI><a href="#[0]">user_i2c_dev_power_on</a> from se_driver.o(i.user_i2c_dev_power_on) referenced 2 times from se_driver.o(.data)
 <LI><a href="#[2]">user_i2c_init</a> from se_driver.o(i.user_i2c_init) referenced 2 times from se_driver.o(.data)
 <LI><a href="#[6]">user_i2c_recv_char</a> from se_driver.o(i.user_i2c_recv_char) referenced 2 times from se_driver.o(.data)
 <LI><a href="#[7]">user_i2c_send_addr</a> from se_driver.o(i.user_i2c_send_addr) referenced 2 times from se_driver.o(.data)
 <LI><a href="#[5]">user_i2c_send_char</a> from se_driver.o(i.user_i2c_send_char) referenced 2 times from se_driver.o(.data)
 <LI><a href="#[3]">user_i2c_start</a> from se_driver.o(i.user_i2c_start) referenced 2 times from se_driver.o(.data)
 <LI><a href="#[4]">user_i2c_stop</a> from se_driver.o(i.user_i2c_stop) referenced 2 times from se_driver.o(.data)
 <LI><a href="#[92]">wmap</a> from nrf_fstorage_sd.o(i.wmap) referenced from nrf_fstorage_sd.o(.constdata)
 <LI><a href="#[8f]">write</a> from nrf_fstorage_sd.o(i.write) referenced from nrf_fstorage_sd.o(.constdata)
</UL>
<P>
<H3>
Global Symbols
</H3>
<P><STRONG><a name="[40]"></a>__main</STRONG> (Thumb, 0 bytes, Stack size unknown bytes, entry.o(.ARM.Collect$$$$00000000))
<BR>[Address Reference Count : 1]<UL><LI> arm_startup_nrf52.o(.text)
</UL>
<P><STRONG><a name="[493]"></a>_main_stk</STRONG> (Thumb, 0 bytes, Stack size unknown bytes, entry2.o(.ARM.Collect$$$$00000001))

<P><STRONG><a name="[a4]"></a>_main_scatterload</STRONG> (Thumb, 0 bytes, Stack size unknown bytes, entry5.o(.ARM.Collect$$$$00000004))
<BR><BR>[Calls]<UL><LI><a href="#[a5]">&gt;&gt;</a>&nbsp;&nbsp;&nbsp;__scatterload
</UL>

<P><STRONG><a name="[b7]"></a>__main_after_scatterload</STRONG> (Thumb, 0 bytes, Stack size unknown bytes, entry5.o(.ARM.Collect$$$$00000004))
<BR><BR>[Called By]<UL><LI><a href="#[a5]">&gt;&gt;</a>&nbsp;&nbsp;&nbsp;__scatterload
</UL>

<P><STRONG><a name="[494]"></a>_main_clock</STRONG> (Thumb, 0 bytes, Stack size unknown bytes, entry7b.o(.ARM.Collect$$$$00000008))

<P><STRONG><a name="[495]"></a>_main_cpp_init</STRONG> (Thumb, 0 bytes, Stack size unknown bytes, entry8b.o(.ARM.Collect$$$$0000000A))

<P><STRONG><a name="[496]"></a>_main_init</STRONG> (Thumb, 0 bytes, Stack size unknown bytes, entry9a.o(.ARM.Collect$$$$0000000B))

<P><STRONG><a name="[497]"></a>__rt_lib_shutdown_fini</STRONG> (Thumb, 0 bytes, Stack size unknown bytes, entry12b.o(.ARM.Collect$$$$0000000E))

<P><STRONG><a name="[498]"></a>__rt_final_cpp</STRONG> (Thumb, 0 bytes, Stack size unknown bytes, entry10a.o(.ARM.Collect$$$$0000000F))

<P><STRONG><a name="[499]"></a>__rt_final_exit</STRONG> (Thumb, 0 bytes, Stack size unknown bytes, entry11a.o(.ARM.Collect$$$$00000011))

<P><STRONG><a name="[409]"></a>__asm___12_nrf_atfifo_c_51f461e1__nrf_atfifo_wspace_req</STRONG> (Thumb, 56 bytes, Stack size 0 bytes, nrf_atfifo.o(.emb_text))
<BR><BR>[Called By]<UL><LI><a href="#[3cb]">&gt;&gt;</a>&nbsp;&nbsp;&nbsp;nrf_atfifo_item_alloc
</UL>

<P><STRONG><a name="[a6]"></a>__asm___12_nrf_atfifo_c_51f461e1__nrf_atfifo_wspace_close</STRONG> (Thumb, 18 bytes, Stack size 0 bytes, nrf_atfifo.o(.emb_text))
<BR><BR>[Calls]<UL><LI><a href="#[a6]">&gt;&gt;</a>&nbsp;&nbsp;&nbsp;__asm___12_nrf_atfifo_c_51f461e1__nrf_atfifo_wspace_close
</UL>
<BR>[Called By]<UL><LI><a href="#[a6]">&gt;&gt;</a>&nbsp;&nbsp;&nbsp;__asm___12_nrf_atfifo_c_51f461e1__nrf_atfifo_wspace_close
<LI><a href="#[3cc]">&gt;&gt;</a>&nbsp;&nbsp;&nbsp;nrf_atfifo_item_put
</UL>

<P><STRONG><a name="[40c]"></a>__asm___12_nrf_atfifo_c_51f461e1__nrf_atfifo_rspace_req</STRONG> (Thumb, 58 bytes, Stack size 0 bytes, nrf_atfifo.o(.emb_text))
<BR><BR>[Called By]<UL><LI><a href="#[40b]">&gt;&gt;</a>&nbsp;&nbsp;&nbsp;nrf_atfifo_item_get
</UL>

<P><STRONG><a name="[a7]"></a>__asm___12_nrf_atfifo_c_51f461e1__nrf_atfifo_rspace_close</STRONG> (Thumb, 18 bytes, Stack size 0 bytes, nrf_atfifo.o(.emb_text))
<BR><BR>[Calls]<UL><LI><a href="#[a7]">&gt;&gt;</a>&nbsp;&nbsp;&nbsp;__asm___12_nrf_atfifo_c_51f461e1__nrf_atfifo_rspace_close
</UL>
<BR>[Called By]<UL><LI><a href="#[a7]">&gt;&gt;</a>&nbsp;&nbsp;&nbsp;__asm___12_nrf_atfifo_c_51f461e1__nrf_atfifo_rspace_close
<LI><a href="#[40a]">&gt;&gt;</a>&nbsp;&nbsp;&nbsp;nrf_atfifo_item_free
</UL>

<P><STRONG><a name="[408]"></a>__asm___12_nrf_atfifo_c_51f461e1__nrf_atfifo_space_clear</STRONG> (Thumb, 50 bytes, Stack size 0 bytes, nrf_atfifo.o(.emb_text))
<BR><BR>[Called By]<UL><LI><a href="#[407]">&gt;&gt;</a>&nbsp;&nbsp;&nbsp;nrf_atfifo_clear
</UL>

<P><STRONG><a name="[49a]"></a>__asm___12_nrf_atomic_c_85ca2469__nrf_atomic_internal_mov</STRONG> (Thumb, 24 bytes, Stack size 0 bytes, nrf_atomic.o(.emb_text), UNUSED)

<P><STRONG><a name="[411]"></a>__asm___12_nrf_atomic_c_85ca2469__nrf_atomic_internal_orr</STRONG> (Thumb, 26 bytes, Stack size 0 bytes, nrf_atomic.o(.emb_text))
<BR><BR>[Called By]<UL><LI><a href="#[40e]">&gt;&gt;</a>&nbsp;&nbsp;&nbsp;nrf_atomic_u32_or
<LI><a href="#[40f]">&gt;&gt;</a>&nbsp;&nbsp;&nbsp;nrf_atomic_u32_fetch_or
</UL>

<P><STRONG><a name="[410]"></a>__asm___12_nrf_atomic_c_85ca2469__nrf_atomic_internal_and</STRONG> (Thumb, 26 bytes, Stack size 0 bytes, nrf_atomic.o(.emb_text))
<BR><BR>[Called By]<UL><LI><a href="#[40d]">&gt;&gt;</a>&nbsp;&nbsp;&nbsp;nrf_atomic_u32_and
</UL>

<P><STRONG><a name="[49b]"></a>__asm___12_nrf_atomic_c_85ca2469__nrf_atomic_internal_eor</STRONG> (Thumb, 26 bytes, Stack size 0 bytes, nrf_atomic.o(.emb_text), UNUSED)

<P><STRONG><a name="[49c]"></a>__asm___12_nrf_atomic_c_85ca2469__nrf_atomic_internal_add</STRONG> (Thumb, 26 bytes, Stack size 0 bytes, nrf_atomic.o(.emb_text), UNUSED)

<P><STRONG><a name="[49d]"></a>__asm___12_nrf_atomic_c_85ca2469__nrf_atomic_internal_sub</STRONG> (Thumb, 26 bytes, Stack size 0 bytes, nrf_atomic.o(.emb_text), UNUSED)

<P><STRONG><a name="[49e]"></a>__asm___12_nrf_atomic_c_85ca2469__nrf_atomic_internal_cmp_exch</STRONG> (Thumb, 42 bytes, Stack size 0 bytes, nrf_atomic.o(.emb_text), UNUSED)

<P><STRONG><a name="[49f]"></a>__asm___12_nrf_atomic_c_85ca2469__nrf_atomic_internal_sub_hs</STRONG> (Thumb, 30 bytes, Stack size 0 bytes, nrf_atomic.o(.emb_text), UNUSED)

<P><STRONG><a name="[f]"></a>Reset_Handler</STRONG> (Thumb, 8 bytes, Stack size 0 bytes, arm_startup_nrf52.o(.text))
<BR>[Address Reference Count : 1]<UL><LI> arm_startup_nrf52.o(RESET)
</UL>
<P><STRONG><a name="[10]"></a>NMI_Handler</STRONG> (Thumb, 2 bytes, Stack size 0 bytes, arm_startup_nrf52.o(.text))
<BR><BR>[Calls]<UL><LI><a href="#[10]">&gt;&gt;</a>&nbsp;&nbsp;&nbsp;NMI_Handler
</UL>
<BR>[Called By]<UL><LI><a href="#[10]">&gt;&gt;</a>&nbsp;&nbsp;&nbsp;NMI_Handler
</UL>
<BR>[Address Reference Count : 1]<UL><LI> arm_startup_nrf52.o(RESET)
</UL>
<P><STRONG><a name="[11]"></a>HardFault_Handler</STRONG> (Thumb, 2 bytes, Stack size 0 bytes, arm_startup_nrf52.o(.text))
<BR><BR>[Calls]<UL><LI><a href="#[11]">&gt;&gt;</a>&nbsp;&nbsp;&nbsp;HardFault_Handler
</UL>
<BR>[Called By]<UL><LI><a href="#[11]">&gt;&gt;</a>&nbsp;&nbsp;&nbsp;HardFault_Handler
</UL>
<BR>[Address Reference Count : 1]<UL><LI> arm_startup_nrf52.o(RESET)
</UL>
<P><STRONG><a name="[12]"></a>MemoryManagement_Handler</STRONG> (Thumb, 2 bytes, Stack size 0 bytes, arm_startup_nrf52.o(.text))
<BR><BR>[Calls]<UL><LI><a href="#[12]">&gt;&gt;</a>&nbsp;&nbsp;&nbsp;MemoryManagement_Handler
</UL>
<BR>[Called By]<UL><LI><a href="#[12]">&gt;&gt;</a>&nbsp;&nbsp;&nbsp;MemoryManagement_Handler
</UL>
<BR>[Address Reference Count : 1]<UL><LI> arm_startup_nrf52.o(RESET)
</UL>
<P><STRONG><a name="[13]"></a>BusFault_Handler</STRONG> (Thumb, 2 bytes, Stack size 0 bytes, arm_startup_nrf52.o(.text))
<BR><BR>[Calls]<UL><LI><a href="#[13]">&gt;&gt;</a>&nbsp;&nbsp;&nbsp;BusFault_Handler
</UL>
<BR>[Called By]<UL><LI><a href="#[13]">&gt;&gt;</a>&nbsp;&nbsp;&nbsp;BusFault_Handler
</UL>
<BR>[Address Reference Count : 1]<UL><LI> arm_startup_nrf52.o(RESET)
</UL>
<P><STRONG><a name="[14]"></a>UsageFault_Handler</STRONG> (Thumb, 2 bytes, Stack size 0 bytes, arm_startup_nrf52.o(.text))
<BR><BR>[Calls]<UL><LI><a href="#[14]">&gt;&gt;</a>&nbsp;&nbsp;&nbsp;UsageFault_Handler
</UL>
<BR>[Called By]<UL><LI><a href="#[14]">&gt;&gt;</a>&nbsp;&nbsp;&nbsp;UsageFault_Handler
</UL>
<BR>[Address Reference Count : 1]<UL><LI> arm_startup_nrf52.o(RESET)
</UL>
<P><STRONG><a name="[15]"></a>SVC_Handler</STRONG> (Thumb, 2 bytes, Stack size 0 bytes, arm_startup_nrf52.o(.text))
<BR><BR>[Calls]<UL><LI><a href="#[15]">&gt;&gt;</a>&nbsp;&nbsp;&nbsp;SVC_Handler
</UL>
<BR>[Called By]<UL><LI><a href="#[15]">&gt;&gt;</a>&nbsp;&nbsp;&nbsp;SVC_Handler
</UL>
<BR>[Address Reference Count : 1]<UL><LI> arm_startup_nrf52.o(RESET)
</UL>
<P><STRONG><a name="[16]"></a>DebugMon_Handler</STRONG> (Thumb, 2 bytes, Stack size 0 bytes, arm_startup_nrf52.o(.text))
<BR><BR>[Calls]<UL><LI><a href="#[16]">&gt;&gt;</a>&nbsp;&nbsp;&nbsp;DebugMon_Handler
</UL>
<BR>[Called By]<UL><LI><a href="#[16]">&gt;&gt;</a>&nbsp;&nbsp;&nbsp;DebugMon_Handler
</UL>
<BR>[Address Reference Count : 1]<UL><LI> arm_startup_nrf52.o(RESET)
</UL>
<P><STRONG><a name="[17]"></a>PendSV_Handler</STRONG> (Thumb, 2 bytes, Stack size 0 bytes, arm_startup_nrf52.o(.text))
<BR><BR>[Calls]<UL><LI><a href="#[17]">&gt;&gt;</a>&nbsp;&nbsp;&nbsp;PendSV_Handler
</UL>
<BR>[Called By]<UL><LI><a href="#[17]">&gt;&gt;</a>&nbsp;&nbsp;&nbsp;PendSV_Handler
</UL>
<BR>[Address Reference Count : 1]<UL><LI> arm_startup_nrf52.o(RESET)
</UL>
<P><STRONG><a name="[18]"></a>SysTick_Handler</STRONG> (Thumb, 2 bytes, Stack size 0 bytes, arm_startup_nrf52.o(.text))
<BR><BR>[Calls]<UL><LI><a href="#[18]">&gt;&gt;</a>&nbsp;&nbsp;&nbsp;SysTick_Handler
</UL>
<BR>[Called By]<UL><LI><a href="#[18]">&gt;&gt;</a>&nbsp;&nbsp;&nbsp;SysTick_Handler
</UL>
<BR>[Address Reference Count : 1]<UL><LI> arm_startup_nrf52.o(RESET)
</UL>
<P><STRONG><a name="[28]"></a>CCM_AAR_IRQHandler</STRONG> (Thumb, 0 bytes, Stack size 0 bytes, arm_startup_nrf52.o(.text))
<BR><BR>[Calls]<UL><LI><a href="#[28]">&gt;&gt;</a>&nbsp;&nbsp;&nbsp;CCM_AAR_IRQHandler
</UL>
<BR>[Called By]<UL><LI><a href="#[28]">&gt;&gt;</a>&nbsp;&nbsp;&nbsp;CCM_AAR_IRQHandler
</UL>
<BR>[Address Reference Count : 1]<UL><LI> arm_startup_nrf52.o(RESET)
</UL>
<P><STRONG><a name="[2c]"></a>COMP_LPCOMP_IRQHandler</STRONG> (Thumb, 0 bytes, Stack size 0 bytes, arm_startup_nrf52.o(.text))
<BR>[Address Reference Count : 1]<UL><LI> arm_startup_nrf52.o(RESET)
</UL>
<P><STRONG><a name="[27]"></a>ECB_IRQHandler</STRONG> (Thumb, 0 bytes, Stack size 0 bytes, arm_startup_nrf52.o(.text))
<BR>[Address Reference Count : 1]<UL><LI> arm_startup_nrf52.o(RESET)
</UL>
<P><STRONG><a name="[3d]"></a>FPU_IRQHandler</STRONG> (Thumb, 0 bytes, Stack size 0 bytes, arm_startup_nrf52.o(.text))
<BR>[Address Reference Count : 1]<UL><LI> arm_startup_nrf52.o(RESET)
</UL>
<P><STRONG><a name="[3c]"></a>I2S_IRQHandler</STRONG> (Thumb, 0 bytes, Stack size 0 bytes, arm_startup_nrf52.o(.text))
<BR>[Address Reference Count : 1]<UL><LI> arm_startup_nrf52.o(RESET)
</UL>
<P><STRONG><a name="[37]"></a>MWU_IRQHandler</STRONG> (Thumb, 0 bytes, Stack size 0 bytes, arm_startup_nrf52.o(.text))
<BR>[Address Reference Count : 1]<UL><LI> arm_startup_nrf52.o(RESET)
</UL>
<P><STRONG><a name="[1e]"></a>NFCT_IRQHandler</STRONG> (Thumb, 0 bytes, Stack size 0 bytes, arm_startup_nrf52.o(.text))
<BR>[Address Reference Count : 1]<UL><LI> arm_startup_nrf52.o(RESET)
</UL>
<P><STRONG><a name="[36]"></a>PDM_IRQHandler</STRONG> (Thumb, 0 bytes, Stack size 0 bytes, arm_startup_nrf52.o(.text))
<BR>[Address Reference Count : 1]<UL><LI> arm_startup_nrf52.o(RESET)
</UL>
<P><STRONG><a name="[35]"></a>PWM0_IRQHandler</STRONG> (Thumb, 0 bytes, Stack size 0 bytes, arm_startup_nrf52.o(.text))
<BR>[Address Reference Count : 1]<UL><LI> arm_startup_nrf52.o(RESET)
</UL>
<P><STRONG><a name="[38]"></a>PWM1_IRQHandler</STRONG> (Thumb, 0 bytes, Stack size 0 bytes, arm_startup_nrf52.o(.text))
<BR>[Address Reference Count : 1]<UL><LI> arm_startup_nrf52.o(RESET)
</UL>
<P><STRONG><a name="[39]"></a>PWM2_IRQHandler</STRONG> (Thumb, 0 bytes, Stack size 0 bytes, arm_startup_nrf52.o(.text))
<BR>[Address Reference Count : 1]<UL><LI> arm_startup_nrf52.o(RESET)
</UL>
<P><STRONG><a name="[2b]"></a>QDEC_IRQHandler</STRONG> (Thumb, 0 bytes, Stack size 0 bytes, arm_startup_nrf52.o(.text))
<BR>[Address Reference Count : 1]<UL><LI> arm_startup_nrf52.o(RESET)
</UL>
<P><STRONG><a name="[1a]"></a>RADIO_IRQHandler</STRONG> (Thumb, 0 bytes, Stack size 0 bytes, arm_startup_nrf52.o(.text))
<BR>[Address Reference Count : 1]<UL><LI> arm_startup_nrf52.o(RESET)
</UL>
<P><STRONG><a name="[24]"></a>RTC0_IRQHandler</STRONG> (Thumb, 0 bytes, Stack size 0 bytes, arm_startup_nrf52.o(.text))
<BR>[Address Reference Count : 1]<UL><LI> arm_startup_nrf52.o(RESET)
</UL>
<P><STRONG><a name="[3b]"></a>RTC2_IRQHandler</STRONG> (Thumb, 0 bytes, Stack size 0 bytes, arm_startup_nrf52.o(.text))
<BR>[Address Reference Count : 1]<UL><LI> arm_startup_nrf52.o(RESET)
</UL>
<P><STRONG><a name="[1c]"></a>SPIM0_SPIS0_TWIM0_TWIS0_SPI0_TWI0_IRQHandler</STRONG> (Thumb, 0 bytes, Stack size 0 bytes, arm_startup_nrf52.o(.text))
<BR>[Address Reference Count : 1]<UL><LI> arm_startup_nrf52.o(RESET)
</UL>
<P><STRONG><a name="[1d]"></a>SPIM1_SPIS1_TWIM1_TWIS1_SPI1_TWI1_IRQHandler</STRONG> (Thumb, 0 bytes, Stack size 0 bytes, arm_startup_nrf52.o(.text))
<BR>[Address Reference Count : 1]<UL><LI> arm_startup_nrf52.o(RESET)
</UL>
<P><STRONG><a name="[3a]"></a>SPIM2_SPIS2_SPI2_IRQHandler</STRONG> (Thumb, 0 bytes, Stack size 0 bytes, arm_startup_nrf52.o(.text))
<BR>[Address Reference Count : 1]<UL><LI> arm_startup_nrf52.o(RESET)
</UL>
<P><STRONG><a name="[2e]"></a>SWI1_EGU1_IRQHandler</STRONG> (Thumb, 0 bytes, Stack size 0 bytes, arm_startup_nrf52.o(.text))
<BR>[Address Reference Count : 1]<UL><LI> arm_startup_nrf52.o(RESET)
</UL>
<P><STRONG><a name="[30]"></a>SWI3_EGU3_IRQHandler</STRONG> (Thumb, 0 bytes, Stack size 0 bytes, arm_startup_nrf52.o(.text))
<BR>[Address Reference Count : 1]<UL><LI> arm_startup_nrf52.o(RESET)
</UL>
<P><STRONG><a name="[31]"></a>SWI4_EGU4_IRQHandler</STRONG> (Thumb, 0 bytes, Stack size 0 bytes, arm_startup_nrf52.o(.text))
<BR>[Address Reference Count : 1]<UL><LI> arm_startup_nrf52.o(RESET)
</UL>
<P><STRONG><a name="[32]"></a>SWI5_EGU5_IRQHandler</STRONG> (Thumb, 0 bytes, Stack size 0 bytes, arm_startup_nrf52.o(.text))
<BR>[Address Reference Count : 1]<UL><LI> arm_startup_nrf52.o(RESET)
</UL>
<P><STRONG><a name="[25]"></a>TEMP_IRQHandler</STRONG> (Thumb, 0 bytes, Stack size 0 bytes, arm_startup_nrf52.o(.text))
<BR>[Address Reference Count : 1]<UL><LI> arm_startup_nrf52.o(RESET)
</UL>
<P><STRONG><a name="[21]"></a>TIMER0_IRQHandler</STRONG> (Thumb, 0 bytes, Stack size 0 bytes, arm_startup_nrf52.o(.text))
<BR>[Address Reference Count : 1]<UL><LI> arm_startup_nrf52.o(RESET)
</UL>
<P><STRONG><a name="[23]"></a>TIMER2_IRQHandler</STRONG> (Thumb, 0 bytes, Stack size 0 bytes, arm_startup_nrf52.o(.text))
<BR>[Address Reference Count : 1]<UL><LI> arm_startup_nrf52.o(RESET)
</UL>
<P><STRONG><a name="[33]"></a>TIMER3_IRQHandler</STRONG> (Thumb, 0 bytes, Stack size 0 bytes, arm_startup_nrf52.o(.text))
<BR>[Address Reference Count : 1]<UL><LI> arm_startup_nrf52.o(RESET)
</UL>
<P><STRONG><a name="[34]"></a>TIMER4_IRQHandler</STRONG> (Thumb, 0 bytes, Stack size 0 bytes, arm_startup_nrf52.o(.text))
<BR>[Address Reference Count : 1]<UL><LI> arm_startup_nrf52.o(RESET)
</UL>
<P><STRONG><a name="[29]"></a>WDT_IRQHandler</STRONG> (Thumb, 0 bytes, Stack size 0 bytes, arm_startup_nrf52.o(.text))
<BR>[Address Reference Count : 1]<UL><LI> arm_startup_nrf52.o(RESET)
</UL>
<P><STRONG><a name="[ad]"></a>__aeabi_llsl</STRONG> (Thumb, 30 bytes, Stack size 0 bytes, llshl.o(.text), UNUSED)
<BR><BR>[Called By]<UL><LI><a href="#[b0]">&gt;&gt;</a>&nbsp;&nbsp;&nbsp;_double_epilogue
<LI><a href="#[ab]">&gt;&gt;</a>&nbsp;&nbsp;&nbsp;__aeabi_uldivmod
<LI><a href="#[ae]">&gt;&gt;</a>&nbsp;&nbsp;&nbsp;__aeabi_dadd
<LI><a href="#[b6]">&gt;&gt;</a>&nbsp;&nbsp;&nbsp;__aeabi_d2ulz
</UL>

<P><STRONG><a name="[4a0]"></a>_ll_shift_l</STRONG> (Thumb, 0 bytes, Stack size 0 bytes, llshl.o(.text), UNUSED)

<P><STRONG><a name="[4a1]"></a>___aeabi_memcpy8$move</STRONG> (Thumb, 0 bytes, Stack size 8 bytes, memmovea.o(.text), UNUSED)

<P><STRONG><a name="[d5]"></a>__aeabi_memcpy</STRONG> (Thumb, 64 bytes, Stack size 8 bytes, memmovea.o(.text))
<BR><BR>[Stack]<UL><LI>Max Depth = 8<LI>Call Chain = __aeabi_memcpy
</UL>
<BR>[Called By]<UL><LI><a href="#[d2]">&gt;&gt;</a>&nbsp;&nbsp;&nbsp;APP_FINGER_Operate
<LI><a href="#[ee]">&gt;&gt;</a>&nbsp;&nbsp;&nbsp;ble_tx_event_handle
<LI><a href="#[1b7]">&gt;&gt;</a>&nbsp;&nbsp;&nbsp;SmartKeyWriteId
<LI><a href="#[fd]">&gt;&gt;</a>&nbsp;&nbsp;&nbsp;CAM_SendCommandStart
<LI><a href="#[104]">&gt;&gt;</a>&nbsp;&nbsp;&nbsp;CAM_GetCameraData
<LI><a href="#[102]">&gt;&gt;</a>&nbsp;&nbsp;&nbsp;App_WIFI_CommomTx
<LI><a href="#[1b3]">&gt;&gt;</a>&nbsp;&nbsp;&nbsp;BLEParse
<LI><a href="#[1c4]">&gt;&gt;</a>&nbsp;&nbsp;&nbsp;id2_client_get_id
<LI><a href="#[1c3]">&gt;&gt;</a>&nbsp;&nbsp;&nbsp;id2_client_decrypt
<LI><a href="#[ea]">&gt;&gt;</a>&nbsp;&nbsp;&nbsp;AppBleRespondData
<LI><a href="#[be]">&gt;&gt;</a>&nbsp;&nbsp;&nbsp;BleID2CasePro
<LI><a href="#[d1]">&gt;&gt;</a>&nbsp;&nbsp;&nbsp;FINGER_Init
<LI><a href="#[356]">&gt;&gt;</a>&nbsp;&nbsp;&nbsp;app_finger_ack_ok
<LI><a href="#[1cf]">&gt;&gt;</a>&nbsp;&nbsp;&nbsp;CAM_SendCommand
<LI><a href="#[273]">&gt;&gt;</a>&nbsp;&nbsp;&nbsp;finger_uart_tx
<LI><a href="#[59]">&gt;&gt;</a>&nbsp;&nbsp;&nbsp;nus_data_handler
<LI><a href="#[3fa]">&gt;&gt;</a>&nbsp;&nbsp;&nbsp;irot_hal_sym_crypto
<LI><a href="#[3f6]">&gt;&gt;</a>&nbsp;&nbsp;&nbsp;irot_hal_get_id2
<LI><a href="#[3e2]">&gt;&gt;</a>&nbsp;&nbsp;&nbsp;irot_hal_hash_sum
<LI><a href="#[394]">&gt;&gt;</a>&nbsp;&nbsp;&nbsp;service_data_encode
<LI><a href="#[393]">&gt;&gt;</a>&nbsp;&nbsp;&nbsp;manuf_specific_data_encode
<LI><a href="#[3f8]">&gt;&gt;</a>&nbsp;&nbsp;&nbsp;select_application
<LI><a href="#[3e4]">&gt;&gt;</a>&nbsp;&nbsp;&nbsp;impl_sha256_update
<LI><a href="#[437]">&gt;&gt;</a>&nbsp;&nbsp;&nbsp;nrf_queue_push
<LI><a href="#[8e]">&gt;&gt;</a>&nbsp;&nbsp;&nbsp;read
<LI><a href="#[2cf]">&gt;&gt;</a>&nbsp;&nbsp;&nbsp;_WriteNoCheck
<LI><a href="#[2d0]">&gt;&gt;</a>&nbsp;&nbsp;&nbsp;_WriteBlocking
<LI><a href="#[439]">&gt;&gt;</a>&nbsp;&nbsp;&nbsp;queue_read
</UL>

<P><STRONG><a name="[c7]"></a>__aeabi_memcpy4</STRONG> (Thumb, 0 bytes, Stack size 8 bytes, memmovea.o(.text))
<BR><BR>[Stack]<UL><LI>Max Depth = 8<LI>Call Chain = __aeabi_memcpy4
</UL>
<BR>[Called By]<UL><LI><a href="#[15b]">&gt;&gt;</a>&nbsp;&nbsp;&nbsp;SystemSelfCheck
<LI><a href="#[f8]">&gt;&gt;</a>&nbsp;&nbsp;&nbsp;SystemParaBackFactoryIntoFlash
<LI><a href="#[c6]">&gt;&gt;</a>&nbsp;&nbsp;&nbsp;APP_FINGER_CfgWrite
<LI><a href="#[bf]">&gt;&gt;</a>&nbsp;&nbsp;&nbsp;BleFingerCasePro
<LI><a href="#[1b3]">&gt;&gt;</a>&nbsp;&nbsp;&nbsp;BLEParse
<LI><a href="#[f0]">&gt;&gt;</a>&nbsp;&nbsp;&nbsp;App_BleDelFingerPro
<LI><a href="#[18e]">&gt;&gt;</a>&nbsp;&nbsp;&nbsp;App_PWD_QueryPwdByStringFromEeprom
<LI><a href="#[18c]">&gt;&gt;</a>&nbsp;&nbsp;&nbsp;App_PWD_QueryByIdFromEeprom
<LI><a href="#[18d]">&gt;&gt;</a>&nbsp;&nbsp;&nbsp;App_PWD_ExchangePwdMegIntoEeprom
<LI><a href="#[be]">&gt;&gt;</a>&nbsp;&nbsp;&nbsp;BleID2CasePro
<LI><a href="#[362]">&gt;&gt;</a>&nbsp;&nbsp;&nbsp;app_finger_cfg_write_null
<LI><a href="#[13d]">&gt;&gt;</a>&nbsp;&nbsp;&nbsp;App_GUI_FingerCheck
<LI><a href="#[67]">&gt;&gt;</a>&nbsp;&nbsp;&nbsp;App_GUI_DelFingerMenu
<LI><a href="#[88]">&gt;&gt;</a>&nbsp;&nbsp;&nbsp;App_GUI_AginTestMenu
<LI><a href="#[66]">&gt;&gt;</a>&nbsp;&nbsp;&nbsp;App_GUI_AddGuestFingerMenu
<LI><a href="#[65]">&gt;&gt;</a>&nbsp;&nbsp;&nbsp;App_GUI_AddAdminFingerMenu
<LI><a href="#[3a3]">&gt;&gt;</a>&nbsp;&nbsp;&nbsp;ble_conn_params_init
<LI><a href="#[333]">&gt;&gt;</a>&nbsp;&nbsp;&nbsp;ble_advertising_init
<LI><a href="#[2b8]">&gt;&gt;</a>&nbsp;&nbsp;&nbsp;Math_Bytes2String
<LI><a href="#[264]">&gt;&gt;</a>&nbsp;&nbsp;&nbsp;app_uart_init
<LI><a href="#[26d]">&gt;&gt;</a>&nbsp;&nbsp;&nbsp;my_base64_decode
<LI><a href="#[3c7]">&gt;&gt;</a>&nbsp;&nbsp;&nbsp;conn_handle_list_get
<LI><a href="#[3ab]">&gt;&gt;</a>&nbsp;&nbsp;&nbsp;record_purge_disconnected
<LI><a href="#[378]">&gt;&gt;</a>&nbsp;&nbsp;&nbsp;nrf_drv_uart_init
</UL>

<P><STRONG><a name="[4a2]"></a>__aeabi_memmove</STRONG> (Thumb, 0 bytes, Stack size 8 bytes, memmovea.o(.text), UNUSED)

<P><STRONG><a name="[4a3]"></a>__aeabi_memmove4</STRONG> (Thumb, 0 bytes, Stack size 8 bytes, memmovea.o(.text), UNUSED)

<P><STRONG><a name="[4a4]"></a>__aeabi_memmove8</STRONG> (Thumb, 0 bytes, Stack size 8 bytes, memmovea.o(.text), UNUSED)

<P><STRONG><a name="[a9]"></a>__aeabi_memset</STRONG> (Thumb, 14 bytes, Stack size 0 bytes, memseta.o(.text))
<BR><BR>[Called By]<UL><LI><a href="#[b8]">&gt;&gt;</a>&nbsp;&nbsp;&nbsp;APP_BleDelPhone
<LI><a href="#[362]">&gt;&gt;</a>&nbsp;&nbsp;&nbsp;app_finger_cfg_write_null
<LI><a href="#[aa]">&gt;&gt;</a>&nbsp;&nbsp;&nbsp;_memset$wrapper
<LI><a href="#[a8]">&gt;&gt;</a>&nbsp;&nbsp;&nbsp;__aeabi_memclr
</UL>

<P><STRONG><a name="[4a5]"></a>__aeabi_memset4</STRONG> (Thumb, 0 bytes, Stack size 0 bytes, memseta.o(.text), UNUSED)

<P><STRONG><a name="[4a6]"></a>__aeabi_memset8</STRONG> (Thumb, 0 bytes, Stack size 0 bytes, memseta.o(.text), UNUSED)

<P><STRONG><a name="[a8]"></a>__aeabi_memclr</STRONG> (Thumb, 4 bytes, Stack size 0 bytes, memseta.o(.text))
<BR><BR>[Calls]<UL><LI><a href="#[a9]">&gt;&gt;</a>&nbsp;&nbsp;&nbsp;__aeabi_memset
</UL>
<BR>[Called By]<UL><LI><a href="#[e1]">&gt;&gt;</a>&nbsp;&nbsp;&nbsp;APP_ID2HWSleep
<LI><a href="#[fd]">&gt;&gt;</a>&nbsp;&nbsp;&nbsp;CAM_SendCommandStart
<LI><a href="#[e6]">&gt;&gt;</a>&nbsp;&nbsp;&nbsp;id2_client_init
<LI><a href="#[ea]">&gt;&gt;</a>&nbsp;&nbsp;&nbsp;AppBleRespondData
<LI><a href="#[e3]">&gt;&gt;</a>&nbsp;&nbsp;&nbsp;APP_ID2Init
<LI><a href="#[d1]">&gt;&gt;</a>&nbsp;&nbsp;&nbsp;FINGER_Init
<LI><a href="#[d0]">&gt;&gt;</a>&nbsp;&nbsp;&nbsp;app_finger_reset_flag
<LI><a href="#[1d3]">&gt;&gt;</a>&nbsp;&nbsp;&nbsp;cam_reset_queue_data
<LI><a href="#[3be]">&gt;&gt;</a>&nbsp;&nbsp;&nbsp;cam_clear_queue
<LI><a href="#[273]">&gt;&gt;</a>&nbsp;&nbsp;&nbsp;finger_uart_tx
<LI><a href="#[3d1]">&gt;&gt;</a>&nbsp;&nbsp;&nbsp;finger_uart_rx_handler
<LI><a href="#[274]">&gt;&gt;</a>&nbsp;&nbsp;&nbsp;finger_uart_rx
<LI><a href="#[270]">&gt;&gt;</a>&nbsp;&nbsp;&nbsp;finger_pack_start
<LI><a href="#[271]">&gt;&gt;</a>&nbsp;&nbsp;&nbsp;FINGER_Poweroff
<LI><a href="#[31c]">&gt;&gt;</a>&nbsp;&nbsp;&nbsp;_id2_gen_auth_code
<LI><a href="#[352]">&gt;&gt;</a>&nbsp;&nbsp;&nbsp;se_transmit
</UL>

<P><STRONG><a name="[ec]"></a>__aeabi_memclr4</STRONG> (Thumb, 0 bytes, Stack size 0 bytes, memseta.o(.text))
<BR><BR>[Called By]<UL><LI><a href="#[2f8]">&gt;&gt;</a>&nbsp;&nbsp;&nbsp;SystemInitFlash
<LI><a href="#[2e1]">&gt;&gt;</a>&nbsp;&nbsp;&nbsp;SmartKeyDeleteClear
<LI><a href="#[185]">&gt;&gt;</a>&nbsp;&nbsp;&nbsp;App_PWD_ClearAllSosPwdsFromEeprom
<LI><a href="#[183]">&gt;&gt;</a>&nbsp;&nbsp;&nbsp;App_PWD_ClearAllPwdMegFromEeprom
<LI><a href="#[f8]">&gt;&gt;</a>&nbsp;&nbsp;&nbsp;SystemParaBackFactoryIntoFlash
<LI><a href="#[1b9]">&gt;&gt;</a>&nbsp;&nbsp;&nbsp;SmartkeyCheckRegId
<LI><a href="#[102]">&gt;&gt;</a>&nbsp;&nbsp;&nbsp;App_WIFI_CommomTx
<LI><a href="#[bf]">&gt;&gt;</a>&nbsp;&nbsp;&nbsp;BleFingerCasePro
<LI><a href="#[1b3]">&gt;&gt;</a>&nbsp;&nbsp;&nbsp;BLEParse
<LI><a href="#[f0]">&gt;&gt;</a>&nbsp;&nbsp;&nbsp;App_BleDelFingerPro
<LI><a href="#[18e]">&gt;&gt;</a>&nbsp;&nbsp;&nbsp;App_PWD_QueryPwdByStringFromEeprom
<LI><a href="#[18c]">&gt;&gt;</a>&nbsp;&nbsp;&nbsp;App_PWD_QueryByIdFromEeprom
<LI><a href="#[18d]">&gt;&gt;</a>&nbsp;&nbsp;&nbsp;App_PWD_ExchangePwdMegIntoEeprom
<LI><a href="#[18b]">&gt;&gt;</a>&nbsp;&nbsp;&nbsp;App_PWD_DelPwdIdFromEeprom
<LI><a href="#[192]">&gt;&gt;</a>&nbsp;&nbsp;&nbsp;App_PWD_SearchEmptyPwdEepromAddr
<LI><a href="#[ea]">&gt;&gt;</a>&nbsp;&nbsp;&nbsp;AppBleRespondData
<LI><a href="#[be]">&gt;&gt;</a>&nbsp;&nbsp;&nbsp;BleID2CasePro
<LI><a href="#[e7]">&gt;&gt;</a>&nbsp;&nbsp;&nbsp;ble_module_update_data_rec
<LI><a href="#[363]">&gt;&gt;</a>&nbsp;&nbsp;&nbsp;app_finger_check_access
<LI><a href="#[362]">&gt;&gt;</a>&nbsp;&nbsp;&nbsp;app_finger_cfg_write_null
<LI><a href="#[c8]">&gt;&gt;</a>&nbsp;&nbsp;&nbsp;app_finger_cfg_write
<LI><a href="#[361]">&gt;&gt;</a>&nbsp;&nbsp;&nbsp;app_finger_cfg_reset_common
<LI><a href="#[360]">&gt;&gt;</a>&nbsp;&nbsp;&nbsp;app_finger_cfg_reset
<LI><a href="#[ca]">&gt;&gt;</a>&nbsp;&nbsp;&nbsp;app_finger_cfg_get_registid
<LI><a href="#[c3]">&gt;&gt;</a>&nbsp;&nbsp;&nbsp;app_finger_cfg_get_nullnum
<LI><a href="#[157]">&gt;&gt;</a>&nbsp;&nbsp;&nbsp;App_GUI_PwdCheckAndTouchHandler
<LI><a href="#[5a]">&gt;&gt;</a>&nbsp;&nbsp;&nbsp;App_GUI_MainDeskMenu
<LI><a href="#[67]">&gt;&gt;</a>&nbsp;&nbsp;&nbsp;App_GUI_DelFingerMenu
<LI><a href="#[6a]">&gt;&gt;</a>&nbsp;&nbsp;&nbsp;App_GUI_ChangePwdMenu
<LI><a href="#[88]">&gt;&gt;</a>&nbsp;&nbsp;&nbsp;App_GUI_AginTestMenu
<LI><a href="#[66]">&gt;&gt;</a>&nbsp;&nbsp;&nbsp;App_GUI_AddGuestFingerMenu
<LI><a href="#[65]">&gt;&gt;</a>&nbsp;&nbsp;&nbsp;App_GUI_AddAdminFingerMenu
<LI><a href="#[1e6]">&gt;&gt;</a>&nbsp;&nbsp;&nbsp;DRV_AM5BA340_PlayVoice
<LI><a href="#[263]">&gt;&gt;</a>&nbsp;&nbsp;&nbsp;DRV_Uart_ConfigInit
<LI><a href="#[1f8]">&gt;&gt;</a>&nbsp;&nbsp;&nbsp;ble_advertising_start
<LI><a href="#[1f7]">&gt;&gt;</a>&nbsp;&nbsp;&nbsp;DRV_FifoInit
<LI><a href="#[1f6]">&gt;&gt;</a>&nbsp;&nbsp;&nbsp;conn_params_init
<LI><a href="#[1f5]">&gt;&gt;</a>&nbsp;&nbsp;&nbsp;advertising_init
<LI><a href="#[33b]">&gt;&gt;</a>&nbsp;&nbsp;&nbsp;aes_encrypt
<LI><a href="#[335]">&gt;&gt;</a>&nbsp;&nbsp;&nbsp;aes_decrypt
<LI><a href="#[31c]">&gt;&gt;</a>&nbsp;&nbsp;&nbsp;_id2_gen_auth_code
<LI><a href="#[351]">&gt;&gt;</a>&nbsp;&nbsp;&nbsp;chip_log_hex_dump
<LI><a href="#[3e5]">&gt;&gt;</a>&nbsp;&nbsp;&nbsp;impl_sha256_init
<LI><a href="#[3b4]">&gt;&gt;</a>&nbsp;&nbsp;&nbsp;tx_char_add
<LI><a href="#[3b5]">&gt;&gt;</a>&nbsp;&nbsp;&nbsp;rx_char_add
<LI><a href="#[3b7]">&gt;&gt;</a>&nbsp;&nbsp;&nbsp;on_write
<LI><a href="#[3b8]">&gt;&gt;</a>&nbsp;&nbsp;&nbsp;on_hvx_tx_complete
<LI><a href="#[3b6]">&gt;&gt;</a>&nbsp;&nbsp;&nbsp;on_connect
<LI><a href="#[8f]">&gt;&gt;</a>&nbsp;&nbsp;&nbsp;write
<LI><a href="#[8d]">&gt;&gt;</a>&nbsp;&nbsp;&nbsp;uninit
<LI><a href="#[3ce]">&gt;&gt;</a>&nbsp;&nbsp;&nbsp;event_send
<LI><a href="#[90]">&gt;&gt;</a>&nbsp;&nbsp;&nbsp;erase
</UL>

<P><STRONG><a name="[4a7]"></a>__aeabi_memclr8</STRONG> (Thumb, 0 bytes, Stack size 0 bytes, memseta.o(.text), UNUSED)

<P><STRONG><a name="[aa]"></a>_memset$wrapper</STRONG> (Thumb, 18 bytes, Stack size 8 bytes, memseta.o(.text), UNUSED)
<BR><BR>[Calls]<UL><LI><a href="#[a9]">&gt;&gt;</a>&nbsp;&nbsp;&nbsp;__aeabi_memset
</UL>

<P><STRONG><a name="[3d6]"></a>strcat</STRONG> (Thumb, 24 bytes, Stack size 0 bytes, strcat.o(.text))
<BR><BR>[Called By]<UL><LI><a href="#[1f2]">&gt;&gt;</a>&nbsp;&nbsp;&nbsp;gap_params_init
</UL>

<P><STRONG><a name="[18f]"></a>strstr</STRONG> (Thumb, 36 bytes, Stack size 12 bytes, strstr.o(.text))
<BR><BR>[Stack]<UL><LI>Max Depth = 12<LI>Call Chain = strstr
</UL>
<BR>[Called By]<UL><LI><a href="#[18e]">&gt;&gt;</a>&nbsp;&nbsp;&nbsp;App_PWD_QueryPwdByStringFromEeprom
<LI><a href="#[191]">&gt;&gt;</a>&nbsp;&nbsp;&nbsp;App_PWD_QueryTmpPwdFromEeprom
<LI><a href="#[190]">&gt;&gt;</a>&nbsp;&nbsp;&nbsp;App_PWD_QuerySosPwdFromEeprom
<LI><a href="#[26d]">&gt;&gt;</a>&nbsp;&nbsp;&nbsp;my_base64_decode
</UL>

<P><STRONG><a name="[1c6]"></a>strlen</STRONG> (Thumb, 14 bytes, Stack size 0 bytes, strlen.o(.text))
<BR><BR>[Called By]<UL><LI><a href="#[be]">&gt;&gt;</a>&nbsp;&nbsp;&nbsp;BleID2CasePro
<LI><a href="#[1f2]">&gt;&gt;</a>&nbsp;&nbsp;&nbsp;gap_params_init
<LI><a href="#[31c]">&gt;&gt;</a>&nbsp;&nbsp;&nbsp;_id2_gen_auth_code
</UL>

<P><STRONG><a name="[132]"></a>memcmp</STRONG> (Thumb, 26 bytes, Stack size 12 bytes, memcmp.o(.text))
<BR><BR>[Stack]<UL><LI>Max Depth = 12<LI>Call Chain = memcmp
</UL>
<BR>[Called By]<UL><LI><a href="#[157]">&gt;&gt;</a>&nbsp;&nbsp;&nbsp;App_GUI_PwdCheckAndTouchHandler
<LI><a href="#[6a]">&gt;&gt;</a>&nbsp;&nbsp;&nbsp;App_GUI_ChangePwdMenu
<LI><a href="#[317]">&gt;&gt;</a>&nbsp;&nbsp;&nbsp;_check_km_key_name
</UL>

<P><STRONG><a name="[1bb]"></a>strcpy</STRONG> (Thumb, 18 bytes, Stack size 0 bytes, strcpy.o(.text))
<BR><BR>[Called By]<UL><LI><a href="#[fd]">&gt;&gt;</a>&nbsp;&nbsp;&nbsp;CAM_SendCommandStart
<LI><a href="#[1b3]">&gt;&gt;</a>&nbsp;&nbsp;&nbsp;BLEParse
<LI><a href="#[1f2]">&gt;&gt;</a>&nbsp;&nbsp;&nbsp;gap_params_init
<LI><a href="#[2ca]">&gt;&gt;</a>&nbsp;&nbsp;&nbsp;_DoInit
</UL>

<P><STRONG><a name="[4a8]"></a>__aeabi_uidiv</STRONG> (Thumb, 0 bytes, Stack size 12 bytes, uidiv.o(.text), UNUSED)

<P><STRONG><a name="[32a]"></a>__aeabi_uidivmod</STRONG> (Thumb, 44 bytes, Stack size 12 bytes, uidiv.o(.text), UNUSED)
<BR><BR>[Called By]<UL><LI><a href="#[315]">&gt;&gt;</a>&nbsp;&nbsp;&nbsp;_printf_core
</UL>

<P><STRONG><a name="[ab]"></a>__aeabi_uldivmod</STRONG> (Thumb, 98 bytes, Stack size 40 bytes, uldiv.o(.text), UNUSED)
<BR><BR>[Calls]<UL><LI><a href="#[ac]">&gt;&gt;</a>&nbsp;&nbsp;&nbsp;__aeabi_llsr
<LI><a href="#[ad]">&gt;&gt;</a>&nbsp;&nbsp;&nbsp;__aeabi_llsl
</UL>
<BR>[Called By]<UL><LI><a href="#[315]">&gt;&gt;</a>&nbsp;&nbsp;&nbsp;_printf_core
<LI><a href="#[31a]">&gt;&gt;</a>&nbsp;&nbsp;&nbsp;_fp_digits
</UL>

<P><STRONG><a name="[4a9]"></a>__I$use$fp</STRONG> (Thumb, 0 bytes, Stack size 48 bytes, iusefp.o(.text), UNUSED)

<P><STRONG><a name="[ae]"></a>__aeabi_dadd</STRONG> (Thumb, 322 bytes, Stack size 48 bytes, dadd.o(.text), UNUSED)
<BR><BR>[Calls]<UL><LI><a href="#[af]">&gt;&gt;</a>&nbsp;&nbsp;&nbsp;__aeabi_lasr
<LI><a href="#[b1]">&gt;&gt;</a>&nbsp;&nbsp;&nbsp;_double_round
<LI><a href="#[b0]">&gt;&gt;</a>&nbsp;&nbsp;&nbsp;_double_epilogue
<LI><a href="#[ad]">&gt;&gt;</a>&nbsp;&nbsp;&nbsp;__aeabi_llsl
</UL>
<BR>[Called By]<UL><LI><a href="#[b3]">&gt;&gt;</a>&nbsp;&nbsp;&nbsp;__aeabi_drsub
<LI><a href="#[b2]">&gt;&gt;</a>&nbsp;&nbsp;&nbsp;__aeabi_dsub
<LI><a href="#[31a]">&gt;&gt;</a>&nbsp;&nbsp;&nbsp;_fp_digits
</UL>

<P><STRONG><a name="[b2]"></a>__aeabi_dsub</STRONG> (Thumb, 6 bytes, Stack size 0 bytes, dadd.o(.text), UNUSED)
<BR><BR>[Calls]<UL><LI><a href="#[ae]">&gt;&gt;</a>&nbsp;&nbsp;&nbsp;__aeabi_dadd
</UL>

<P><STRONG><a name="[b3]"></a>__aeabi_drsub</STRONG> (Thumb, 6 bytes, Stack size 0 bytes, dadd.o(.text), UNUSED)
<BR><BR>[Calls]<UL><LI><a href="#[ae]">&gt;&gt;</a>&nbsp;&nbsp;&nbsp;__aeabi_dadd
</UL>

<P><STRONG><a name="[b4]"></a>__aeabi_dmul</STRONG> (Thumb, 228 bytes, Stack size 48 bytes, dmul.o(.text), UNUSED)
<BR><BR>[Calls]<UL><LI><a href="#[b0]">&gt;&gt;</a>&nbsp;&nbsp;&nbsp;_double_epilogue
</UL>
<BR>[Called By]<UL><LI><a href="#[31a]">&gt;&gt;</a>&nbsp;&nbsp;&nbsp;_fp_digits
</UL>

<P><STRONG><a name="[b5]"></a>__aeabi_ddiv</STRONG> (Thumb, 222 bytes, Stack size 32 bytes, ddiv.o(.text), UNUSED)
<BR><BR>[Calls]<UL><LI><a href="#[b1]">&gt;&gt;</a>&nbsp;&nbsp;&nbsp;_double_round
</UL>
<BR>[Called By]<UL><LI><a href="#[31a]">&gt;&gt;</a>&nbsp;&nbsp;&nbsp;_fp_digits
</UL>

<P><STRONG><a name="[b6]"></a>__aeabi_d2ulz</STRONG> (Thumb, 48 bytes, Stack size 0 bytes, dfixul.o(.text), UNUSED)
<BR><BR>[Calls]<UL><LI><a href="#[ac]">&gt;&gt;</a>&nbsp;&nbsp;&nbsp;__aeabi_llsr
<LI><a href="#[ad]">&gt;&gt;</a>&nbsp;&nbsp;&nbsp;__aeabi_llsl
</UL>
<BR>[Called By]<UL><LI><a href="#[31a]">&gt;&gt;</a>&nbsp;&nbsp;&nbsp;_fp_digits
</UL>

<P><STRONG><a name="[31b]"></a>__aeabi_cdrcmple</STRONG> (Thumb, 48 bytes, Stack size 0 bytes, cdrcmple.o(.text), UNUSED)
<BR><BR>[Called By]<UL><LI><a href="#[31a]">&gt;&gt;</a>&nbsp;&nbsp;&nbsp;_fp_digits
</UL>

<P><STRONG><a name="[a5]"></a>__scatterload</STRONG> (Thumb, 28 bytes, Stack size 0 bytes, init.o(.text))
<BR><BR>[Calls]<UL><LI><a href="#[b7]">&gt;&gt;</a>&nbsp;&nbsp;&nbsp;__main_after_scatterload
</UL>
<BR>[Called By]<UL><LI><a href="#[a4]">&gt;&gt;</a>&nbsp;&nbsp;&nbsp;_main_scatterload
</UL>

<P><STRONG><a name="[4aa]"></a>__scatterload_rt2</STRONG> (Thumb, 0 bytes, Stack size 0 bytes, init.o(.text), UNUSED)

<P><STRONG><a name="[ac]"></a>__aeabi_llsr</STRONG> (Thumb, 32 bytes, Stack size 0 bytes, llushr.o(.text), UNUSED)
<BR><BR>[Called By]<UL><LI><a href="#[b0]">&gt;&gt;</a>&nbsp;&nbsp;&nbsp;_double_epilogue
<LI><a href="#[ab]">&gt;&gt;</a>&nbsp;&nbsp;&nbsp;__aeabi_uldivmod
<LI><a href="#[b6]">&gt;&gt;</a>&nbsp;&nbsp;&nbsp;__aeabi_d2ulz
</UL>

<P><STRONG><a name="[4ab]"></a>_ll_ushift_r</STRONG> (Thumb, 0 bytes, Stack size 0 bytes, llushr.o(.text), UNUSED)

<P><STRONG><a name="[af]"></a>__aeabi_lasr</STRONG> (Thumb, 36 bytes, Stack size 0 bytes, llsshr.o(.text), UNUSED)
<BR><BR>[Called By]<UL><LI><a href="#[ae]">&gt;&gt;</a>&nbsp;&nbsp;&nbsp;__aeabi_dadd
</UL>

<P><STRONG><a name="[4ac]"></a>_ll_sshift_r</STRONG> (Thumb, 0 bytes, Stack size 0 bytes, llsshr.o(.text), UNUSED)

<P><STRONG><a name="[b1]"></a>_double_round</STRONG> (Thumb, 30 bytes, Stack size 8 bytes, depilogue.o(.text), UNUSED)
<BR><BR>[Called By]<UL><LI><a href="#[b0]">&gt;&gt;</a>&nbsp;&nbsp;&nbsp;_double_epilogue
<LI><a href="#[b5]">&gt;&gt;</a>&nbsp;&nbsp;&nbsp;__aeabi_ddiv
<LI><a href="#[ae]">&gt;&gt;</a>&nbsp;&nbsp;&nbsp;__aeabi_dadd
</UL>

<P><STRONG><a name="[b0]"></a>_double_epilogue</STRONG> (Thumb, 156 bytes, Stack size 32 bytes, depilogue.o(.text), UNUSED)
<BR><BR>[Calls]<UL><LI><a href="#[ac]">&gt;&gt;</a>&nbsp;&nbsp;&nbsp;__aeabi_llsr
<LI><a href="#[b1]">&gt;&gt;</a>&nbsp;&nbsp;&nbsp;_double_round
<LI><a href="#[ad]">&gt;&gt;</a>&nbsp;&nbsp;&nbsp;__aeabi_llsl
</UL>
<BR>[Called By]<UL><LI><a href="#[b4]">&gt;&gt;</a>&nbsp;&nbsp;&nbsp;__aeabi_dmul
<LI><a href="#[ae]">&gt;&gt;</a>&nbsp;&nbsp;&nbsp;__aeabi_dadd
</UL>

<P><STRONG><a name="[4ad]"></a>__decompress</STRONG> (Thumb, 0 bytes, Stack size unknown bytes, __dczerorl2.o(.text), UNUSED)

<P><STRONG><a name="[4ae]"></a>__decompress1</STRONG> (Thumb, 86 bytes, Stack size unknown bytes, __dczerorl2.o(.text), UNUSED)

<P><STRONG><a name="[b8]"></a>APP_BleDelPhone</STRONG> (Thumb, 26 bytes, Stack size 24 bytes, app_ble.o(i.APP_BleDelPhone))
<BR><BR>[Stack]<UL><LI>Max Depth = 228<LI>Call Chain = APP_BleDelPhone &rArr; HAL_EEPROM_WriteBytes &rArr; DRV_HE24C512_WriteBytes &rArr; DRV_HE24C512_IICSendBytes &rArr; DRV_IICWriteEeprom &rArr; I2C_Start_I2c &rArr; I2C_ResetI2c &rArr; I2C_SendByte &rArr; SDA_OUT_1 &rArr; DRV_GpioInputPullnull &rArr; nrf_gpio_cfg_input &rArr; nrf_gpio_cfg
</UL>
<BR>[Calls]<UL><LI><a href="#[b9]">&gt;&gt;</a>&nbsp;&nbsp;&nbsp;HAL_EEPROM_WriteBytes
<LI><a href="#[a9]">&gt;&gt;</a>&nbsp;&nbsp;&nbsp;__aeabi_memset
</UL>
<BR>[Called By]<UL><LI><a href="#[f8]">&gt;&gt;</a>&nbsp;&nbsp;&nbsp;SystemParaBackFactoryIntoFlash
<LI><a href="#[1b3]">&gt;&gt;</a>&nbsp;&nbsp;&nbsp;BLEParse
</UL>

<P><STRONG><a name="[14b]"></a>APP_BleGetAdminState</STRONG> (Thumb, 8 bytes, Stack size 0 bytes, app_ble.o(i.APP_BleGetAdminState))
<BR><BR>[Called By]<UL><LI><a href="#[77]">&gt;&gt;</a>&nbsp;&nbsp;&nbsp;App_GUI_GotoAppModelMenu
</UL>

<P><STRONG><a name="[ba]"></a>APP_BleInit</STRONG> (Thumb, 18 bytes, Stack size 16 bytes, app_ble.o(i.APP_BleInit))
<BR><BR>[Stack]<UL><LI>Max Depth = 376<LI>Call Chain = APP_BleInit &rArr; DRV_BleInit &rArr; advertising_init &rArr; ble_advertising_init &rArr; ble_advdata_encode &rArr; uuid_list_encode &rArr; uuid_list_sized_encode
</UL>
<BR>[Calls]<UL><LI><a href="#[bb]">&gt;&gt;</a>&nbsp;&nbsp;&nbsp;DRV_BleInit
</UL>
<BR>[Called By]<UL><LI><a href="#[14d]">&gt;&gt;</a>&nbsp;&nbsp;&nbsp;SystemAppBleInit
<LI><a href="#[77]">&gt;&gt;</a>&nbsp;&nbsp;&nbsp;App_GUI_GotoAppModelMenu
</UL>

<P><STRONG><a name="[bc]"></a>APP_BleServerProcess</STRONG> (Thumb, 24 bytes, Stack size 8 bytes, app_ble.o(i.APP_BleServerProcess))
<BR><BR>[Stack]<UL><LI>Max Depth = 2384<LI>Call Chain = APP_BleServerProcess &rArr; BleID2CasePro &rArr; id2_client_get_challenge_auth_code &rArr; _id2_gen_auth_code &rArr; _id2_sign &rArr; _id2_sym_cipher &rArr; km_cipher &rArr; irot_hal_sym_crypto &rArr; select_application &rArr; apdu_transmit_wrap &rArr; chip_log_hex_dump &rArr; ls_osa_snprintf &rArr; vsnprintf
</UL>
<BR>[Calls]<UL><LI><a href="#[bf]">&gt;&gt;</a>&nbsp;&nbsp;&nbsp;BleFingerCasePro
<LI><a href="#[c0]">&gt;&gt;</a>&nbsp;&nbsp;&nbsp;BleFaceCasePro
<LI><a href="#[bd]">&gt;&gt;</a>&nbsp;&nbsp;&nbsp;BLE_GetFifoData
<LI><a href="#[c1]">&gt;&gt;</a>&nbsp;&nbsp;&nbsp;App_BleProHandleThread
<LI><a href="#[be]">&gt;&gt;</a>&nbsp;&nbsp;&nbsp;BleID2CasePro
</UL>
<BR>[Called By]<UL><LI><a href="#[77]">&gt;&gt;</a>&nbsp;&nbsp;&nbsp;App_GUI_GotoAppModelMenu
</UL>

<P><STRONG><a name="[14a]"></a>APP_BleSetAdminState</STRONG> (Thumb, 8 bytes, Stack size 0 bytes, app_ble.o(i.APP_BleSetAdminState))
<BR><BR>[Called By]<UL><LI><a href="#[1b3]">&gt;&gt;</a>&nbsp;&nbsp;&nbsp;BLEParse
<LI><a href="#[77]">&gt;&gt;</a>&nbsp;&nbsp;&nbsp;App_GUI_GotoAppModelMenu
</UL>

<P><STRONG><a name="[c2]"></a>APP_FINGER_CfgGetNullNum</STRONG> (Thumb, 16 bytes, Stack size 16 bytes, app_finger.o(i.APP_FINGER_CfgGetNullNum))
<BR><BR>[Stack]<UL><LI>Max Depth = 284<LI>Call Chain = APP_FINGER_CfgGetNullNum &rArr; app_finger_cfg_get_nullnum &rArr; HAL_EEPROM_ReadBytes &rArr; DRV_HE24C512_ReadBytes &rArr; DRV_HE24C512_IICGetBytes &rArr; DRV_IICReadByteEeprom &rArr; I2C_Start_I2c &rArr; I2C_ResetI2c &rArr; I2C_SendByte &rArr; SDA_OUT_1 &rArr; DRV_GpioInputPullnull &rArr; nrf_gpio_cfg_input &rArr; nrf_gpio_cfg
</UL>
<BR>[Calls]<UL><LI><a href="#[c3]">&gt;&gt;</a>&nbsp;&nbsp;&nbsp;app_finger_cfg_get_nullnum
</UL>
<BR>[Called By]<UL><LI><a href="#[bf]">&gt;&gt;</a>&nbsp;&nbsp;&nbsp;BleFingerCasePro
</UL>

<P><STRONG><a name="[c4]"></a>APP_FINGER_CfgRead</STRONG> (Thumb, 16 bytes, Stack size 16 bytes, app_finger.o(i.APP_FINGER_CfgRead))
<BR><BR>[Stack]<UL><LI>Max Depth = 220<LI>Call Chain = APP_FINGER_CfgRead &rArr; app_finger_cfg_read &rArr; HAL_EEPROM_ReadBytes &rArr; DRV_HE24C512_ReadBytes &rArr; DRV_HE24C512_IICGetBytes &rArr; DRV_IICReadByteEeprom &rArr; I2C_Start_I2c &rArr; I2C_ResetI2c &rArr; I2C_SendByte &rArr; SDA_OUT_1 &rArr; DRV_GpioInputPullnull &rArr; nrf_gpio_cfg_input &rArr; nrf_gpio_cfg
</UL>
<BR>[Calls]<UL><LI><a href="#[c5]">&gt;&gt;</a>&nbsp;&nbsp;&nbsp;app_finger_cfg_read
</UL>
<BR>[Called By]<UL><LI><a href="#[13d]">&gt;&gt;</a>&nbsp;&nbsp;&nbsp;App_GUI_FingerCheck
</UL>

<P><STRONG><a name="[c6]"></a>APP_FINGER_CfgWrite</STRONG> (Thumb, 30 bytes, Stack size 72 bytes, app_finger.o(i.APP_FINGER_CfgWrite))
<BR><BR>[Stack]<UL><LI>Max Depth = 396<LI>Call Chain = APP_FINGER_CfgWrite &rArr; app_finger_cfg_write &rArr; SystemWriteSeting &rArr; HAL_EEPROM_WriteBytes &rArr; DRV_HE24C512_WriteBytes &rArr; DRV_HE24C512_IICSendBytes &rArr; DRV_IICWriteEeprom &rArr; I2C_Start_I2c &rArr; I2C_ResetI2c &rArr; I2C_SendByte &rArr; SDA_OUT_1 &rArr; DRV_GpioInputPullnull &rArr; nrf_gpio_cfg_input &rArr; nrf_gpio_cfg
</UL>
<BR>[Calls]<UL><LI><a href="#[c8]">&gt;&gt;</a>&nbsp;&nbsp;&nbsp;app_finger_cfg_write
<LI><a href="#[c7]">&gt;&gt;</a>&nbsp;&nbsp;&nbsp;__aeabi_memcpy4
</UL>
<BR>[Called By]<UL><LI><a href="#[1b3]">&gt;&gt;</a>&nbsp;&nbsp;&nbsp;BLEParse
</UL>

<P><STRONG><a name="[1c1]"></a>APP_FINGER_GetAddFingerFlow</STRONG> (Thumb, 88 bytes, Stack size 0 bytes, app_finger.o(i.APP_FINGER_GetAddFingerFlow))
<BR><BR>[Called By]<UL><LI><a href="#[bf]">&gt;&gt;</a>&nbsp;&nbsp;&nbsp;BleFingerCasePro
</UL>

<P><STRONG><a name="[c9]"></a>APP_FINGER_GetFingerID</STRONG> (Thumb, 20 bytes, Stack size 16 bytes, app_finger.o(i.APP_FINGER_GetFingerID))
<BR><BR>[Stack]<UL><LI>Max Depth = 292<LI>Call Chain = APP_FINGER_GetFingerID &rArr; app_finger_cfg_get_registid &rArr; HAL_EEPROM_ReadBytes &rArr; DRV_HE24C512_ReadBytes &rArr; DRV_HE24C512_IICGetBytes &rArr; DRV_IICReadByteEeprom &rArr; I2C_Start_I2c &rArr; I2C_ResetI2c &rArr; I2C_SendByte &rArr; SDA_OUT_1 &rArr; DRV_GpioInputPullnull &rArr; nrf_gpio_cfg_input &rArr; nrf_gpio_cfg
</UL>
<BR>[Calls]<UL><LI><a href="#[ca]">&gt;&gt;</a>&nbsp;&nbsp;&nbsp;app_finger_cfg_get_registid
</UL>
<BR>[Called By]<UL><LI><a href="#[bf]">&gt;&gt;</a>&nbsp;&nbsp;&nbsp;BleFingerCasePro
</UL>

<P><STRONG><a name="[f1]"></a>APP_FINGER_GetFlowResult</STRONG> (Thumb, 46 bytes, Stack size 0 bytes, app_finger.o(i.APP_FINGER_GetFlowResult))
<BR><BR>[Called By]<UL><LI><a href="#[f8]">&gt;&gt;</a>&nbsp;&nbsp;&nbsp;SystemParaBackFactoryIntoFlash
<LI><a href="#[bf]">&gt;&gt;</a>&nbsp;&nbsp;&nbsp;BleFingerCasePro
<LI><a href="#[f0]">&gt;&gt;</a>&nbsp;&nbsp;&nbsp;App_BleDelFingerPro
<LI><a href="#[13d]">&gt;&gt;</a>&nbsp;&nbsp;&nbsp;App_GUI_FingerCheck
<LI><a href="#[67]">&gt;&gt;</a>&nbsp;&nbsp;&nbsp;App_GUI_DelFingerMenu
<LI><a href="#[66]">&gt;&gt;</a>&nbsp;&nbsp;&nbsp;App_GUI_AddGuestFingerMenu
<LI><a href="#[65]">&gt;&gt;</a>&nbsp;&nbsp;&nbsp;App_GUI_AddAdminFingerMenu
</UL>

<P><STRONG><a name="[cb]"></a>APP_FINGER_GetPowerFlag</STRONG> (Thumb, 8 bytes, Stack size 8 bytes, app_finger.o(i.APP_FINGER_GetPowerFlag))
<BR><BR>[Stack]<UL><LI>Max Depth = 8<LI>Call Chain = APP_FINGER_GetPowerFlag
</UL>
<BR>[Calls]<UL><LI><a href="#[cc]">&gt;&gt;</a>&nbsp;&nbsp;&nbsp;FINGER_GetPowerFlag
</UL>
<BR>[Called By]<UL><LI><a href="#[2e4]">&gt;&gt;</a>&nbsp;&nbsp;&nbsp;SystemCfgVersionUpdate
</UL>

<P><STRONG><a name="[cd]"></a>APP_FINGER_GetProtocalVersion</STRONG> (Thumb, 8 bytes, Stack size 8 bytes, app_finger.o(i.APP_FINGER_GetProtocalVersion))
<BR><BR>[Stack]<UL><LI>Max Depth = 8<LI>Call Chain = APP_FINGER_GetProtocalVersion
</UL>
<BR>[Calls]<UL><LI><a href="#[ce]">&gt;&gt;</a>&nbsp;&nbsp;&nbsp;FINGER_GetProtocalVersion
</UL>
<BR>[Called By]<UL><LI><a href="#[2e4]">&gt;&gt;</a>&nbsp;&nbsp;&nbsp;SystemCfgVersionUpdate
</UL>

<P><STRONG><a name="[cf]"></a>APP_FINGER_Init</STRONG> (Thumb, 16 bytes, Stack size 8 bytes, app_finger.o(i.APP_FINGER_Init))
<BR><BR>[Stack]<UL><LI>Max Depth = 448<LI>Call Chain = APP_FINGER_Init &rArr; FINGER_Init &rArr; FINGER_Scan &rArr; finger_uart_tx &rArr; aes_encrypt_ecb &rArr; aes_encrypt &rArr; aes_mix_columns &rArr; aes_mul &rArr; aes_xtimes
</UL>
<BR>[Calls]<UL><LI><a href="#[d1]">&gt;&gt;</a>&nbsp;&nbsp;&nbsp;FINGER_Init
<LI><a href="#[d0]">&gt;&gt;</a>&nbsp;&nbsp;&nbsp;app_finger_reset_flag
</UL>
<BR>[Called By]<UL><LI><a href="#[2c0]">&gt;&gt;</a>&nbsp;&nbsp;&nbsp;SystemConfigInit
</UL>

<P><STRONG><a name="[d2]"></a>APP_FINGER_Operate</STRONG> (Thumb, 160 bytes, Stack size 32 bytes, app_finger.o(i.APP_FINGER_Operate))
<BR><BR>[Stack]<UL><LI>Max Depth = 480<LI>Call Chain = APP_FINGER_Operate &rArr; FINGER_WakeUp &rArr; FINGER_Init &rArr; FINGER_Scan &rArr; finger_uart_tx &rArr; aes_encrypt_ecb &rArr; aes_encrypt &rArr; aes_mix_columns &rArr; aes_mul &rArr; aes_xtimes
</UL>
<BR>[Calls]<UL><LI><a href="#[d4]">&gt;&gt;</a>&nbsp;&nbsp;&nbsp;FINGER_WakeUp
<LI><a href="#[d3]">&gt;&gt;</a>&nbsp;&nbsp;&nbsp;FINGER_Sleep
<LI><a href="#[d6]">&gt;&gt;</a>&nbsp;&nbsp;&nbsp;app_finger_img_reset
<LI><a href="#[c3]">&gt;&gt;</a>&nbsp;&nbsp;&nbsp;app_finger_cfg_get_nullnum
<LI><a href="#[d5]">&gt;&gt;</a>&nbsp;&nbsp;&nbsp;__aeabi_memcpy
</UL>
<BR>[Called By]<UL><LI><a href="#[15b]">&gt;&gt;</a>&nbsp;&nbsp;&nbsp;SystemSelfCheck
<LI><a href="#[f8]">&gt;&gt;</a>&nbsp;&nbsp;&nbsp;SystemParaBackFactoryIntoFlash
<LI><a href="#[bf]">&gt;&gt;</a>&nbsp;&nbsp;&nbsp;BleFingerCasePro
<LI><a href="#[f0]">&gt;&gt;</a>&nbsp;&nbsp;&nbsp;App_BleDelFingerPro
<LI><a href="#[13d]">&gt;&gt;</a>&nbsp;&nbsp;&nbsp;App_GUI_FingerCheck
<LI><a href="#[67]">&gt;&gt;</a>&nbsp;&nbsp;&nbsp;App_GUI_DelFingerMenu
<LI><a href="#[88]">&gt;&gt;</a>&nbsp;&nbsp;&nbsp;App_GUI_AginTestMenu
<LI><a href="#[66]">&gt;&gt;</a>&nbsp;&nbsp;&nbsp;App_GUI_AddGuestFingerMenu
<LI><a href="#[65]">&gt;&gt;</a>&nbsp;&nbsp;&nbsp;App_GUI_AddAdminFingerMenu
</UL>

<P><STRONG><a name="[d7]"></a>APP_FINGER_Scan</STRONG> (Thumb, 142 bytes, Stack size 8 bytes, app_finger.o(i.APP_FINGER_Scan))
<BR><BR>[Stack]<UL><LI>Max Depth = 484<LI>Call Chain = APP_FINGER_Scan &rArr; app_finger_ack_scan &rArr; app_finger_add &rArr; app_finger_ack_ok &rArr; app_finger_cfg_write &rArr; SystemWriteSeting &rArr; HAL_EEPROM_WriteBytes &rArr; DRV_HE24C512_WriteBytes &rArr; DRV_HE24C512_IICSendBytes &rArr; DRV_IICWriteEeprom &rArr; I2C_Start_I2c &rArr; I2C_ResetI2c &rArr; I2C_SendByte &rArr; SDA_OUT_1 &rArr; DRV_GpioInputPullnull &rArr; nrf_gpio_cfg_input &rArr; nrf_gpio_cfg
</UL>
<BR>[Calls]<UL><LI><a href="#[d8]">&gt;&gt;</a>&nbsp;&nbsp;&nbsp;FINGER_Scan
<LI><a href="#[df]">&gt;&gt;</a>&nbsp;&nbsp;&nbsp;FINGER_Operate
<LI><a href="#[da]">&gt;&gt;</a>&nbsp;&nbsp;&nbsp;FINGER_GetTxRxFlag
<LI><a href="#[db]">&gt;&gt;</a>&nbsp;&nbsp;&nbsp;FINGER_GetPowerStatus
<LI><a href="#[d9]">&gt;&gt;</a>&nbsp;&nbsp;&nbsp;FINGER_GetFlowStatus
<LI><a href="#[dc]">&gt;&gt;</a>&nbsp;&nbsp;&nbsp;app_finger_work_get
<LI><a href="#[d0]">&gt;&gt;</a>&nbsp;&nbsp;&nbsp;app_finger_reset_flag
<LI><a href="#[de]">&gt;&gt;</a>&nbsp;&nbsp;&nbsp;app_finger_inparam_scan
<LI><a href="#[dd]">&gt;&gt;</a>&nbsp;&nbsp;&nbsp;app_finger_ack_scan
</UL>
<BR>[Called By]<UL><LI><a href="#[19b]">&gt;&gt;</a>&nbsp;&nbsp;&nbsp;App_Scheduler_ThreadRealTime
</UL>

<P><STRONG><a name="[e0]"></a>APP_FINGER_Sleep</STRONG> (Thumb, 12 bytes, Stack size 8 bytes, app_finger.o(i.APP_FINGER_Sleep))
<BR><BR>[Stack]<UL><LI>Max Depth = 276<LI>Call Chain = APP_FINGER_Sleep &rArr; app_finger_reset_flag &rArr; FINGER_Sleep &rArr; FINGER_Poweroff &rArr; DRV_74HC0452_UartSelect &rArr; DRV_74HC0452_PinInit &rArr; DRV_NCA9555_PinPoloInit &rArr; DRV_NCA9555_PortPoloConfig &rArr; DRV_NCA9555_SendBytes &rArr; DRV_IICWrite &rArr; I2C_Start_I2c &rArr; I2C_ResetI2c &rArr; I2C_SendByte &rArr; SDA_OUT_1 &rArr; DRV_GpioInputPullnull &rArr; nrf_gpio_cfg_input &rArr; nrf_gpio_cfg
</UL>
<BR>[Calls]<UL><LI><a href="#[d0]">&gt;&gt;</a>&nbsp;&nbsp;&nbsp;app_finger_reset_flag
</UL>
<BR>[Called By]<UL><LI><a href="#[151]">&gt;&gt;</a>&nbsp;&nbsp;&nbsp;SystemSleepInit
<LI><a href="#[15b]">&gt;&gt;</a>&nbsp;&nbsp;&nbsp;SystemSelfCheck
<LI><a href="#[bf]">&gt;&gt;</a>&nbsp;&nbsp;&nbsp;BleFingerCasePro
<LI><a href="#[f0]">&gt;&gt;</a>&nbsp;&nbsp;&nbsp;App_BleDelFingerPro
<LI><a href="#[77]">&gt;&gt;</a>&nbsp;&nbsp;&nbsp;App_GUI_GotoAppModelMenu
<LI><a href="#[138]">&gt;&gt;</a>&nbsp;&nbsp;&nbsp;App_GUI_FingerCheckStop
<LI><a href="#[13d]">&gt;&gt;</a>&nbsp;&nbsp;&nbsp;App_GUI_FingerCheck
<LI><a href="#[88]">&gt;&gt;</a>&nbsp;&nbsp;&nbsp;App_GUI_AginTestMenu
<LI><a href="#[66]">&gt;&gt;</a>&nbsp;&nbsp;&nbsp;App_GUI_AddGuestFingerMenu
<LI><a href="#[65]">&gt;&gt;</a>&nbsp;&nbsp;&nbsp;App_GUI_AddAdminFingerMenu
</UL>

<P><STRONG><a name="[e1]"></a>APP_ID2HWSleep</STRONG> (Thumb, 24 bytes, Stack size 8 bytes, app_id2.o(i.APP_ID2HWSleep))
<BR><BR>[Stack]<UL><LI>Max Depth = 52<LI>Call Chain = APP_ID2HWSleep &rArr; DRV_GpioOut1 &rArr; DRV_GpioOutPP &rArr; nrf_gpio_cfg
</UL>
<BR>[Calls]<UL><LI><a href="#[e2]">&gt;&gt;</a>&nbsp;&nbsp;&nbsp;DRV_GpioOut1
<LI><a href="#[a8]">&gt;&gt;</a>&nbsp;&nbsp;&nbsp;__aeabi_memclr
</UL>
<BR>[Called By]<UL><LI><a href="#[151]">&gt;&gt;</a>&nbsp;&nbsp;&nbsp;SystemSleepInit
</UL>

<P><STRONG><a name="[e3]"></a>APP_ID2Init</STRONG> (Thumb, 40 bytes, Stack size 8 bytes, app_id2.o(i.APP_ID2Init))
<BR><BR>[Stack]<UL><LI>Max Depth = 112<LI>Call Chain = APP_ID2Init &rArr; id2_client_init &rArr; km_init &rArr; irot_hal_init &rArr; open_session &rArr; se_open_session &rArr; fm_se_register
</UL>
<BR>[Calls]<UL><LI><a href="#[e4]">&gt;&gt;</a>&nbsp;&nbsp;&nbsp;PUBLIC_Delayms
<LI><a href="#[e6]">&gt;&gt;</a>&nbsp;&nbsp;&nbsp;id2_client_init
<LI><a href="#[e2]">&gt;&gt;</a>&nbsp;&nbsp;&nbsp;DRV_GpioOut1
<LI><a href="#[e5]">&gt;&gt;</a>&nbsp;&nbsp;&nbsp;DRV_GpioOut0
<LI><a href="#[a8]">&gt;&gt;</a>&nbsp;&nbsp;&nbsp;__aeabi_memclr
</UL>
<BR>[Called By]<UL><LI><a href="#[77]">&gt;&gt;</a>&nbsp;&nbsp;&nbsp;App_GUI_GotoAppModelMenu
</UL>

<P><STRONG><a name="[11b]"></a>APP_SCREEN_Operate</STRONG> (Thumb, 6 bytes, Stack size 0 bytes, app_screen.o(i.APP_SCREEN_Operate))
<BR><BR>[Called By]<UL><LI><a href="#[2db]">&gt;&gt;</a>&nbsp;&nbsp;&nbsp;SelfCheckBatVolWarmHandler
<LI><a href="#[6f]">&gt;&gt;</a>&nbsp;&nbsp;&nbsp;App_GUI_TryProtectMenu
<LI><a href="#[5b]">&gt;&gt;</a>&nbsp;&nbsp;&nbsp;App_GUI_SystemManageMenu
<LI><a href="#[70]">&gt;&gt;</a>&nbsp;&nbsp;&nbsp;App_GUI_StayWarmMenu
<LI><a href="#[64]">&gt;&gt;</a>&nbsp;&nbsp;&nbsp;App_GUI_SetFingerMenu
<LI><a href="#[76]">&gt;&gt;</a>&nbsp;&nbsp;&nbsp;App_GUI_GotoOtaModelMenu
<LI><a href="#[77]">&gt;&gt;</a>&nbsp;&nbsp;&nbsp;App_GUI_GotoAppModelMenu
<LI><a href="#[73]">&gt;&gt;</a>&nbsp;&nbsp;&nbsp;App_GUI_ForgetLockWarmMenu
<LI><a href="#[72]">&gt;&gt;</a>&nbsp;&nbsp;&nbsp;App_GUI_FalseLockWarmMenu
<LI><a href="#[81]">&gt;&gt;</a>&nbsp;&nbsp;&nbsp;App_GUI_ErrorCheckMenu
<LI><a href="#[6d]">&gt;&gt;</a>&nbsp;&nbsp;&nbsp;App_GUI_EepromErrorMenu
<LI><a href="#[71]">&gt;&gt;</a>&nbsp;&nbsp;&nbsp;App_GUI_DeployWarmMenu
<LI><a href="#[6b]">&gt;&gt;</a>&nbsp;&nbsp;&nbsp;App_GUI_CheckPwdErrMenu
<LI><a href="#[68]">&gt;&gt;</a>&nbsp;&nbsp;&nbsp;App_GUI_CheckFingerErrMenu
<LI><a href="#[74]">&gt;&gt;</a>&nbsp;&nbsp;&nbsp;App_GUI_BleOpenErrWarmMenu
<LI><a href="#[83]">&gt;&gt;</a>&nbsp;&nbsp;&nbsp;App_GUI_BellVideoMenu
<LI><a href="#[6c]">&gt;&gt;</a>&nbsp;&nbsp;&nbsp;App_GUI_BatVolLowErrMenu
<LI><a href="#[75]">&gt;&gt;</a>&nbsp;&nbsp;&nbsp;App_GUI_BackFactoryMenu
<LI><a href="#[6e]">&gt;&gt;</a>&nbsp;&nbsp;&nbsp;App_GUI_AlarmHandlerMenu
</UL>

<P><STRONG><a name="[150]"></a>APP_SCREEN_Sleep</STRONG> (Thumb, 2 bytes, Stack size 0 bytes, app_screen.o(i.APP_SCREEN_Sleep))
<BR><BR>[Called By]<UL><LI><a href="#[151]">&gt;&gt;</a>&nbsp;&nbsp;&nbsp;SystemSleepInit
<LI><a href="#[89]">&gt;&gt;</a>&nbsp;&nbsp;&nbsp;App_GUI_GotoSleepModelMenu
</UL>

<P><STRONG><a name="[3b1]"></a>APP_SCREEN_Update</STRONG> (Thumb, 6 bytes, Stack size 0 bytes, app_screen.o(i.APP_SCREEN_Update))
<BR><BR>[Called By]<UL><LI><a href="#[e7]">&gt;&gt;</a>&nbsp;&nbsp;&nbsp;ble_module_update_data_rec
</UL>

<P><STRONG><a name="[2ea]"></a>APP_SCREEN_WakeUp</STRONG> (Thumb, 2 bytes, Stack size 0 bytes, app_screen.o(i.APP_SCREEN_WakeUp))
<BR><BR>[Called By]<UL><LI><a href="#[121]">&gt;&gt;</a>&nbsp;&nbsp;&nbsp;SystemWakeupInit
<LI><a href="#[2c0]">&gt;&gt;</a>&nbsp;&nbsp;&nbsp;SystemConfigInit
</UL>

<P><STRONG><a name="[41]"></a>APP_UpdateDataHandler</STRONG> (Thumb, 24 bytes, Stack size 16 bytes, app_update.o(i.APP_UpdateDataHandler))
<BR><BR>[Stack]<UL><LI>Max Depth = 208<LI>Call Chain = APP_UpdateDataHandler &rArr; ble_module_update_data_rec &rArr; ble_tx_event_handle &rArr; ble_nus_data_send &rArr; blcm_link_ctx_get &rArr; ble_conn_state_conn_idx &rArr; ble_conn_state_valid &rArr; nrf_atflags_get
</UL>
<BR>[Calls]<UL><LI><a href="#[e7]">&gt;&gt;</a>&nbsp;&nbsp;&nbsp;ble_module_update_data_rec
</UL>
<BR>[Address Reference Count : 1]<UL><LI> app_ble.o(i.APP_BleInit)
</UL>
<P><STRONG><a name="[30a]"></a>APP_UpdateWorkCntCountDown</STRONG> (Thumb, 26 bytes, Stack size 0 bytes, app_update.o(i.APP_UpdateWorkCntCountDown))
<BR><BR>[Called By]<UL><LI><a href="#[49]">&gt;&gt;</a>&nbsp;&nbsp;&nbsp;SystemTim10MsTick_Handler
</UL>

<P><STRONG><a name="[e8]"></a>APP_WIFI_TxState</STRONG> (Thumb, 18 bytes, Stack size 8 bytes, app_wifi.o(i.APP_WIFI_TxState))
<BR><BR>[Stack]<UL><LI>Max Depth = 56<LI>Call Chain = APP_WIFI_TxState &rArr; CAM_GetQueueClearState &rArr; cam_get_queue_len &rArr; cam_clear_queue &rArr; DRV_InterPrint
</UL>
<BR>[Calls]<UL><LI><a href="#[e9]">&gt;&gt;</a>&nbsp;&nbsp;&nbsp;CAM_GetQueueClearState
</UL>
<BR>[Called By]<UL><LI><a href="#[89]">&gt;&gt;</a>&nbsp;&nbsp;&nbsp;App_GUI_GotoSleepModelMenu
</UL>

<P><STRONG><a name="[2fe]"></a>APP_Wifi_Sleep</STRONG> (Thumb, 2 bytes, Stack size 0 bytes, app_wifi.o(i.APP_Wifi_Sleep))
<BR><BR>[Called By]<UL><LI><a href="#[151]">&gt;&gt;</a>&nbsp;&nbsp;&nbsp;SystemSleepInit
</UL>

<P><STRONG><a name="[ea]"></a>AppBleRespondData</STRONG> (Thumb, 294 bytes, Stack size 280 bytes, app_ble.o(i.AppBleRespondData))
<BR><BR>[Stack]<UL><LI>Max Depth = 680<LI>Call Chain = AppBleRespondData &rArr; Encrypto_my_aes &rArr; aes_encrypt_ecb &rArr; aes_encrypt &rArr; aes_mix_columns &rArr; aes_mul &rArr; aes_xtimes
</UL>
<BR>[Calls]<UL><LI><a href="#[ee]">&gt;&gt;</a>&nbsp;&nbsp;&nbsp;ble_tx_event_handle
<LI><a href="#[eb]">&gt;&gt;</a>&nbsp;&nbsp;&nbsp;PUBLIC_PrintHex
<LI><a href="#[ed]">&gt;&gt;</a>&nbsp;&nbsp;&nbsp;Encrypto_my_aes
<LI><a href="#[ec]">&gt;&gt;</a>&nbsp;&nbsp;&nbsp;__aeabi_memclr4
<LI><a href="#[a8]">&gt;&gt;</a>&nbsp;&nbsp;&nbsp;__aeabi_memclr
<LI><a href="#[d5]">&gt;&gt;</a>&nbsp;&nbsp;&nbsp;__aeabi_memcpy
</UL>
<BR>[Called By]<UL><LI><a href="#[bf]">&gt;&gt;</a>&nbsp;&nbsp;&nbsp;BleFingerCasePro
<LI><a href="#[1b3]">&gt;&gt;</a>&nbsp;&nbsp;&nbsp;BLEParse
<LI><a href="#[c1]">&gt;&gt;</a>&nbsp;&nbsp;&nbsp;App_BleProHandleThread
<LI><a href="#[be]">&gt;&gt;</a>&nbsp;&nbsp;&nbsp;BleID2CasePro
</UL>

<P><STRONG><a name="[ef]"></a>AppBleUserDataDecode</STRONG> (Thumb, 138 bytes, Stack size 32 bytes, app_ble.o(i.AppBleUserDataDecode))
<BR><BR>[Stack]<UL><LI>Max Depth = 432<LI>Call Chain = AppBleUserDataDecode &rArr; Encrypto_my_aes &rArr; aes_encrypt_ecb &rArr; aes_encrypt &rArr; aes_mix_columns &rArr; aes_mul &rArr; aes_xtimes
</UL>
<BR>[Calls]<UL><LI><a href="#[ed]">&gt;&gt;</a>&nbsp;&nbsp;&nbsp;Encrypto_my_aes
</UL>
<BR>[Called By]<UL><LI><a href="#[1b3]">&gt;&gt;</a>&nbsp;&nbsp;&nbsp;BLEParse
</UL>

<P><STRONG><a name="[c1]"></a>App_BleProHandleThread</STRONG> (Thumb, 1830 bytes, Stack size 16 bytes, app_ble.o(i.App_BleProHandleThread))
<BR><BR>[Stack]<UL><LI>Max Depth = 1248<LI>Call Chain = App_BleProHandleThread &rArr; App_WIFI_ConfigThread &rArr; App_WIFI_CommomTx &rArr; App_Wifi_TxMessage &rArr; HAL_Uart_TxMessage &rArr; DRV_Uart_TxMessage &rArr; app_uart_put &rArr; nrf_drv_uart_tx &rArr; nrfx_uart_tx &rArr; tx_blocking &rArr; tx_byte &rArr; nrf_uart_event_clear
</UL>
<BR>[Calls]<UL><LI><a href="#[101]">&gt;&gt;</a>&nbsp;&nbsp;&nbsp;SystemWriteSeting
<LI><a href="#[103]">&gt;&gt;</a>&nbsp;&nbsp;&nbsp;SystemEventLogSave
<LI><a href="#[f9]">&gt;&gt;</a>&nbsp;&nbsp;&nbsp;HAL_Voice_VolumeSet
<LI><a href="#[fa]">&gt;&gt;</a>&nbsp;&nbsp;&nbsp;HAL_Voice_PlayingVoice
<LI><a href="#[fe]">&gt;&gt;</a>&nbsp;&nbsp;&nbsp;CAM_GetServerState
<LI><a href="#[f4]">&gt;&gt;</a>&nbsp;&nbsp;&nbsp;App_LED_OutputCtrl
<LI><a href="#[f8]">&gt;&gt;</a>&nbsp;&nbsp;&nbsp;SystemParaBackFactoryIntoFlash
<LI><a href="#[fc]">&gt;&gt;</a>&nbsp;&nbsp;&nbsp;HAL_Voice_GetBusyState
<LI><a href="#[fd]">&gt;&gt;</a>&nbsp;&nbsp;&nbsp;CAM_SendCommandStart
<LI><a href="#[104]">&gt;&gt;</a>&nbsp;&nbsp;&nbsp;CAM_GetCameraData
<LI><a href="#[ff]">&gt;&gt;</a>&nbsp;&nbsp;&nbsp;App_WIFI_ConfigThread
<LI><a href="#[102]">&gt;&gt;</a>&nbsp;&nbsp;&nbsp;App_WIFI_CommomTx
<LI><a href="#[100]">&gt;&gt;</a>&nbsp;&nbsp;&nbsp;App_HumanSensorSet
<LI><a href="#[fb]">&gt;&gt;</a>&nbsp;&nbsp;&nbsp;App_GUI_UpdateMenuQuitTime
<LI><a href="#[f2]">&gt;&gt;</a>&nbsp;&nbsp;&nbsp;App_BleDeviceRegThread
<LI><a href="#[f0]">&gt;&gt;</a>&nbsp;&nbsp;&nbsp;App_BleDelFingerPro
<LI><a href="#[ea]">&gt;&gt;</a>&nbsp;&nbsp;&nbsp;AppBleRespondData
<LI><a href="#[105]">&gt;&gt;</a>&nbsp;&nbsp;&nbsp;HAL_EEPROM_ReadBytes
</UL>
<BR>[Called By]<UL><LI><a href="#[bc]">&gt;&gt;</a>&nbsp;&nbsp;&nbsp;APP_BleServerProcess
</UL>

<P><STRONG><a name="[308]"></a>App_CAM_Tim10Ms</STRONG> (Thumb, 68 bytes, Stack size 0 bytes, app_cam.o(i.App_CAM_Tim10Ms))
<BR><BR>[Called By]<UL><LI><a href="#[49]">&gt;&gt;</a>&nbsp;&nbsp;&nbsp;SystemTim10MsTick_Handler
</UL>

<P><STRONG><a name="[106]"></a>App_Export_FileInit</STRONG> (Thumb, 102 bytes, Stack size 8 bytes, app_export.o(i.App_Export_FileInit))
<BR><BR>[Stack]<UL><LI>Max Depth = 268<LI>Call Chain = App_Export_FileInit &rArr; HAL_EXPORT_FileInit &rArr; HAL_EXPORT_PinInit &rArr; DRV_NCA9555_PinPoloInit &rArr; DRV_NCA9555_PortPoloConfig &rArr; DRV_NCA9555_SendBytes &rArr; DRV_IICWrite &rArr; I2C_Start_I2c &rArr; I2C_ResetI2c &rArr; I2C_SendByte &rArr; SDA_OUT_1 &rArr; DRV_GpioInputPullnull &rArr; nrf_gpio_cfg_input &rArr; nrf_gpio_cfg
</UL>
<BR>[Calls]<UL><LI><a href="#[108]">&gt;&gt;</a>&nbsp;&nbsp;&nbsp;HAL_EXPORT_PinInit
<LI><a href="#[107]">&gt;&gt;</a>&nbsp;&nbsp;&nbsp;HAL_EXPORT_FileInit
</UL>
<BR>[Called By]<UL><LI><a href="#[2c0]">&gt;&gt;</a>&nbsp;&nbsp;&nbsp;SystemConfigInit
</UL>

<P><STRONG><a name="[301]"></a>App_Export_GetAlrmWarmEnSts</STRONG> (Thumb, 6 bytes, Stack size 0 bytes, app_export.o(i.App_Export_GetAlrmWarmEnSts))
<BR><BR>[Called By]<UL><LI><a href="#[49]">&gt;&gt;</a>&nbsp;&nbsp;&nbsp;SystemTim10MsTick_Handler
</UL>

<P><STRONG><a name="[109]"></a>App_Export_GetAlrmWarmState</STRONG> (Thumb, 38 bytes, Stack size 16 bytes, app_export.o(i.App_Export_GetAlrmWarmState))
<BR><BR>[Stack]<UL><LI>Max Depth = 228<LI>Call Chain = App_Export_GetAlrmWarmState &rArr; HAL_EXPORT_PinGet &rArr; DRV_NCA9555_PinGet &rArr; DRV_NCA9555_GetBytes &rArr; DRV_IICReadByte &rArr; I2C_Start_I2c &rArr; I2C_ResetI2c &rArr; I2C_SendByte &rArr; SDA_OUT_1 &rArr; DRV_GpioInputPullnull &rArr; nrf_gpio_cfg_input &rArr; nrf_gpio_cfg
</UL>
<BR>[Calls]<UL><LI><a href="#[10a]">&gt;&gt;</a>&nbsp;&nbsp;&nbsp;HAL_EXPORT_PinGet
</UL>
<BR>[Called By]<UL><LI><a href="#[2d8]">&gt;&gt;</a>&nbsp;&nbsp;&nbsp;SelfCheckAlarmButtonHandler
<LI><a href="#[44]">&gt;&gt;</a>&nbsp;&nbsp;&nbsp;WakeupISRhandler
<LI><a href="#[89]">&gt;&gt;</a>&nbsp;&nbsp;&nbsp;App_GUI_GotoSleepModelMenu
<LI><a href="#[11e]">&gt;&gt;</a>&nbsp;&nbsp;&nbsp;App_GUI_CheckAlarmButtonRecoveryWarm
<LI><a href="#[13e]">&gt;&gt;</a>&nbsp;&nbsp;&nbsp;App_GUI_CheckAlarmButtonActionWarm
</UL>

<P><STRONG><a name="[11f]"></a>App_Export_GetPinState</STRONG> (Thumb, 12 bytes, Stack size 0 bytes, app_export.o(i.App_Export_GetPinState))
[...]
<BR><BR>[Stack]<UL><LI>Max Depth = 24<LI>Call Chain = queue_free &rArr; nrf_atfifo_item_free
</UL>
<BR>[Calls]<UL><LI><a href="#[40a]">&gt;&gt;</a>&nbsp;&nbsp;&nbsp;nrf_atfifo_item_free
</UL>
<BR>[Called By]<UL><LI><a href="#[9d]">&gt;&gt;</a>&nbsp;&nbsp;&nbsp;nrf_fstorage_sys_evt_handler
<LI><a href="#[42a]">&gt;&gt;</a>&nbsp;&nbsp;&nbsp;queue_process
</UL>

<P><STRONG><a name="[475]"></a>queue_load_next</STRONG> (Thumb, 30 bytes, Stack size 8 bytes, nrf_fstorage_sd.o(i.queue_load_next))
<BR><BR>[Stack]<UL><LI>Max Depth = 24<LI>Call Chain = queue_load_next &rArr; nrf_atfifo_item_get
</UL>
<BR>[Calls]<UL><LI><a href="#[40b]">&gt;&gt;</a>&nbsp;&nbsp;&nbsp;nrf_atfifo_item_get
</UL>
<BR>[Called By]<UL><LI><a href="#[42a]">&gt;&gt;</a>&nbsp;&nbsp;&nbsp;queue_process
</UL>

<P><STRONG><a name="[42a]"></a>queue_process</STRONG> (Thumb, 134 bytes, Stack size 8 bytes, nrf_fstorage_sd.o(i.queue_process))
<BR><BR>[Stack]<UL><LI>Max Depth = 96<LI>Call Chain = queue_process &rArr; nrf_fstorage_sys_evt_handler &rArr;  queue_process (Cycle)
</UL>
<BR>[Calls]<UL><LI><a href="#[9d]">&gt;&gt;</a>&nbsp;&nbsp;&nbsp;nrf_fstorage_sys_evt_handler
<LI><a href="#[476]">&gt;&gt;</a>&nbsp;&nbsp;&nbsp;write_execute
<LI><a href="#[475]">&gt;&gt;</a>&nbsp;&nbsp;&nbsp;queue_load_next
<LI><a href="#[42d]">&gt;&gt;</a>&nbsp;&nbsp;&nbsp;queue_free
<LI><a href="#[3ce]">&gt;&gt;</a>&nbsp;&nbsp;&nbsp;event_send
<LI><a href="#[477]">&gt;&gt;</a>&nbsp;&nbsp;&nbsp;erase_execute
</UL>
<BR>[Called By]<UL><LI><a href="#[9d]">&gt;&gt;</a>&nbsp;&nbsp;&nbsp;nrf_fstorage_sys_evt_handler
<LI><a href="#[a3]">&gt;&gt;</a>&nbsp;&nbsp;&nbsp;nrf_fstorage_sdh_state_handler
<LI><a href="#[3cd]">&gt;&gt;</a>&nbsp;&nbsp;&nbsp;queue_start
</UL>

<P><STRONG><a name="[3cd]"></a>queue_start</STRONG> (Thumb, 24 bytes, Stack size 8 bytes, nrf_fstorage_sd.o(i.queue_start))
<BR><BR>[Stack]<UL><LI>Max Depth = 104<LI>Call Chain = queue_start &rArr; queue_process &rArr; nrf_fstorage_sys_evt_handler &rArr;  queue_process (Cycle)
</UL>
<BR>[Calls]<UL><LI><a href="#[42a]">&gt;&gt;</a>&nbsp;&nbsp;&nbsp;queue_process
<LI><a href="#[3e7]">&gt;&gt;</a>&nbsp;&nbsp;&nbsp;nrf_atomic_flag_set_fetch
</UL>
<BR>[Called By]<UL><LI><a href="#[8f]">&gt;&gt;</a>&nbsp;&nbsp;&nbsp;write
<LI><a href="#[90]">&gt;&gt;</a>&nbsp;&nbsp;&nbsp;erase
</UL>

<P><STRONG><a name="[8e]"></a>read</STRONG> (Thumb, 28 bytes, Stack size 24 bytes, nrf_fstorage_sd.o(i.read))
<BR><BR>[Stack]<UL><LI>Max Depth = 32<LI>Call Chain = read &rArr; __aeabi_memcpy
</UL>
<BR>[Calls]<UL><LI><a href="#[d5]">&gt;&gt;</a>&nbsp;&nbsp;&nbsp;__aeabi_memcpy
</UL>
<BR>[Address Reference Count : 1]<UL><LI> nrf_fstorage_sd.o(.constdata)
</UL>
<P><STRONG><a name="[91]"></a>rmap</STRONG> (Thumb, 6 bytes, Stack size 0 bytes, nrf_fstorage_sd.o(i.rmap))
<BR>[Address Reference Count : 1]<UL><LI> nrf_fstorage_sd.o(.constdata)
</UL>
<P><STRONG><a name="[8d]"></a>uninit</STRONG> (Thumb, 26 bytes, Stack size 16 bytes, nrf_fstorage_sd.o(i.uninit))
<BR><BR>[Stack]<UL><LI>Max Depth = 32<LI>Call Chain = uninit &rArr; nrf_atfifo_clear
</UL>
<BR>[Calls]<UL><LI><a href="#[407]">&gt;&gt;</a>&nbsp;&nbsp;&nbsp;nrf_atfifo_clear
<LI><a href="#[ec]">&gt;&gt;</a>&nbsp;&nbsp;&nbsp;__aeabi_memclr4
</UL>
<BR>[Address Reference Count : 1]<UL><LI> nrf_fstorage_sd.o(.constdata)
</UL>
<P><STRONG><a name="[92]"></a>wmap</STRONG> (Thumb, 6 bytes, Stack size 0 bytes, nrf_fstorage_sd.o(i.wmap))
<BR>[Address Reference Count : 1]<UL><LI> nrf_fstorage_sd.o(.constdata)
</UL>
<P><STRONG><a name="[8f]"></a>write</STRONG> (Thumb, 80 bytes, Stack size 32 bytes, nrf_fstorage_sd.o(i.write))
<BR><BR>[Stack]<UL><LI>Max Depth = 136<LI>Call Chain = write &rArr; queue_start &rArr; queue_process &rArr; nrf_fstorage_sys_evt_handler &rArr;  queue_process (Cycle)
</UL>
<BR>[Calls]<UL><LI><a href="#[3cd]">&gt;&gt;</a>&nbsp;&nbsp;&nbsp;queue_start
<LI><a href="#[3cc]">&gt;&gt;</a>&nbsp;&nbsp;&nbsp;nrf_atfifo_item_put
<LI><a href="#[3cb]">&gt;&gt;</a>&nbsp;&nbsp;&nbsp;nrf_atfifo_item_alloc
<LI><a href="#[ec]">&gt;&gt;</a>&nbsp;&nbsp;&nbsp;__aeabi_memclr4
</UL>
<BR>[Address Reference Count : 1]<UL><LI> nrf_fstorage_sd.o(.constdata)
</UL>
<P><STRONG><a name="[476]"></a>write_execute</STRONG> (Thumb, 82 bytes, Stack size 24 bytes, nrf_fstorage_sd.o(i.write_execute))
<BR><BR>[Stack]<UL><LI>Max Depth = 24<LI>Call Chain = write_execute
</UL>
<BR>[Called By]<UL><LI><a href="#[42a]">&gt;&gt;</a>&nbsp;&nbsp;&nbsp;queue_process
</UL>

<P><STRONG><a name="[443]"></a>nrf_section_iter_item_set</STRONG> (Thumb, 46 bytes, Stack size 0 bytes, nrf_section_iter.o(i.nrf_section_iter_item_set))
<BR><BR>[Called By]<UL><LI><a href="#[43b]">&gt;&gt;</a>&nbsp;&nbsp;&nbsp;nrf_section_iter_next
<LI><a href="#[434]">&gt;&gt;</a>&nbsp;&nbsp;&nbsp;nrf_section_iter_init
</UL>

<P><STRONG><a name="[4d]"></a>app_simple_timer_event_handler</STRONG> (Thumb, 42 bytes, Stack size 16 bytes, app_simple_timer.o(i.app_simple_timer_event_handler))
<BR><BR>[Stack]<UL><LI>Max Depth = 16<LI>Call Chain = app_simple_timer_event_handler
</UL>
<BR>[Address Reference Count : 1]<UL><LI> app_simple_timer.o(i.app_simple_timer_init)
</UL>
<P><STRONG><a name="[436]"></a>nrf_queue_next_idx</STRONG> (Thumb, 16 bytes, Stack size 0 bytes, nrf_queue.o(i.nrf_queue_next_idx))
<BR><BR>[Called By]<UL><LI><a href="#[437]">&gt;&gt;</a>&nbsp;&nbsp;&nbsp;nrf_queue_push
<LI><a href="#[435]">&gt;&gt;</a>&nbsp;&nbsp;&nbsp;nrf_queue_is_full
</UL>

<P><STRONG><a name="[439]"></a>queue_read</STRONG> (Thumb, 134 bytes, Stack size 40 bytes, nrf_queue.o(i.queue_read))
<BR><BR>[Stack]<UL><LI>Max Depth = 48<LI>Call Chain = queue_read &rArr; __aeabi_memcpy
</UL>
<BR>[Calls]<UL><LI><a href="#[d5]">&gt;&gt;</a>&nbsp;&nbsp;&nbsp;__aeabi_memcpy
</UL>
<BR>[Called By]<UL><LI><a href="#[423]">&gt;&gt;</a>&nbsp;&nbsp;&nbsp;nrf_queue_read
</UL>

<P><STRONG><a name="[438]"></a>queue_utilization_get</STRONG> (Thumb, 28 bytes, Stack size 0 bytes, nrf_queue.o(i.queue_utilization_get))
<BR><BR>[Called By]<UL><LI><a href="#[420]">&gt;&gt;</a>&nbsp;&nbsp;&nbsp;nrf_queue_utilization_get
<LI><a href="#[423]">&gt;&gt;</a>&nbsp;&nbsp;&nbsp;nrf_queue_read
<LI><a href="#[437]">&gt;&gt;</a>&nbsp;&nbsp;&nbsp;nrf_queue_push
</UL>

<P><STRONG><a name="[2ca]"></a>_DoInit</STRONG> (Thumb, 74 bytes, Stack size 8 bytes, segger_rtt.o(i._DoInit))
<BR><BR>[Stack]<UL><LI>Max Depth = 8<LI>Call Chain = _DoInit
</UL>
<BR>[Calls]<UL><LI><a href="#[1bb]">&gt;&gt;</a>&nbsp;&nbsp;&nbsp;strcpy
</UL>
<BR>[Called By]<UL><LI><a href="#[2c9]">&gt;&gt;</a>&nbsp;&nbsp;&nbsp;SEGGER_RTT_Write
</UL>

<P><STRONG><a name="[2ce]"></a>_GetAvailWriteSpace</STRONG> (Thumb, 28 bytes, Stack size 8 bytes, segger_rtt.o(i._GetAvailWriteSpace))
<BR><BR>[Stack]<UL><LI>Max Depth = 8<LI>Call Chain = _GetAvailWriteSpace
</UL>
<BR>[Called By]<UL><LI><a href="#[2cc]">&gt;&gt;</a>&nbsp;&nbsp;&nbsp;SEGGER_RTT_WriteNoLock
</UL>

<P><STRONG><a name="[2d0]"></a>_WriteBlocking</STRONG> (Thumb, 114 bytes, Stack size 32 bytes, segger_rtt.o(i._WriteBlocking))
<BR><BR>[Stack]<UL><LI>Max Depth = 40<LI>Call Chain = _WriteBlocking &rArr; __aeabi_memcpy
</UL>
<BR>[Calls]<UL><LI><a href="#[d5]">&gt;&gt;</a>&nbsp;&nbsp;&nbsp;__aeabi_memcpy
</UL>
<BR>[Called By]<UL><LI><a href="#[2cc]">&gt;&gt;</a>&nbsp;&nbsp;&nbsp;SEGGER_RTT_WriteNoLock
</UL>

<P><STRONG><a name="[2cf]"></a>_WriteNoCheck</STRONG> (Thumb, 76 bytes, Stack size 32 bytes, segger_rtt.o(i._WriteNoCheck))
<BR><BR>[Stack]<UL><LI>Max Depth = 40<LI>Call Chain = _WriteNoCheck &rArr; __aeabi_memcpy
</UL>
<BR>[Calls]<UL><LI><a href="#[d5]">&gt;&gt;</a>&nbsp;&nbsp;&nbsp;__aeabi_memcpy
</UL>
<BR>[Called By]<UL><LI><a href="#[2cc]">&gt;&gt;</a>&nbsp;&nbsp;&nbsp;SEGGER_RTT_WriteNoLock
</UL>

<P><STRONG><a name="[2d4]"></a>_PrintInt</STRONG> (Thumb, 236 bytes, Stack size 48 bytes, segger_rtt_printf.o(i._PrintInt))
<BR><BR>[Stack]<UL><LI>Max Depth = 208<LI>Call Chain = _PrintInt &rArr; _PrintUnsigned &rArr; _StoreChar &rArr; SEGGER_RTT_Write &rArr; SEGGER_RTT_WriteNoLock &rArr; _WriteNoCheck &rArr; __aeabi_memcpy
</UL>
<BR>[Calls]<UL><LI><a href="#[2d3]">&gt;&gt;</a>&nbsp;&nbsp;&nbsp;_StoreChar
<LI><a href="#[2d5]">&gt;&gt;</a>&nbsp;&nbsp;&nbsp;_PrintUnsigned
</UL>
<BR>[Called By]<UL><LI><a href="#[2d2]">&gt;&gt;</a>&nbsp;&nbsp;&nbsp;SEGGER_RTT_vprintf
</UL>

<P><STRONG><a name="[2d5]"></a>_PrintUnsigned</STRONG> (Thumb, 230 bytes, Stack size 48 bytes, segger_rtt_printf.o(i._PrintUnsigned))
<BR><BR>[Stack]<UL><LI>Max Depth = 160<LI>Call Chain = _PrintUnsigned &rArr; _StoreChar &rArr; SEGGER_RTT_Write &rArr; SEGGER_RTT_WriteNoLock &rArr; _WriteNoCheck &rArr; __aeabi_memcpy
</UL>
<BR>[Calls]<UL><LI><a href="#[2d3]">&gt;&gt;</a>&nbsp;&nbsp;&nbsp;_StoreChar
</UL>
<BR>[Called By]<UL><LI><a href="#[2d2]">&gt;&gt;</a>&nbsp;&nbsp;&nbsp;SEGGER_RTT_vprintf
<LI><a href="#[2d4]">&gt;&gt;</a>&nbsp;&nbsp;&nbsp;_PrintInt
</UL>

<P><STRONG><a name="[2d3]"></a>_StoreChar</STRONG> (Thumb, 68 bytes, Stack size 16 bytes, segger_rtt_printf.o(i._StoreChar))
<BR><BR>[Stack]<UL><LI>Max Depth = 112<LI>Call Chain = _StoreChar &rArr; SEGGER_RTT_Write &rArr; SEGGER_RTT_WriteNoLock &rArr; _WriteNoCheck &rArr; __aeabi_memcpy
</UL>
<BR>[Calls]<UL><LI><a href="#[2c9]">&gt;&gt;</a>&nbsp;&nbsp;&nbsp;SEGGER_RTT_Write
</UL>
<BR>[Called By]<UL><LI><a href="#[2d2]">&gt;&gt;</a>&nbsp;&nbsp;&nbsp;SEGGER_RTT_vprintf
<LI><a href="#[2d5]">&gt;&gt;</a>&nbsp;&nbsp;&nbsp;_PrintUnsigned
<LI><a href="#[2d4]">&gt;&gt;</a>&nbsp;&nbsp;&nbsp;_PrintInt
</UL>

<P><STRONG><a name="[47a]"></a>__sd_nvic_app_accessible_irq</STRONG> (Thumb, 52 bytes, Stack size 0 bytes, nrf_sdh.o(i.__sd_nvic_app_accessible_irq))
<BR><BR>[Called By]<UL><LI><a href="#[43f]">&gt;&gt;</a>&nbsp;&nbsp;&nbsp;softdevice_evt_irq_disable
<LI><a href="#[47c]">&gt;&gt;</a>&nbsp;&nbsp;&nbsp;sd_nvic_SetPriority
<LI><a href="#[479]">&gt;&gt;</a>&nbsp;&nbsp;&nbsp;sd_nvic_EnableIRQ
</UL>

<P><STRONG><a name="[47b]"></a>__sd_nvic_is_app_accessible_priority</STRONG> (Thumb, 28 bytes, Stack size 0 bytes, nrf_sdh.o(i.__sd_nvic_is_app_accessible_priority))
<BR><BR>[Called By]<UL><LI><a href="#[47c]">&gt;&gt;</a>&nbsp;&nbsp;&nbsp;sd_nvic_SetPriority
<LI><a href="#[479]">&gt;&gt;</a>&nbsp;&nbsp;&nbsp;sd_nvic_EnableIRQ
</UL>

<P><STRONG><a name="[442]"></a>nrf_section_iter_get</STRONG> (Thumb, 6 bytes, Stack size 0 bytes, nrf_sdh.o(i.nrf_section_iter_get))
<BR><BR>[Called By]<UL><LI><a href="#[2d7]">&gt;&gt;</a>&nbsp;&nbsp;&nbsp;nrf_sdh_evts_poll
<LI><a href="#[43e]">&gt;&gt;</a>&nbsp;&nbsp;&nbsp;sdh_state_observer_notify
<LI><a href="#[43d]">&gt;&gt;</a>&nbsp;&nbsp;&nbsp;sdh_request_observer_notify
</UL>

<P><STRONG><a name="[479]"></a>sd_nvic_EnableIRQ</STRONG> (Thumb, 124 bytes, Stack size 16 bytes, nrf_sdh.o(i.sd_nvic_EnableIRQ))
<BR><BR>[Stack]<UL><LI>Max Depth = 16<LI>Call Chain = sd_nvic_EnableIRQ
</UL>
<BR>[Calls]<UL><LI><a href="#[47b]">&gt;&gt;</a>&nbsp;&nbsp;&nbsp;__sd_nvic_is_app_accessible_priority
<LI><a href="#[47a]">&gt;&gt;</a>&nbsp;&nbsp;&nbsp;__sd_nvic_app_accessible_irq
</UL>
<BR>[Called By]<UL><LI><a href="#[441]">&gt;&gt;</a>&nbsp;&nbsp;&nbsp;softdevices_evt_irq_enable
</UL>

<P><STRONG><a name="[47c]"></a>sd_nvic_SetPriority</STRONG> (Thumb, 72 bytes, Stack size 16 bytes, nrf_sdh.o(i.sd_nvic_SetPriority))
<BR><BR>[Stack]<UL><LI>Max Depth = 16<LI>Call Chain = sd_nvic_SetPriority
</UL>
<BR>[Calls]<UL><LI><a href="#[47b]">&gt;&gt;</a>&nbsp;&nbsp;&nbsp;__sd_nvic_is_app_accessible_priority
<LI><a href="#[47a]">&gt;&gt;</a>&nbsp;&nbsp;&nbsp;__sd_nvic_app_accessible_irq
</UL>
<BR>[Called By]<UL><LI><a href="#[440]">&gt;&gt;</a>&nbsp;&nbsp;&nbsp;swi_interrupt_priority_workaround
</UL>

<P><STRONG><a name="[43d]"></a>sdh_request_observer_notify</STRONG> (Thumb, 56 bytes, Stack size 32 bytes, nrf_sdh.o(i.sdh_request_observer_notify))
<BR><BR>[Stack]<UL><LI>Max Depth = 48<LI>Call Chain = sdh_request_observer_notify &rArr; nrf_section_iter_init
</UL>
<BR>[Calls]<UL><LI><a href="#[43b]">&gt;&gt;</a>&nbsp;&nbsp;&nbsp;nrf_section_iter_next
<LI><a href="#[434]">&gt;&gt;</a>&nbsp;&nbsp;&nbsp;nrf_section_iter_init
<LI><a href="#[442]">&gt;&gt;</a>&nbsp;&nbsp;&nbsp;nrf_section_iter_get
</UL>
<BR>[Called By]<UL><LI><a href="#[3bb]">&gt;&gt;</a>&nbsp;&nbsp;&nbsp;nrf_sdh_enable_request
<LI><a href="#[43c]">&gt;&gt;</a>&nbsp;&nbsp;&nbsp;nrf_sdh_disable_request
</UL>

<P><STRONG><a name="[43e]"></a>sdh_state_observer_notify</STRONG> (Thumb, 48 bytes, Stack size 32 bytes, nrf_sdh.o(i.sdh_state_observer_notify))
<BR><BR>[Stack]<UL><LI>Max Depth = 48<LI>Call Chain = sdh_state_observer_notify &rArr; nrf_section_iter_init
</UL>
<BR>[Calls]<UL><LI><a href="#[43b]">&gt;&gt;</a>&nbsp;&nbsp;&nbsp;nrf_section_iter_next
<LI><a href="#[434]">&gt;&gt;</a>&nbsp;&nbsp;&nbsp;nrf_section_iter_init
<LI><a href="#[442]">&gt;&gt;</a>&nbsp;&nbsp;&nbsp;nrf_section_iter_get
</UL>
<BR>[Called By]<UL><LI><a href="#[3bb]">&gt;&gt;</a>&nbsp;&nbsp;&nbsp;nrf_sdh_enable_request
<LI><a href="#[43c]">&gt;&gt;</a>&nbsp;&nbsp;&nbsp;nrf_sdh_disable_request
</UL>

<P><STRONG><a name="[43f]"></a>softdevice_evt_irq_disable</STRONG> (Thumb, 98 bytes, Stack size 16 bytes, nrf_sdh.o(i.softdevice_evt_irq_disable))
<BR><BR>[Stack]<UL><LI>Max Depth = 40<LI>Call Chain = softdevice_evt_irq_disable &rArr; app_error_handler_bare
</UL>
<BR>[Calls]<UL><LI><a href="#[1dc]">&gt;&gt;</a>&nbsp;&nbsp;&nbsp;app_error_handler_bare
<LI><a href="#[47a]">&gt;&gt;</a>&nbsp;&nbsp;&nbsp;__sd_nvic_app_accessible_irq
</UL>
<BR>[Called By]<UL><LI><a href="#[43c]">&gt;&gt;</a>&nbsp;&nbsp;&nbsp;nrf_sdh_disable_request
</UL>

<P><STRONG><a name="[441]"></a>softdevices_evt_irq_enable</STRONG> (Thumb, 30 bytes, Stack size 16 bytes, nrf_sdh.o(i.softdevices_evt_irq_enable))
<BR><BR>[Stack]<UL><LI>Max Depth = 40<LI>Call Chain = softdevices_evt_irq_enable &rArr; app_error_handler_bare
</UL>
<BR>[Calls]<UL><LI><a href="#[1dc]">&gt;&gt;</a>&nbsp;&nbsp;&nbsp;app_error_handler_bare
<LI><a href="#[479]">&gt;&gt;</a>&nbsp;&nbsp;&nbsp;sd_nvic_EnableIRQ
</UL>
<BR>[Called By]<UL><LI><a href="#[3bb]">&gt;&gt;</a>&nbsp;&nbsp;&nbsp;nrf_sdh_enable_request
</UL>

<P><STRONG><a name="[440]"></a>swi_interrupt_priority_workaround</STRONG> (Thumb, 60 bytes, Stack size 16 bytes, nrf_sdh.o(i.swi_interrupt_priority_workaround))
<BR><BR>[Stack]<UL><LI>Max Depth = 40<LI>Call Chain = swi_interrupt_priority_workaround &rArr; app_error_handler_bare
</UL>
<BR>[Calls]<UL><LI><a href="#[1dc]">&gt;&gt;</a>&nbsp;&nbsp;&nbsp;app_error_handler_bare
<LI><a href="#[47c]">&gt;&gt;</a>&nbsp;&nbsp;&nbsp;sd_nvic_SetPriority
</UL>
<BR>[Called By]<UL><LI><a href="#[3bb]">&gt;&gt;</a>&nbsp;&nbsp;&nbsp;nrf_sdh_enable_request
</UL>

<P><STRONG><a name="[9f]"></a>nrf_sdh_ble_evts_poll</STRONG> (Thumb, 108 bytes, Stack size 544 bytes, nrf_sdh_ble.o(i.nrf_sdh_ble_evts_poll))
<BR><BR>[Stack]<UL><LI>Max Depth = 568<LI>Call Chain = nrf_sdh_ble_evts_poll &rArr; app_error_handler_bare
</UL>
<BR>[Calls]<UL><LI><a href="#[1dc]">&gt;&gt;</a>&nbsp;&nbsp;&nbsp;app_error_handler_bare
<LI><a href="#[43b]">&gt;&gt;</a>&nbsp;&nbsp;&nbsp;nrf_section_iter_next
<LI><a href="#[434]">&gt;&gt;</a>&nbsp;&nbsp;&nbsp;nrf_section_iter_init
</UL>
<BR>[Address Reference Count : 1]<UL><LI> nrf_sdh_ble.o(sdh_stack_observers0)
</UL>
<P><STRONG><a name="[a0]"></a>nrf_sdh_soc_evts_poll</STRONG> (Thumb, 80 bytes, Stack size 40 bytes, nrf_sdh_soc.o(i.nrf_sdh_soc_evts_poll))
<BR><BR>[Stack]<UL><LI>Max Depth = 64<LI>Call Chain = nrf_sdh_soc_evts_poll &rArr; app_error_handler_bare
</UL>
<BR>[Calls]<UL><LI><a href="#[1dc]">&gt;&gt;</a>&nbsp;&nbsp;&nbsp;app_error_handler_bare
<LI><a href="#[43b]">&gt;&gt;</a>&nbsp;&nbsp;&nbsp;nrf_section_iter_next
<LI><a href="#[434]">&gt;&gt;</a>&nbsp;&nbsp;&nbsp;nrf_section_iter_init
</UL>
<BR>[Address Reference Count : 1]<UL><LI> nrf_sdh_soc.o(sdh_stack_observers0)
</UL>
<P><STRONG><a name="[2f4]"></a>errata_108</STRONG> (Thumb, 78 bytes, Stack size 0 bytes, system_nrf52.o(i.errata_108))
<BR><BR>[Called By]<UL><LI><a href="#[3f]">&gt;&gt;</a>&nbsp;&nbsp;&nbsp;SystemInit
</UL>

<P><STRONG><a name="[2ec]"></a>errata_12</STRONG> (Thumb, 78 bytes, Stack size 0 bytes, system_nrf52.o(i.errata_12))
<BR><BR>[Called By]<UL><LI><a href="#[3f]">&gt;&gt;</a>&nbsp;&nbsp;&nbsp;SystemInit
</UL>

<P><STRONG><a name="[2f5]"></a>errata_136</STRONG> (Thumb, 78 bytes, Stack size 0 bytes, system_nrf52.o(i.errata_136))
<BR><BR>[Called By]<UL><LI><a href="#[3f]">&gt;&gt;</a>&nbsp;&nbsp;&nbsp;SystemInit
</UL>

<P><STRONG><a name="[2ed]"></a>errata_16</STRONG> (Thumb, 42 bytes, Stack size 0 bytes, system_nrf52.o(i.errata_16))
<BR><BR>[Called By]<UL><LI><a href="#[3f]">&gt;&gt;</a>&nbsp;&nbsp;&nbsp;SystemInit
</UL>

<P><STRONG><a name="[2f6]"></a>errata_182</STRONG> (Thumb, 26 bytes, Stack size 0 bytes, system_nrf52.o(i.errata_182))
<BR><BR>[Called By]<UL><LI><a href="#[3f]">&gt;&gt;</a>&nbsp;&nbsp;&nbsp;SystemInit
</UL>

<P><STRONG><a name="[2ee]"></a>errata_31</STRONG> (Thumb, 78 bytes, Stack size 0 bytes, system_nrf52.o(i.errata_31))
<BR><BR>[Called By]<UL><LI><a href="#[3f]">&gt;&gt;</a>&nbsp;&nbsp;&nbsp;SystemInit
</UL>

<P><STRONG><a name="[2ef]"></a>errata_32</STRONG> (Thumb, 42 bytes, Stack size 0 bytes, system_nrf52.o(i.errata_32))
<BR><BR>[Called By]<UL><LI><a href="#[3f]">&gt;&gt;</a>&nbsp;&nbsp;&nbsp;SystemInit
</UL>

<P><STRONG><a name="[2f0]"></a>errata_36</STRONG> (Thumb, 78 bytes, Stack size 0 bytes, system_nrf52.o(i.errata_36))
<BR><BR>[Called By]<UL><LI><a href="#[3f]">&gt;&gt;</a>&nbsp;&nbsp;&nbsp;SystemInit
</UL>

<P><STRONG><a name="[2f1]"></a>errata_37</STRONG> (Thumb, 42 bytes, Stack size 0 bytes, system_nrf52.o(i.errata_37))
<BR><BR>[Called By]<UL><LI><a href="#[3f]">&gt;&gt;</a>&nbsp;&nbsp;&nbsp;SystemInit
</UL>

<P><STRONG><a name="[2f2]"></a>errata_57</STRONG> (Thumb, 42 bytes, Stack size 0 bytes, system_nrf52.o(i.errata_57))
<BR><BR>[Called By]<UL><LI><a href="#[3f]">&gt;&gt;</a>&nbsp;&nbsp;&nbsp;SystemInit
</UL>

<P><STRONG><a name="[2f3]"></a>errata_66</STRONG> (Thumb, 42 bytes, Stack size 0 bytes, system_nrf52.o(i.errata_66))
<BR><BR>[Called By]<UL><LI><a href="#[3f]">&gt;&gt;</a>&nbsp;&nbsp;&nbsp;SystemInit
</UL>

<P><STRONG><a name="[31a]"></a>_fp_digits</STRONG> (Thumb, 366 bytes, Stack size 64 bytes, printfa.o(i._fp_digits), UNUSED)
<BR><BR>[Calls]<UL><LI><a href="#[ab]">&gt;&gt;</a>&nbsp;&nbsp;&nbsp;__aeabi_uldivmod
<LI><a href="#[b4]">&gt;&gt;</a>&nbsp;&nbsp;&nbsp;__aeabi_dmul
<LI><a href="#[b5]">&gt;&gt;</a>&nbsp;&nbsp;&nbsp;__aeabi_ddiv
<LI><a href="#[ae]">&gt;&gt;</a>&nbsp;&nbsp;&nbsp;__aeabi_dadd
<LI><a href="#[b6]">&gt;&gt;</a>&nbsp;&nbsp;&nbsp;__aeabi_d2ulz
<LI><a href="#[31b]">&gt;&gt;</a>&nbsp;&nbsp;&nbsp;__aeabi_cdrcmple
</UL>
<BR>[Called By]<UL><LI><a href="#[315]">&gt;&gt;</a>&nbsp;&nbsp;&nbsp;_printf_core
</UL>

<P><STRONG><a name="[315]"></a>_printf_core</STRONG> (Thumb, 1704 bytes, Stack size 136 bytes, printfa.o(i._printf_core), UNUSED)
<BR><BR>[Calls]<UL><LI><a href="#[ab]">&gt;&gt;</a>&nbsp;&nbsp;&nbsp;__aeabi_uldivmod
<LI><a href="#[32a]">&gt;&gt;</a>&nbsp;&nbsp;&nbsp;__aeabi_uidivmod
<LI><a href="#[328]">&gt;&gt;</a>&nbsp;&nbsp;&nbsp;_printf_pre_padding
<LI><a href="#[329]">&gt;&gt;</a>&nbsp;&nbsp;&nbsp;_printf_post_padding
<LI><a href="#[31a]">&gt;&gt;</a>&nbsp;&nbsp;&nbsp;_fp_digits
</UL>
<BR>[Called By]<UL><LI><a href="#[316]">&gt;&gt;</a>&nbsp;&nbsp;&nbsp;__0vsnprintf
<LI><a href="#[314]">&gt;&gt;</a>&nbsp;&nbsp;&nbsp;__0vprintf
</UL>

<P><STRONG><a name="[329]"></a>_printf_post_padding</STRONG> (Thumb, 36 bytes, Stack size 24 bytes, printfa.o(i._printf_post_padding), UNUSED)
<BR><BR>[Called By]<UL><LI><a href="#[315]">&gt;&gt;</a>&nbsp;&nbsp;&nbsp;_printf_core
</UL>

<P><STRONG><a name="[328]"></a>_printf_pre_padding</STRONG> (Thumb, 46 bytes, Stack size 24 bytes, printfa.o(i._printf_pre_padding), UNUSED)
<BR><BR>[Called By]<UL><LI><a href="#[315]">&gt;&gt;</a>&nbsp;&nbsp;&nbsp;_printf_core
</UL>

<P><STRONG><a name="[4b]"></a>_snputc</STRONG> (Thumb, 22 bytes, Stack size 0 bytes, printfa.o(i._snputc))
<BR>[Address Reference Count : 1]<UL><LI> printfa.o(i.__0vsnprintf)
</UL><P>
<H3>
Undefined Global Symbols
</H3><HR></body></html>
