Component: ARM Compiler 5.06 update 7 (build 960) Tool: armlink [4d3601]

==============================================================================

Section Cross References

    main.o(i.main) refers to platformfunc.o(i.PlatformSystemInit) for PlatformSystemInit
    main.o(i.main) refers to platformfunc.o(i.PlatformLoopExecute) for PlatformLoopExecute
    platformfunc.o(i.PlatformLoopExecute) refers to scheduler.o(i.App_Scheduler_Process) for App_Scheduler_Process
    platformfunc.o(i.PlatformSystemInit) refers to systeminit.o(i.SystemConfigInit) for SystemConfigInit
    systemtim.o(i.SystemLifeTickTimerCtrl) refers to drv_timer.o(i.DRV_LifeTickTimerCtrl) for DRV_LifeTickTimerCtrl
    systemtim.o(i.SystemLifeTickTimerHandler) refers to hal_rtc.o(i.HAL_RTC_Systick) for HAL_RTC_Systick
    systemtim.o(i.SystemLifeTickTimerHandler) refers to app_gui.o(i.App_GUI_Tim1000Ms) for App_GUI_Tim1000Ms
    systemtim.o(i.SystemLifeTickTimerHandler) refers to systemtim.o(.data) for tickcnt
    systemtim.o(i.SystemLifeTickTimerInit) refers to drv_timer.o(i.DRV_LifeTickTimerInit) for DRV_LifeTickTimerInit
    systemtim.o(i.SystemLifeTickTimerInit) refers to drv_interface.o(i.DRV_InterPrint) for DRV_InterPrint
    systemtim.o(i.SystemLifeTickTimerInit) refers to systemtim.o(i.SystemLifeTickTimerHandler) for SystemLifeTickTimerHandler
    systemtim.o(i.SystemTim10MsTick_Handler) refers to app_gui.o(i.App_GUI_GetCurMenuNo) for App_GUI_GetCurMenuNo
    systemtim.o(i.SystemTim10MsTick_Handler) refers to app_export.o(i.App_Export_GetPinState) for App_Export_GetPinState
    systemtim.o(i.SystemTim10MsTick_Handler) refers to app_export.o(i.App_Export_GetAlrmWarmEnSts) for App_Export_GetAlrmWarmEnSts
    systemtim.o(i.SystemTim10MsTick_Handler) refers to drv_interface.o(i.DRV_InterPrint) for DRV_InterPrint
    systemtim.o(i.SystemTim10MsTick_Handler) refers to public.o(i.PUBLIC_Delayms) for PUBLIC_Delayms
    systemtim.o(i.SystemTim10MsTick_Handler) refers to hal_motor.o(i.HAL_Motor_Tim10Ms) for HAL_Motor_Tim10Ms
    systemtim.o(i.SystemTim10MsTick_Handler) refers to app_export.o(i.App_Export_Tim10Ms) for App_Export_Tim10Ms
    systemtim.o(i.SystemTim10MsTick_Handler) refers to hal_voice.o(i.HAL_Voice_Time10Ms) for HAL_Voice_Time10Ms
    systemtim.o(i.SystemTim10MsTick_Handler) refers to app_led.o(i.App_LED_Tim10Ms) for App_LED_Tim10Ms
    systemtim.o(i.SystemTim10MsTick_Handler) refers to app_touch.o(i.App_Touch_Tim10Ms) for App_Touch_Tim10Ms
    systemtim.o(i.SystemTim10MsTick_Handler) refers to app_key.o(i.App_Key_Tim10Ms) for App_Key_Tim10Ms
    systemtim.o(i.SystemTim10MsTick_Handler) refers to app_gui.o(i.App_GUI_Tim10Ms) for App_GUI_Tim10Ms
    systemtim.o(i.SystemTim10MsTick_Handler) refers to app_finger.o(i.App_FINGER_Tim10Ms) for App_FINGER_Tim10Ms
    systemtim.o(i.SystemTim10MsTick_Handler) refers to app_screen.o(i.App_SCREEN_Tim10Ms) for App_SCREEN_Tim10Ms
    systemtim.o(i.SystemTim10MsTick_Handler) refers to app_cam.o(i.App_CAM_Tim10Ms) for App_CAM_Tim10Ms
    systemtim.o(i.SystemTim10MsTick_Handler) refers to app_wifi.o(i.App_Wifi_Tim10Ms) for App_Wifi_Tim10Ms
    systemtim.o(i.SystemTim10MsTick_Handler) refers to app_update.o(i.APP_UpdateWorkCntCountDown) for APP_UpdateWorkCntCountDown
    systemtim.o(i.SystemTim10MsTick_Handler) refers to app_humansensor.o(i.App_HumanSensor_Tim10Ms) for App_HumanSensor_Tim10Ms
    systemtim.o(i.SystemTim10MsTick_Handler) refers to scheduler.o(i.App_Scheduler_Tim10Ms) for App_Scheduler_Tim10Ms
    systemtim.o(i.SystemTim10MsTick_Handler) refers to hal_motor.o(i.HAL_Motor_Tim1000Ms) for HAL_Motor_Tim1000Ms
    systemtim.o(i.SystemTim10MsTick_Handler) refers to hal_rtc.o(i.HAL_RTC_Systick) for HAL_RTC_Systick
    systemtim.o(i.SystemTim10MsTick_Handler) refers to se_timer.o(i.Id2Tim_SeTimer_s) for Id2Tim_SeTimer_s
    systemtim.o(i.SystemTim10MsTick_Handler) refers to systemtim.o(.data) for SystemTick
    systemtim.o(i.SystemTim10MsTick_Handler) refers to systeminit.o(.data) for SelfCheckDelayTimMs
    systemtim.o(i.SystemTimerIint) refers to drv_timer.o(i.DRV_TimerInit) for DRV_TimerInit
    systemtim.o(i.SystemTimerIint) refers to systemtim.o(i.SystemTim10MsTick_Handler) for SystemTim10MsTick_Handler
    systeminit.o(i.GetSystemParaFromFlash) refers to system.o(i.SystemReadFlash) for SystemReadFlash
    systeminit.o(i.GetSystemParaFromFlash) refers to systeminit.o(.data) for EepromErrState
    systeminit.o(i.SelfCheckAlarmButtonHandler) refers to drv_interface.o(i.DRV_InterPrint) for DRV_InterPrint
    systeminit.o(i.SelfCheckAlarmButtonHandler) refers to app_gui.o(i.App_GUI_GetSysWakeupType) for App_GUI_GetSysWakeupType
    systeminit.o(i.SelfCheckAlarmButtonHandler) refers to app_export.o(i.App_Export_GetAlrmWarmState) for App_Export_GetAlrmWarmState
    systeminit.o(i.SelfCheckAlarmButtonHandler) refers to app_gui.o(i.App_GUI_MenuJump) for App_GUI_MenuJump
[...]
    0x0002cfea   0x0002cfea   0x0000020a   Code   RO        12146    i.SEGGER_RTT_vprintf  segger_rtt_printf.o
    0x0002d1f4   0x0002d1f4   0x00000016   Code   RO         3933    i.SET_SDA_IN        drv_iic.o
    0x0002d20a   0x0002d20a   0x00000008   Code   RO        10362    i.SWI0_EGU0_IRQHandler  app_timer.o
    0x0002d212   0x0002d212   0x00000008   Code   RO        12197    i.SWI2_EGU2_IRQHandler  nrf_sdh.o
    0x0002d21a   0x0002d21a   0x00000002   PAD
    0x0002d21c   0x0002d21c   0x000000e4   Code   RO          383    i.SelfCheckAlarmButtonHandler  systeminit.o
    0x0002d300   0x0002d300   0x00000164   Code   RO          384    i.SelfCheckBatErrorHandler  systeminit.o
    0x0002d464   0x0002d464   0x000002ec   Code   RO          385    i.SelfCheckBatVolWarmHandler  systeminit.o
    0x0002d750   0x0002d750   0x000000c8   Code   RO          386    i.SelfCheckButtonStateHandler  systeminit.o
    0x0002d818   0x0002d818   0x0000003c   Code   RO          387    i.SelfCheckEepromErrHandler  systeminit.o
    0x0002d854   0x0002d854   0x00000034   Code   RO          388    i.SelfCheckProBreakHandler  systeminit.o
    0x0002d888   0x0002d888   0x00000034   Code   RO          389    i.SelfCheckProNormalHandler  systeminit.o
    0x0002d8bc   0x0002d8bc   0x000000d4   Code   RO          390    i.SelfCheckTryProtectHandler  systeminit.o
    0x0002d990   0x0002d990   0x0000002c   Code   RO         2241    i.SmartKeyDeleteClear  app_smartkey.o
    0x0002d9bc   0x0002d9bc   0x00000058   Code   RO         2242    i.SmartKeyDeleteId  app_smartkey.o
    0x0002da14   0x0002da14   0x0000001a   Code   RO         2243    i.SmartKeyReadId    app_smartkey.o
    0x0002da2e   0x0002da2e   0x00000002   PAD
    0x0002da30   0x0002da30   0x00000058   Code   RO         2244    i.SmartKeyWriteId   app_smartkey.o
    0x0002da88   0x0002da88   0x00000184   Code   RO         2245    i.SmartkeyCheckRegId  app_smartkey.o
    0x0002dc0c   0x0002dc0c   0x0000000c   Code   RO         2246    i.SmartkeyPageidAddr  app_smartkey.o
    0x0002dc18   0x0002dc18   0x00000036   Code   RO         2247    i.SmartkeySearchEmptyReg  app_smartkey.o
    0x0002dc4e   0x0002dc4e   0x00000002   PAD
    0x0002dc50   0x0002dc50   0x00000074   Code   RO         1268    i.SystemAppBleInit  app_ble.o
    0x0002dcc4   0x0002dcc4   0x00000124   Code   RO          718    i.SystemCfgVersionUpdate  system.o
    0x0002dde8   0x0002dde8   0x000002c0   Code   RO          391    i.SystemConfigInit  systeminit.o
    0x0002e0a8   0x0002e0a8   0x00000010   Code   RO        12429    i.SystemCoreClockUpdate  system_nrf52.o
    0x0002e0b8   0x0002e0b8   0x00000050   Code   RO          719    i.SystemEventLogClear  system.o
    0x0002e108   0x0002e108   0x00000420   Code   RO          720    i.SystemEventLogSave  system.o
    0x0002e528   0x0002e528   0x00000284   Code   RO        12430    i.SystemInit        system_nrf52.o
    0x0002e7ac   0x0002e7ac   0x0000019c   Code   RO          721    i.SystemInitFlash   system.o
    0x0002e948   0x0002e948   0x0000000c   Code   RO          223    i.SystemLifeTickTimerCtrl  systemtim.o
    0x0002e954   0x0002e954   0x00000030   Code   RO          224    i.SystemLifeTickTimerHandler  systemtim.o
    0x0002e984   0x0002e984   0x00000034   Code   RO          225    i.SystemLifeTickTimerInit  systemtim.o
    0x0002e9b8   0x0002e9b8   0x00000008   Code   RO          392    i.SystemManagerModelInit  systeminit.o
    0x0002e9c0   0x0002e9c0   0x000001a4   Code   RO          393    i.SystemParaBackFactoryIntoFlash  systeminit.o
    0x0002eb64   0x0002eb64   0x00000034   Code   RO          722    i.SystemReadFixSeting  system.o
    0x0002eb98   0x0002eb98   0x000000bc   Code   RO          723    i.SystemReadFlash   system.o
    0x0002ec54   0x0002ec54   0x00000034   Code   RO          724    i.SystemReadSeting  system.o
    0x0002ec88   0x0002ec88   0x00000002   Code   RO          394    i.SystemSdkRTTLogInit  systeminit.o
    0x0002ec8a   0x0002ec8a   0x00000002   PAD
    0x0002ec8c   0x0002ec8c   0x000001d4   Code   RO          395    i.SystemSelfCheck   systeminit.o
    0x0002ee60   0x0002ee60   0x0000001c   Code   RO          396    i.SystemSleepBusClkInit  systeminit.o
    0x0002ee7c   0x0002ee7c   0x0000007c   Code   RO          397    i.SystemSleepInit   systeminit.o
    0x0002eef8   0x0002eef8   0x00000168   Code   RO          226    i.SystemTim10MsTick_Handler  systemtim.o
    0x0002f060   0x0002f060   0x00000014   Code   RO          227    i.SystemTimerIint   systemtim.o
    0x0002f074   0x0002f074   0x000000f4   Code   RO          398    i.SystemWaitSteady  systeminit.o
    0x0002f168   0x0002f168   0x00000148   Code   RO          399    i.SystemWakeupInit  systeminit.o
    0x0002f2b0   0x0002f2b0   0x00000040   Code   RO          655    i.SystemWakeupPin_ISR_Disable  isr.o
    0x0002f2f0   0x0002f2f0   0x00000028   Code   RO          656    i.SystemWakeupPin_ISR_Enable  isr.o
    0x0002f318   0x0002f318   0x00000020   Code   RO          400    i.SystemWorkBusClkInit  systeminit.o
    0x0002f338   0x0002f338   0x00000010   Code   RO          401    i.SystemWorkLedStateDisplay  systeminit.o
    0x0002f348   0x0002f348   0x0000003c   Code   RO          725    i.SystemWriteFixSeting  system.o
    0x0002f384   0x0002f384   0x00000074   Code   RO          726    i.SystemWriteSeting  system.o
    0x0002f3f8   0x0002f3f8   0x00000018   Code   RO         9821    i.TIMER1_IRQHandler  nrfx_timer.o
    0x0002f410   0x0002f410   0x00000010   Code   RO         9159    i.UARTE0_UART0_IRQHandler  nrfx_prs.o
    0x0002f420   0x0002f420   0x0000001c   Code   RO         1531    i.WIFI_GetCheckSumWord  app_wifi.o
    0x0002f43c   0x0002f43c   0x00000034   Code   RO         1532    i.WIFI_PowerOff     app_wifi.o
    0x0002f470   0x0002f470   0x00000078   Code   RO         1533    i.WIFI_PowerOn      app_wifi.o
    0x0002f4e8   0x0002f4e8   0x00000010   Code   RO         1534    i.WIFI_UploadDataClear  app_wifi.o
    0x0002f4f8   0x0002f4f8   0x0000008c   Code   RO         1535    i.WIFI_UploadDataFill  app_wifi.o
    0x0002f584   0x0002f584   0x00000048   Code   RO         1536    i.WIFI_UploadDataGetLength  app_wifi.o
    0x0002f5cc   0x0002f5cc   0x0000030c   Code   RO          657    i.WakeupISRhandler  isr.o
    0x0002f8d8   0x0002f8d8   0x00000070   Code   RO        11970    i._DoInit           segger_rtt.o
    0x0002f948   0x0002f948   0x0000001c   Code   RO        11971    i._GetAvailWriteSpace  segger_rtt.o
    0x0002f964   0x0002f964   0x000000ec   Code   RO        12147    i._PrintInt         segger_rtt_printf.o
    0x0002fa50   0x0002fa50   0x000000ec   Code   RO        12148    i._PrintUnsigned    segger_rtt_printf.o
    0x0002fb3c   0x0002fb3c   0x00000044   Code   RO        12149    i._StoreChar        segger_rtt_printf.o
    0x0002fb80   0x0002fb80   0x00000072   Code   RO        11973    i._WriteBlocking    segger_rtt.o
    0x0002fbf2   0x0002fbf2   0x0000004c   Code   RO        11974    i._WriteNoCheck     segger_rtt.o
    0x0002fc3e   0x0002fc3e   0x00000002   PAD
    0x0002fc40   0x0002fc40   0x00000010   Code   RO        12549    i.__0vprintf        mc_w.l(printfa.o)
    0x0002fc50   0x0002fc50   0x00000034   Code   RO        12550    i.__0vsnprintf      mc_w.l(printfa.o)
    0x0002fc84   0x0002fc84   0x0000000e   Code   RO        12645    i.__scatterload_copy  mc_w.l(handlers.o)
    0x0002fc92   0x0002fc92   0x00000002   Code   RO        12646    i.__scatterload_null  mc_w.l(handlers.o)
    0x0002fc94   0x0002fc94   0x0000000e   Code   RO        12647    i.__scatterload_zeroinit  mc_w.l(handlers.o)
    0x0002fca2   0x0002fca2   0x00000002   PAD
    0x0002fca4   0x0002fca4   0x00000038   Code   RO        12198    i.__sd_nvic_app_accessible_irq  nrf_sdh.o
    0x0002fcdc   0x0002fcdc   0x0000000c   Code   RO        10670    i.__sd_nvic_irq_disable  app_util_platform.o
    0x0002fce8   0x0002fce8   0x0000001c   Code   RO        12199    i.__sd_nvic_is_app_accessible_priority  nrf_sdh.o
    0x0002fd04   0x0002fd04   0x00000030   Code   RO         6731    i._check_km_key_name  km_to_irot.o
    0x0002fd34   0x0002fd34   0x000000a0   Code   RO         6732    i._dump_chip_conf_info  km_to_irot.o
    0x0002fdd4   0x0002fdd4   0x00000110   Code   RO         6501    i._dump_id2_conf_info  id2_client.o
    0x0002fee4   0x0002fee4   0x00000184   Code   RO        12552    i._fp_digits        mc_w.l(printfa.o)
    0x00030068   0x00030068   0x0000046c   Code   RO         6502    i._id2_gen_auth_code  id2_client.o
    0x000304d4   0x000304d4   0x00000034   Code   RO         6503    i._id2_hash         id2_client.o
    0x00030508   0x00030508   0x000000f0   Code   RO         6505    i._id2_sign         id2_client.o
    0x000305f8   0x000305f8   0x000001fc   Code   RO         6506    i._id2_sym_cipher   id2_client.o
    0x000307f4   0x000307f4   0x000006b4   Code   RO        12553    i._printf_core      mc_w.l(printfa.o)
    0x00030ea8   0x00030ea8   0x00000024   Code   RO        12554    i._printf_post_padding  mc_w.l(printfa.o)
    0x00030ecc   0x00030ecc   0x0000002e   Code   RO        12555    i._printf_pre_padding  mc_w.l(printfa.o)
    0x00030efa   0x00030efa   0x00000016   Code   RO        12556    i._snputc           mc_w.l(printfa.o)
    0x00030f10   0x00030f10   0x0000006c   Code   RO         6266    i._trans_errno      api_hash.o
    0x00030f7c   0x00030f7c   0x0000005a   Code   RO         7114    i.a7_i2c_read_byte  se_driver.o
    0x00030fd6   0x00030fd6   0x0000002a   Code   RO         7115    i.a7_i2c_restart    se_driver.o
    0x00031000   0x00031000   0x00000034   Code   RO         7116    i.a7_i2c_send_ack   se_driver.o
    0x00031034   0x00031034   0x00000022   Code   RO         7117    i.a7_i2c_send_noack  se_driver.o
    0x00031056   0x00031056   0x0000003c   Code   RO         7120    i.a7_i2c_wait_ack   se_driver.o
    0x00031092   0x00031092   0x00000048   Code   RO         7121    i.a7_i2c_write_byte  se_driver.o
    0x000310da   0x000310da   0x00000018   Code   RO         7706    i.addr_is_valid     ble_advertising.o
    0x000310f2   0x000310f2   0x00000058   Code   RO         7707    i.adv_mode_next_avail_get  ble_advertising.o
    0x0003114a   0x0003114a   0x00000012   Code   RO         7708    i.adv_mode_next_get  ble_advertising.o
    0x0003115c   0x0003115c   0x00000088   Code   RO         4150    i.advertising_init  drv_ble.o
    0x000311e4   0x000311e4   0x0000003c   Code   RO         5595    i.aes_add_round_key  rijndael.o
    0x00031220   0x00031220   0x000000c4   Code   RO         5599    i.aes_decrypt       rijndael.o
    0x000312e4   0x000312e4   0x0000001c   Code   RO         5601    i.aes_decrypt_ecb   rijndael.o
    0x00031300   0x00031300   0x000000c8   Code   RO         5603    i.aes_encrypt       rijndael.o
    0x000313c8   0x000313c8   0x0000001c   Code   RO         5605    i.aes_encrypt_ecb   rijndael.o
    0x000313e4   0x000313e4   0x000000dc   Code   RO         5606    i.aes_key_expansion  rijndael.o
    0x000314c0   0x000314c0   0x00000090   Code   RO         5607    i.aes_mix_columns   rijndael.o
    0x00031550   0x00031550   0x00000094   Code   RO         5608    i.aes_mul           rijndael.o
    0x000315e4   0x000315e4   0x0000000c   Code   RO         5609    i.aes_rot_dword     rijndael.o
    0x000315f0   0x000315f0   0x00000058   Code   RO         5610    i.aes_shift_rows    rijndael.o
    0x00031648   0x00031648   0x00000038   Code   RO         5611    i.aes_sub_bytes     rijndael.o
    0x00031680   0x00031680   0x00000034   Code   RO         5612    i.aes_sub_dword     rijndael.o
    0x000316b4   0x000316b4   0x0000000c   Code   RO         5613    i.aes_sub_sbox      rijndael.o
    0x000316c0   0x000316c0   0x0000001a   Code   RO         5614    i.aes_swap_dword    rijndael.o
    0x000316da   0x000316da   0x00000014   Code   RO         5615    i.aes_xtime         rijndael.o
    0x000316ee   0x000316ee   0x0000001c   Code   RO         5616    i.aes_xtimes        rijndael.o
    0x0003170a   0x0003170a   0x00000002   PAD
    0x0003170c   0x0003170c   0x00000088   Code   RO         6267    i.ali_hash_digest   api_hash.o
    0x00031794   0x00031794   0x00000134   Code   RO         6273    i.ali_sha256_digest  api_hash.o
    0x000318c8   0x000318c8   0x00000070   Code   RO         6274    i.ali_sha256_final  api_hash.o
    0x00031938   0x00031938   0x00000030   Code   RO         6275    i.ali_sha256_get_ctx_size  api_hash.o
    0x00031968   0x00031968   0x0000004c   Code   RO         6276    i.ali_sha256_init   api_hash.o
    0x000319b4   0x000319b4   0x00000070   Code   RO         6277    i.ali_sha256_update  api_hash.o
    0x00031a24   0x00031a24   0x0000022c   Code   RO         7507    i.apdu_transmit_wrap  std_se_adapter.o
    0x00031c50   0x00031c50   0x0000005c   Code   RO        10256    i.app_error_fault_handler  app_error_weak.o
    0x00031cac   0x00031cac   0x0000001c   Code   RO        10200    i.app_error_handler_bare  app_error.o
    0x00031cc8   0x00031cc8   0x0000000a   Code   RO         5838    i.app_fifo_flush    app_fifo.o
    0x00031cd2   0x00031cd2   0x0000001e   Code   RO         5839    i.app_fifo_get      app_fifo.o
    0x00031cf0   0x00031cf0   0x00000024   Code   RO         5840    i.app_fifo_init     app_fifo.o
    0x00031d14   0x00031d14   0x00000022   Code   RO         5842    i.app_fifo_put      app_fifo.o
    0x00031d36   0x00031d36   0x00000002   PAD
    0x00031d38   0x00031d38   0x00000200   Code   RO         1855    i.app_finger_ack_ok  app_finger.o
    0x00031f38   0x00031f38   0x00000028   Code   RO         1856    i.app_finger_ack_scan  app_finger.o
    0x00031f60   0x00031f60   0x000000c8   Code   RO         1857    i.app_finger_add    app_finger.o
    0x00032028   0x00032028   0x000000c4   Code   RO         1858    i.app_finger_cfg_get_nullnum  app_finger.o
    0x000320ec   0x000320ec   0x00000062   Code   RO         1859    i.app_finger_cfg_get_registid  app_finger.o
    0x0003214e   0x0003214e   0x0000002a   Code   RO         1860    i.app_finger_cfg_read  app_finger.o
    0x00032178   0x00032178   0x0000006c   Code   RO         1861    i.app_finger_cfg_reset  app_finger.o
    0x000321e4   0x000321e4   0x00000064   Code   RO         1862    i.app_finger_cfg_reset_common  app_finger.o
    0x00032248   0x00032248   0x00000154   Code   RO         1863    i.app_finger_cfg_write  app_finger.o
    0x0003239c   0x0003239c   0x000000ac   Code   RO         1864    i.app_finger_cfg_write_null  app_finger.o
    0x00032448   0x00032448   0x00000190   Code   RO         1865    i.app_finger_check_access  app_finger.o
    0x000325d8   0x000325d8   0x000000cc   Code   RO         1866    i.app_finger_clear  app_finger.o
    0x000326a4   0x000326a4   0x00000074   Code   RO         1867    i.app_finger_clear_common  app_finger.o
    0x00032718   0x00032718   0x00000088   Code   RO         1868    i.app_finger_delete  app_finger.o
    0x000327a0   0x000327a0   0x00000070   Code   RO         1869    i.app_finger_get_led  app_finger.o
    0x00032810   0x00032810   0x00000020   Code   RO         1870    i.app_finger_img_cnt  app_finger.o
    0x00032830   0x00032830   0x0000000c   Code   RO         1871    i.app_finger_img_get  app_finger.o
    0x0003283c   0x0003283c   0x0000000c   Code   RO         1872    i.app_finger_img_reset  app_finger.o
    0x00032848   0x00032848   0x00000120   Code   RO         1873    i.app_finger_inparam_scan  app_finger.o
    0x00032968   0x00032968   0x00000094   Code   RO         1874    i.app_finger_report  app_finger.o
    0x000329fc   0x000329fc   0x00000068   Code   RO         1875    i.app_finger_reset_flag  app_finger.o
    0x00032a64   0x00032a64   0x0000010c   Code   RO         1876    i.app_finger_search  app_finger.o
    0x00032b70   0x00032b70   0x00000020   Code   RO         1877    i.app_finger_work_cnt  app_finger.o
    0x00032b90   0x00032b90   0x0000000c   Code   RO         1878    i.app_finger_work_get  app_finger.o
    0x00032b9c   0x00032b9c   0x0000001c   Code   RO         1879    i.app_finger_work_set_10ms  app_finger.o
    0x00032bb8   0x00032bb8   0x0000003c   Code   RO        11678    i.app_simple_timer_event_handler  app_simple_timer.o
    0x00032bf4   0x00032bf4   0x00000044   Code   RO        11679    i.app_simple_timer_init  app_simple_timer.o
    0x00032c38   0x00032c38   0x000000bc   Code   RO        11680    i.app_simple_timer_start  app_simple_timer.o
    0x00032cf4   0x00032cf4   0x00000024   Code   RO        11681    i.app_simple_timer_stop  app_simple_timer.o
    0x00032d18   0x00032d18   0x0000003c   Code   RO        10365    i.app_timer_create  app_timer.o
    0x00032d54   0x00032d54   0x0000005c   Code   RO        10366    i.app_timer_init    app_timer.o
    0x00032db0   0x00032db0   0x00000054   Code   RO        10369    i.app_timer_start   app_timer.o
    0x00032e04   0x00032e04   0x00000030   Code   RO        10370    i.app_timer_stop    app_timer.o
    0x00032e34   0x00032e34   0x00000034   Code   RO        10579    i.app_uart_close    app_uart_fifo.o
    0x00032e68   0x00032e68   0x00000054   Code   RO        10581    i.app_uart_get      app_uart_fifo.o
    0x00032ebc   0x00032ebc   0x000000dc   Code   RO        10582    i.app_uart_init     app_uart_fifo.o
    0x00032f98   0x00032f98   0x0000006c   Code   RO        10583    i.app_uart_put      app_uart_fifo.o
    0x00033004   0x00033004   0x0000000c   Code   RO        10671    i.app_util_critical_region_enter  app_util_platform.o
    0x00033010   0x00033010   0x00000048   Code   RO        10672    i.app_util_critical_region_exit  app_util_platform.o
    0x00033058   0x00033058   0x00000052   Code   RO         7579    i.appearance_encode  ble_advdata.o
    0x000330aa   0x000330aa   0x0000007c   Code   RO         9210    i.apply_config      nrfx_uart.o
    0x00033126   0x00033126   0x0000007c   Code   RO         9455    i.apply_config      nrfx_uarte.o
    0x000331a2   0x000331a2   0x0000006c   Code   RO         8141    i.blcm_link_ctx_get  ble_link_ctx_manager.o
    0x0003320e   0x0003320e   0x0000016c   Code   RO         7581    i.ble_advdata_encode  ble_advdata.o
    0x0003337a   0x0003337a   0x00000028   Code   RO         7583    i.ble_advdata_parse  ble_advdata.o
    0x000333a2   0x000333a2   0x00000040   Code   RO         7584    i.ble_advdata_search  ble_advdata.o
    0x000333e2   0x000333e2   0x00000006   Code   RO         7709    i.ble_advertising_conn_cfg_tag_set  ble_advertising.o
    0x000333e8   0x000333e8   0x00000108   Code   RO         7710    i.ble_advertising_init  ble_advertising.o
    0x000334f0   0x000334f0   0x0000003c   Code   RO         7712    i.ble_advertising_on_ble_evt  ble_advertising.o
    0x0003352c   0x0003352c   0x00000040   Code   RO         7713    i.ble_advertising_on_sys_evt  ble_advertising.o
    0x0003356c   0x0003356c   0x00000180   Code   RO         7716    i.ble_advertising_start  ble_advertising.o
    0x000336ec   0x000336ec   0x0000009c   Code   RO         7862    i.ble_conn_params_init  ble_conn_params.o
    0x00033788   0x00033788   0x00000014   Code   RO         7962    i.ble_conn_state_conn_idx  ble_conn_state.o
    0x0003379c   0x0003379c   0x0000001c   Code   RO         7975    i.ble_conn_state_valid  ble_conn_state.o
    0x000337b8   0x000337b8   0x00000076   Code   RO         7587    i.ble_device_addr_encode  ble_advdata.o
    0x0003382e   0x0003382e   0x00000002   PAD
    0x00033830   0x00033830   0x000001d0   Code   RO         4151    i.ble_evt_handler   drv_ble.o
    0x00033a00   0x00033a00   0x00000040   Code   RO         7864    i.ble_evt_handler   ble_conn_params.o
    0x00033a40   0x00033a40   0x000000b4   Code   RO         7976    i.ble_evt_handler   ble_conn_state.o
    0x00033af4   0x00033af4   0x000002dc   Code   RO         2160    i.ble_module_update_data_rec  app_update.o
    0x00033dd0   0x00033dd0   0x00000024   Code   RO         2161    i.ble_module_update_figo_init  app_update.o
    0x00033df4   0x00033df4   0x0000007a   Code   RO         8373    i.ble_nus_data_send  ble_nus.o
    0x00033e6e   0x00033e6e   0x00000002   PAD
    0x00033e70   0x00033e70   0x000000b8   Code   RO         8374    i.ble_nus_init      ble_nus.o
    0x00033f28   0x00033f28   0x00000044   Code   RO         8375    i.ble_nus_on_ble_evt  ble_nus.o
    0x00033f6c   0x00033f6c   0x00000012   Code   RO         8167    i.ble_srv_is_notification_enabled  ble_srv_common.o
    0x00033f7e   0x00033f7e   0x00000056   Code   RO         4152    i.ble_stack_init    drv_ble.o
    0x00033fd4   0x00033fd4   0x000000fc   Code   RO         4153    i.ble_tx_event_handle  drv_ble.o
    0x000340d0   0x000340d0   0x00000030   Code   RO         1399    i.cam_clear_queue   app_cam.o
    0x00034100   0x00034100   0x00000048   Code   RO         1400    i.cam_get_queue_len  app_cam.o
    0x00034148   0x00034148   0x000000c0   Code   RO         1401    i.cam_reset_queue_data  app_cam.o
    0x00034208   0x00034208   0x00000020   Code   RO         8812    i.channel_free      nrfx_gpiote.o
    0x00034228   0x00034228   0x00000010   Code   RO         8813    i.channel_handler_get  nrfx_gpiote.o
    0x00034238   0x00034238   0x00000080   Code   RO         8814    i.channel_port_alloc  nrfx_gpiote.o
    0x000342b8   0x000342b8   0x0000000c   Code   RO         8815    i.channel_port_get  nrfx_gpiote.o
    0x000342c4   0x000342c4   0x000000d4   Code   RO         6471    i.chip_log_hex_dump  chip_log.o
    0x00034398   0x00034398   0x00000030   Code   RO         8442    i.clock_clk_started_notify  nrf_drv_clock.o
    0x000343c8   0x000343c8   0x00000028   Code   RO         8443    i.clock_irq_handler  nrf_drv_clock.o
    0x000343f0   0x000343f0   0x00000090   Code   RO        10372    i.compare_reg_update  app_timer.o
    0x00034480   0x00034480   0x00000028   Code   RO         7718    i.config_is_valid   ble_advertising.o
    0x000344a8   0x000344a8   0x0000003c   Code   RO         7977    i.conn_handle_list_get  ble_conn_state.o
    0x000344e4   0x000344e4   0x0000005a   Code   RO         7588    i.conn_int_check    ble_advdata.o
    0x0003453e   0x0003453e   0x00000068   Code   RO         7589    i.conn_int_encode   ble_advdata.o
    0x000345a6   0x000345a6   0x00000018   Code   RO         4155    i.conn_params_error_handler  drv_ble.o
    0x000345be   0x000345be   0x00000002   PAD
    0x000345c0   0x000345c0   0x0000005c   Code   RO         4156    i.conn_params_init  drv_ble.o
    0x0003461c   0x0003461c   0x00000054   Code   RO         7865    i.conn_params_negotiation  ble_conn_params.o
    0x00034670   0x00034670   0x00000064   Code   RO        10373    i.elapsed_ticks_acquire  app_timer.o
    0x000346d4   0x000346d4   0x00000058   Code   RO        11289    i.erase             nrf_fstorage_sd.o
    0x0003472c   0x0003472c   0x0000000e   Code   RO        11290    i.erase_execute     nrf_fstorage_sd.o
    0x0003473a   0x0003473a   0x00000002   PAD
    0x0003473c   0x0003473c   0x00000054   Code   RO        12431    i.errata_108        system_nrf52.o
    0x00034790   0x00034790   0x00000054   Code   RO        12432    i.errata_12         system_nrf52.o
    0x000347e4   0x000347e4   0x00000054   Code   RO        12433    i.errata_136        system_nrf52.o
    0x00034838   0x00034838   0x00000030   Code   RO        12434    i.errata_16         system_nrf52.o
    0x00034868   0x00034868   0x00000020   Code   RO        12435    i.errata_182        system_nrf52.o
    0x00034888   0x00034888   0x00000054   Code   RO        12436    i.errata_31         system_nrf52.o
    0x000348dc   0x000348dc   0x00000030   Code   RO        12437    i.errata_32         system_nrf52.o
    0x0003490c   0x0003490c   0x00000054   Code   RO        12438    i.errata_36         system_nrf52.o
    0x00034960   0x00034960   0x00000030   Code   RO        12439    i.errata_37         system_nrf52.o
    0x00034990   0x00034990   0x00000030   Code   RO        12440    i.errata_57         system_nrf52.o
    0x000349c0   0x000349c0   0x00000030   Code   RO        12441    i.errata_66         system_nrf52.o
    0x000349f0   0x000349f0   0x00000068   Code   RO        11291    i.event_send        nrf_fstorage_sd.o
    0x00034a58   0x00034a58   0x00000058   Code   RO        10374    i.expired_timers_handler  app_timer.o
    0x00034ab0   0x00034ab0   0x00000018   Code   RO         5845    i.fifo_get          app_fifo.o
    0x00034ac8   0x00034ac8   0x0000000a   Code   RO         5846    i.fifo_length       app_fifo.o
    0x00034ad2   0x00034ad2   0x0000000a   Code   RO        10584    i.fifo_length       app_uart_fifo.o
    0x00034adc   0x00034adc   0x00000012   Code   RO         5847    i.fifo_peek         app_fifo.o
    0x00034aee   0x00034aee   0x00000012   Code   RO         5848    i.fifo_put          app_fifo.o
    0x00034b00   0x00034b00   0x0000010c   Code   RO         2942    i.finger_my_printf  finger.o
    0x00034c0c   0x00034c0c   0x00000044   Code   RO         2943    i.finger_pack_start  finger.o
    0x00034c50   0x00034c50   0x00000014   Code   RO         2944    i.finger_pack_stop  finger.o
    0x00034c64   0x00034c64   0x0000027c   Code   RO         2945    i.finger_sleep_ex   finger.o
    0x00034ee0   0x00034ee0   0x00000064   Code   RO         2946    i.finger_status_return_zero  finger.o
    0x00034f44   0x00034f44   0x00000294   Code   RO         2947    i.finger_uart_rx    finger.o
    0x000351d8   0x000351d8   0x00000244   Code   RO         2948    i.finger_uart_rx_handler  finger.o
    0x0003541c   0x0003541c   0x0000046c   Code   RO         2949    i.finger_uart_tx    finger.o
    0x00035888   0x00035888   0x00000036   Code   RO         7590    i.flags_encode      ble_advdata.o
    0x000358be   0x000358be   0x0000002a   Code   RO         7719    i.flags_set         ble_advertising.o
    0x000358e8   0x000358e8   0x0000000a   Code   RO         7720    i.flash_access_in_progress  ble_advertising.o
    0x000358f2   0x000358f2   0x00000002   PAD
    0x000358f4   0x000358f4   0x00000020   Code   RO         7124    i.fm_i2c_close_device  se_driver.o
    0x00035914   0x00035914   0x00000018   Code   RO         7125    i.fm_i2c_dev_init   se_driver.o
    0x0003592c   0x0003592c   0x0000000c   Code   RO         7126    i.fm_i2c_drv_reg    se_driver.o
    0x00035938   0x00035938   0x0000000c   Code   RO         7127    i.fm_i2c_drv_unreg  se_driver.o
    0x00035944   0x00035944   0x0000003e   Code   RO         7128    i.fm_i2c_get_atr    se_driver.o
    0x00035982   0x00035982   0x00000002   PAD
    0x00035984   0x00035984   0x00000024   Code   RO         7129    i.fm_i2c_open_device  se_driver.o
    0x000359a8   0x000359a8   0x000000f8   Code   RO         7130    i.fm_i2c_recv_frame  se_driver.o
    0x00035aa0   0x00035aa0   0x000000cc   Code   RO         7131    i.fm_i2c_send_frame  se_driver.o
    0x00035b6c   0x00035b6c   0x0000007c   Code   RO         7132    i.fm_i2c_transceive  se_driver.o
    0x00035be8   0x00035be8   0x00000020   Code   RO         7133    i.fm_se_register    se_driver.o
    0x00035c08   0x00035c08   0x00000018   Code   RO        11635    i.fputc             retarget.o
    0x00035c20   0x00035c20   0x00000050   Code   RO        12572    i.free              mc_w.l(malloc.o)
    0x00035c70   0x00035c70   0x00000120   Code   RO         4157    i.gap_params_init   drv_ble.o
    0x00035d90   0x00035d90   0x00000028   Code   RO         4158    i.gatt_evt_handler  drv_ble.o
    0x00035db8   0x00035db8   0x00000044   Code   RO         4159    i.gatt_init         drv_ble.o
    0x00035dfc   0x00035dfc   0x00000048   Code   RO         6682    i.hex_to_string     id2_util.o
    0x00035e44   0x00035e44   0x00000014   Code   RO         8444    i.hfclk_start       nrf_drv_clock.o
    0x00035e58   0x00035e58   0x00000024   Code   RO         8445    i.hfclk_stop        nrf_drv_clock.o
    0x00035e7c   0x00035e7c   0x00000194   Code   RO         6508    i.id2_client_decrypt  id2_client.o
    0x00036010   0x00036010   0x00000094   Code   RO         6510    i.id2_client_get_challenge_auth_code  id2_client.o
    0x000360a4   0x000360a4   0x000001a4   Code   RO         6512    i.id2_client_get_id  id2_client.o
    0x00036248   0x00036248   0x00000098   Code   RO         6516    i.id2_client_init   id2_client.o
    0x000362e0   0x000362e0   0x00000002   Code   RO         6683    i.id2_log_hex_dump  id2_util.o
    0x000362e2   0x000362e2   0x00000002   PAD
    0x000362e4   0x000362e4   0x00000100   Code   RO         6637    i.id2_plat_base64_encode  id2_plat.o
    0x000363e4   0x000363e4   0x00000012   Code   RO         6638    i.id2_plat_get_random  id2_plat.o
    0x000363f6   0x000363f6   0x00000002   PAD
    0x000363f8   0x000363f8   0x00000050   Code   RO         6639    i.id2_plat_hash_sum  id2_plat.o
    0x00036448   0x00036448   0x00000164   Code   RO         7445    i.impl_sha256_finish  sha256.o
    0x000365ac   0x000365ac   0x0000000e   Code   RO         7447    i.impl_sha256_init  sha256.o
    0x000365ba   0x000365ba   0x00000002   PAD
    0x000365bc   0x000365bc   0x00000dd0   Code   RO         7448    i.impl_sha256_process  sha256.o
    0x0003738c   0x0003738c   0x00000090   Code   RO         7449    i.impl_sha256_starts  sha256.o
    0x0003741c   0x0003741c   0x0000007c   Code   RO         7450    i.impl_sha256_update  sha256.o
    0x00037498   0x00037498   0x0000003c   Code   RO        11292    i.init              nrf_fstorage_sd.o
    0x000374d4   0x000374d4   0x0000002c   Code   RO         7866    i.instance_get      ble_conn_params.o
    0x00037500   0x00037500   0x00000034   Code   RO         9211    i.interrupts_disable  nrfx_uart.o
    0x00037534   0x00037534   0x00000034   Code   RO         9456    i.interrupts_disable  nrfx_uarte.o
    0x00037568   0x00037568   0x000000a0   Code   RO         9212    i.interrupts_enable  nrfx_uart.o
    0x00037608   0x00037608   0x000000b4   Code   RO         9457    i.interrupts_enable  nrfx_uarte.o
    0x000376bc   0x000376bc   0x00000090   Code   RO         5617    i.inv_mix_columns   rijndael.o
    0x0003774c   0x0003774c   0x00000060   Code   RO         5618    i.inv_shift_rows    rijndael.o
    0x000377ac   0x000377ac   0x00000038   Code   RO         5619    i.inv_sub_bytes     rijndael.o
    0x000377e4   0x000377e4   0x0000000c   Code   RO         5620    i.inv_sub_sbox      rijndael.o
    0x000377f0   0x000377f0   0x000000b0   Code   RO         7510    i.irot_hal_get_id2  std_se_adapter.o
    0x000378a0   0x000378a0   0x00000124   Code   RO         7511    i.irot_hal_hash_sum  std_se_adapter.o
    0x000379c4   0x000379c4   0x00000018   Code   RO         7512    i.irot_hal_init     std_se_adapter.o
    0x000379dc   0x000379dc   0x0000012c   Code   RO         7513    i.irot_hal_sym_crypto  std_se_adapter.o
    0x00037b08   0x00037b08   0x0000005c   Code   RO         9822    i.irq_handler       nrfx_timer.o
    0x00037b64   0x00037b64   0x00000014   Code   RO        11293    i.is_busy           nrf_fstorage_sd.o
    0x00037b78   0x00037b78   0x00000072   Code   RO         7867    i.is_conn_params_ok  ble_conn_params.o
    0x00037bea   0x00037bea   0x00000002   PAD
    0x00037bec   0x00037bec   0x0000000c   Code   RO         6518    i.is_id2_client_inited  id2_client.o
    0x00037bf8   0x00037bf8   0x00000034   Code   RO         3177    i.is_leap_year      hal_rtc.o
    0x00037c2c   0x00037c2c   0x0000000c   Code   RO         8446    i.item_dequeue      nrf_drv_clock.o
    0x00037c38   0x00037c38   0x00000022   Code   RO         8447    i.item_enqueue      nrf_drv_clock.o
    0x00037c5a   0x00037c5a   0x00000002   PAD
    0x00037c5c   0x00037c5c   0x00000120   Code   RO         6733    i.km_cipher         km_to_irot.o
    0x00037d7c   0x00037d7c   0x0000002c   Code   RO         6741    i.km_get_id2        km_to_irot.o
    0x00037da8   0x00037da8   0x0000001c   Code   RO         6744    i.km_init           km_to_irot.o
    0x00037dc4   0x00037dc4   0x00000014   Code   RO         8448    i.lfclk_stop        nrf_drv_clock.o
    0x00037dd8   0x00037dd8   0x00000010   Code   RO         8233    i.link_init         nrf_ble_gatt.o
    0x00037de8   0x00037de8   0x0000013c   Code   RO        10375    i.list_insertions_handler  app_timer.o
    0x00037f24   0x00037f24   0x00000038   Code   RO         6843    i.ls_hal_sha256_finish  ls_hal_hash.o
    0x00037f5c   0x00037f5c   0x00000004   Code   RO         6844    i.ls_hal_sha256_get_size  ls_hal_hash.o
    0x00037f60   0x00037f60   0x0000003c   Code   RO         6845    i.ls_hal_sha256_init  ls_hal_hash.o
    0x00037f9c   0x00037f9c   0x00000040   Code   RO         6846    i.ls_hal_sha256_update  ls_hal_hash.o
    0x00037fdc   0x00037fdc   0x0000000c   Code   RO         6940    i.ls_osa_free       ls_osa.o
    0x00037fe8   0x00037fe8   0x0000000c   Code   RO         6941    i.ls_osa_malloc     ls_osa.o
    0x00037ff4   0x00037ff4   0x00000026   Code   RO         6942    i.ls_osa_snprintf   ls_osa.o
    0x0003801a   0x0003801a   0x0000000e   Code   RO            1    i.main              main.o
    0x00038028   0x00038028   0x0000006c   Code   RO        12573    i.malloc            mc_w.l(malloc.o)
    0x00038094   0x00038094   0x00000076   Code   RO         7591    i.manuf_specific_data_encode  ble_advdata.o
    0x0003810a   0x0003810a   0x00000002   PAD
    0x0003810c   0x0003810c   0x000000ec   Code   RO         6432    i.my_base64_decode  base64.o
    0x000381f8   0x000381f8   0x000000be   Code   RO         7592    i.name_encode       ble_advdata.o
    0x000382b6   0x000382b6   0x00000016   Code   RO        10795    i.nrf_atfifo_clear  nrf_atfifo.o
    0x000382cc   0x000382cc   0x00000028   Code   RO        10797    i.nrf_atfifo_init   nrf_atfifo.o
    0x000382f4   0x000382f4   0x0000001c   Code   RO        10798    i.nrf_atfifo_item_alloc  nrf_atfifo.o
    0x00038310   0x00038310   0x0000001c   Code   RO        10799    i.nrf_atfifo_item_free  nrf_atfifo.o
    0x0003832c   0x0003832c   0x0000001c   Code   RO        10800    i.nrf_atfifo_item_get  nrf_atfifo.o
    0x00038348   0x00038348   0x0000001c   Code   RO        10801    i.nrf_atfifo_item_put  nrf_atfifo.o
    0x00038364   0x00038364   0x0000001e   Code   RO        10869    i.nrf_atflags_clear  nrf_atflags.o
    0x00038382   0x00038382   0x0000001e   Code   RO        10874    i.nrf_atflags_get   nrf_atflags.o
    0x000383a0   0x000383a0   0x0000001e   Code   RO        10876    i.nrf_atflags_set   nrf_atflags.o
    0x000383be   0x000383be   0x0000000e   Code   RO        10939    i.nrf_atomic_flag_set_fetch  nrf_atomic.o
    0x000383cc   0x000383cc   0x00000016   Code   RO        10941    i.nrf_atomic_u32_and  nrf_atomic.o
    0x000383e2   0x000383e2   0x00000016   Code   RO        10945    i.nrf_atomic_u32_fetch_or  nrf_atomic.o
    0x000383f8   0x000383f8   0x00000016   Code   RO        10950    i.nrf_atomic_u32_or  nrf_atomic.o
    0x0003840e   0x0003840e   0x00000016   Code   RO         8816    i.nrf_bitmask_bit_is_set  nrfx_gpiote.o
    0x00038424   0x00038424   0x00000016   Code   RO         8817    i.nrf_bitmask_bit_set  nrfx_gpiote.o
    0x0003843a   0x0003843a   0x0000001e   Code   RO         8235    i.nrf_ble_gatt_att_mtu_periph_set  nrf_ble_gatt.o
    0x00038458   0x00038458   0x00000038   Code   RO         8237    i.nrf_ble_gatt_init  nrf_ble_gatt.o
    0x00038490   0x00038490   0x0000009e   Code   RO         8238    i.nrf_ble_gatt_on_ble_evt  nrf_ble_gatt.o
    0x0003852e   0x0003852e   0x00000020   Code   RO         8317    i.nrf_ble_qwr_conn_handle_assign  nrf_ble_qwr.o
    0x0003854e   0x0003854e   0x00000032   Code   RO         8318    i.nrf_ble_qwr_init  nrf_ble_qwr.o
    0x00038580   0x00038580   0x0000007c   Code   RO         8319    i.nrf_ble_qwr_on_ble_evt  nrf_ble_qwr.o
    0x000385fc   0x000385fc   0x00000012   Code   RO         8655    i.nrf_clock_event_check  nrfx_clock.o
    0x0003860e   0x0003860e   0x00000012   Code   RO         8656    i.nrf_clock_event_clear  nrfx_clock.o
    0x00038620   0x00038620   0x0000000c   Code   RO         8657    i.nrf_clock_int_disable  nrfx_clock.o
    0x0003862c   0x0003862c   0x0000000c   Code   RO         8658    i.nrf_clock_int_enable  nrfx_clock.o
    0x00038638   0x00038638   0x00000008   Code   RO         8659    i.nrf_clock_task_trigger  nrfx_clock.o
    0x00038640   0x00038640   0x0000003c   Code   RO         8451    i.nrf_drv_clock_hfclk_is_running  nrf_drv_clock.o
    0x0003867c   0x0003867c   0x00000030   Code   RO         8452    i.nrf_drv_clock_hfclk_release  nrf_drv_clock.o
    0x000386ac   0x000386ac   0x0000006c   Code   RO         8453    i.nrf_drv_clock_hfclk_request  nrf_drv_clock.o
    0x00038718   0x00038718   0x00000040   Code   RO         8454    i.nrf_drv_clock_init  nrf_drv_clock.o
    0x00038758   0x00038758   0x00000030   Code   RO         8458    i.nrf_drv_clock_lfclk_release  nrf_drv_clock.o
    0x00038788   0x00038788   0x00000024   Code   RO         9988    i.nrf_drv_rng_bytes_available  nrf_drv_rng.o
    0x000387ac   0x000387ac   0x00000060   Code   RO         9989    i.nrf_drv_rng_init  nrf_drv_rng.o
    0x0003880c   0x0003880c   0x00000054   Code   RO         9990    i.nrf_drv_rng_rand  nrf_drv_rng.o
    0x00038860   0x00038860   0x0000008c   Code   RO         8602    i.nrf_drv_uart_init  nrf_drv_uart.o
    0x000388ec   0x000388ec   0x00000044   Code   RO        10585    i.nrf_drv_uart_rx   app_uart_fifo.o
    0x00038930   0x00038930   0x00000044   Code   RO        10586    i.nrf_drv_uart_tx   app_uart_fifo.o
    0x00038974   0x00038974   0x00000054   Code   RO        11207    i.nrf_fstorage_is_busy  nrf_fstorage.o
    0x000389c8   0x000389c8   0x0000001c   Code   RO        11294    i.nrf_fstorage_sdh_req_handler  nrf_fstorage_sd.o
    0x000389e4   0x000389e4   0x0000002c   Code   RO        11295    i.nrf_fstorage_sdh_state_handler  nrf_fstorage_sd.o
    0x00038a10   0x00038a10   0x0000008c   Code   RO        11296    i.nrf_fstorage_sys_evt_handler  nrf_fstorage_sd.o
    0x00038a9c   0x00038a9c   0x00000028   Code   RO         4474    i.nrf_gpio_cfg      drv_gpio.o
    0x00038ac4   0x00038ac4   0x00000028   Code   RO         8818    i.nrf_gpio_cfg      nrfx_gpiote.o
    0x00038aec   0x00038aec   0x00000028   Code   RO         9213    i.nrf_gpio_cfg      nrfx_uart.o
    0x00038b14   0x00038b14   0x00000028   Code   RO         9458    i.nrf_gpio_cfg      nrfx_uarte.o
    0x00038b3c   0x00038b3c   0x00000018   Code   RO         9214    i.nrf_gpio_cfg_default  nrfx_uart.o
    0x00038b54   0x00038b54   0x00000018   Code   RO         9459    i.nrf_gpio_cfg_default  nrfx_uarte.o
    0x00038b6c   0x00038b6c   0x0000001a   Code   RO         4475    i.nrf_gpio_cfg_input  drv_gpio.o
    0x00038b86   0x00038b86   0x0000001a   Code   RO         9215    i.nrf_gpio_cfg_input  nrfx_uart.o
    0x00038ba0   0x00038ba0   0x0000001a   Code   RO         9460    i.nrf_gpio_cfg_input  nrfx_uarte.o
    0x00038bba   0x00038bba   0x00000018   Code   RO         9216    i.nrf_gpio_cfg_output  nrfx_uart.o
    0x00038bd2   0x00038bd2   0x00000018   Code   RO         9461    i.nrf_gpio_cfg_output  nrfx_uarte.o
    0x00038bea   0x00038bea   0x00000032   Code   RO         8820    i.nrf_gpio_cfg_sense_set  nrfx_gpiote.o
    0x00038c1c   0x00038c1c   0x00000016   Code   RO         4476    i.nrf_gpio_pin_clear  drv_gpio.o
    0x00038c32   0x00038c32   0x00000018   Code   RO         8822    i.nrf_gpio_pin_read  nrfx_gpiote.o
    0x00038c4a   0x00038c4a   0x00000016   Code   RO         4477    i.nrf_gpio_pin_set  drv_gpio.o
    0x00038c60   0x00038c60   0x00000016   Code   RO         9217    i.nrf_gpio_pin_set  nrfx_uart.o
    0x00038c76   0x00038c76   0x00000016   Code   RO         9462    i.nrf_gpio_pin_set  nrfx_uarte.o
    0x00038c8c   0x00038c8c   0x00000028   Code   RO         8824    i.nrf_gpio_ports_read  nrfx_gpiote.o
    0x00038cb4   0x00038cb4   0x0000000c   Code   RO         8825    i.nrf_gpiote_event_addr_get  nrfx_gpiote.o
    0x00038cc0   0x00038cc0   0x0000001c   Code   RO         8826    i.nrf_gpiote_event_clear  nrfx_gpiote.o
    0x00038cdc   0x00038cdc   0x00000016   Code   RO         8827    i.nrf_gpiote_event_is_set  nrfx_gpiote.o
    0x00038cf2   0x00038cf2   0x00000002   PAD
    0x00038cf4   0x00038cf4   0x0000000c   Code   RO         8828    i.nrf_gpiote_int_enable  nrfx_gpiote.o
    0x00038d00   0x00038d00   0x00000040   Code   RO        11491    i.nrf_pwr_mgmt_init  nrf_pwr_mgmt.o
    0x00038d40   0x00038d40   0x00000068   Code   RO        11492    i.nrf_pwr_mgmt_run  nrf_pwr_mgmt.o
    0x00038da8   0x00038da8   0x00000020   Code   RO        11742    i.nrf_queue_is_full  nrf_queue.o
    0x00038dc8   0x00038dc8   0x00000010   Code   RO        11745    i.nrf_queue_next_idx  nrf_queue.o
    0x00038dd8   0x00038dd8   0x000000cc   Code   RO        11747    i.nrf_queue_push    nrf_queue.o
    0x00038ea4   0x00038ea4   0x0000003e   Code   RO        11748    i.nrf_queue_read    nrf_queue.o
    0x00038ee2   0x00038ee2   0x00000022   Code   RO        11750    i.nrf_queue_utilization_get  nrf_queue.o
    0x00038f04   0x00038f04   0x00000010   Code   RO         4160    i.nrf_qwr_error_handler  drv_ble.o
    0x00038f14   0x00038f14   0x00000018   Code   RO        10066    i.nrf_rng_event_clear  nrfx_rng.o
    0x00038f2c   0x00038f2c   0x0000000c   Code   RO        10067    i.nrf_rng_int_disable  nrfx_rng.o
    0x00038f38   0x00038f38   0x00000010   Code   RO         9665    i.nrf_saadc_buffer_init  nrfx_saadc.o
    0x00038f48   0x00038f48   0x00000018   Code   RO         9666    i.nrf_saadc_channel_input_set  nrfx_saadc.o
    0x00038f60   0x00038f60   0x00000014   Code   RO         9667    i.nrf_saadc_event_check  nrfx_saadc.o
    0x00038f74   0x00038f74   0x00000018   Code   RO         9668    i.nrf_saadc_event_clear  nrfx_saadc.o
    0x00038f8c   0x00038f8c   0x0000000c   Code   RO         9669    i.nrf_saadc_int_disable  nrfx_saadc.o
    0x00038f98   0x00038f98   0x0000000c   Code   RO         9670    i.nrf_saadc_int_enable  nrfx_saadc.o
    0x00038fa4   0x00038fa4   0x00000014   Code   RO         9671    i.nrf_saadc_limit_int_get  nrfx_saadc.o
    0x00038fb8   0x00038fb8   0x0000000c   Code   RO         9672    i.nrf_saadc_task_trigger  nrfx_saadc.o
    0x00038fc4   0x00038fc4   0x00000018   Code   RO        12335    i.nrf_sdh_ble_app_ram_start_get  nrf_sdh_ble.o
    0x00038fdc   0x00038fdc   0x000000b4   Code   RO        12336    i.nrf_sdh_ble_default_cfg_set  nrf_sdh_ble.o
    0x00039090   0x00039090   0x00000024   Code   RO        12337    i.nrf_sdh_ble_enable  nrf_sdh_ble.o
    0x000390b4   0x000390b4   0x00000074   Code   RO        12338    i.nrf_sdh_ble_evts_poll  nrf_sdh_ble.o
    0x00039128   0x00039128   0x00000064   Code   RO        12200    i.nrf_sdh_disable_request  nrf_sdh.o
    0x0003918c   0x0003918c   0x00000088   Code   RO        12201    i.nrf_sdh_enable_request  nrf_sdh.o
    0x00039214   0x00039214   0x00000030   Code   RO        12202    i.nrf_sdh_evts_poll  nrf_sdh.o
    0x00039244   0x00039244   0x0000000c   Code   RO        12203    i.nrf_sdh_is_enabled  nrf_sdh.o
    0x00039250   0x00039250   0x00000028   Code   RO        12205    i.nrf_sdh_request_continue  nrf_sdh.o
    0x00039278   0x00039278   0x00000054   Code   RO        12391    i.nrf_sdh_soc_evts_poll  nrf_sdh_soc.o
    0x000392cc   0x000392cc   0x00000006   Code   RO        12208    i.nrf_section_iter_get  nrf_sdh.o
    0x000392d2   0x000392d2   0x00000014   Code   RO        11566    i.nrf_section_iter_init  nrf_section_iter.o
    0x000392e6   0x000392e6   0x0000002e   Code   RO        11567    i.nrf_section_iter_item_set  nrf_section_iter.o
    0x00039314   0x00039314   0x0000002e   Code   RO        11568    i.nrf_section_iter_next  nrf_section_iter.o
    0x00039342   0x00039342   0x0000000e   Code   RO         9823    i.nrf_timer_compare_event_get  nrfx_timer.o
    0x00039350   0x00039350   0x0000000a   Code   RO         9824    i.nrf_timer_compare_int_get  nrfx_timer.o
    0x0003935a   0x0003935a   0x0000000e   Code   RO         9825    i.nrf_timer_event_clear  nrfx_timer.o
    0x00039368   0x00039368   0x00000006   Code   RO         9826    i.nrf_timer_int_disable  nrfx_timer.o
    0x0003936e   0x0003936e   0x00000006   Code   RO         9827    i.nrf_timer_int_enable  nrfx_timer.o
    0x00039374   0x00039374   0x0000000c   Code   RO         9828    i.nrf_timer_shorts_disable  nrfx_timer.o
    0x00039380   0x00039380   0x00000006   Code   RO         9829    i.nrf_timer_task_trigger  nrfx_timer.o
    0x00039386   0x00039386   0x0000000c   Code   RO         9218    i.nrf_uart_errorsrc_get_and_clear  nrfx_uart.o
    0x00039392   0x00039392   0x0000000e   Code   RO         9219    i.nrf_uart_event_check  nrfx_uart.o
    0x000393a0   0x000393a0   0x0000000e   Code   RO         9220    i.nrf_uart_event_clear  nrfx_uart.o
    0x000393ae   0x000393ae   0x0000000a   Code   RO         9221    i.nrf_uart_hwfc_pins_set  nrfx_uart.o
    0x000393b8   0x000393b8   0x00000006   Code   RO         9222    i.nrf_uart_int_disable  nrfx_uart.o
    0x000393be   0x000393be   0x00000006   Code   RO         9223    i.nrf_uart_int_enable  nrfx_uart.o
    0x000393c4   0x000393c4   0x00000012   Code   RO         9224    i.nrf_uart_int_enable_check  nrfx_uart.o
    0x000393d6   0x000393d6   0x00000006   Code   RO         9225    i.nrf_uart_task_trigger  nrfx_uart.o
    0x000393dc   0x000393dc   0x0000000a   Code   RO         9226    i.nrf_uart_txrx_pins_set  nrfx_uart.o
    0x000393e6   0x000393e6   0x0000000c   Code   RO         9463    i.nrf_uarte_errorsrc_get_and_clear  nrfx_uarte.o
    0x000393f2   0x000393f2   0x0000000e   Code   RO         9464    i.nrf_uarte_event_check  nrfx_uarte.o
    0x00039400   0x00039400   0x0000000e   Code   RO         9465    i.nrf_uarte_event_clear  nrfx_uarte.o
    0x0003940e   0x0003940e   0x0000000c   Code   RO         9466    i.nrf_uarte_hwfc_pins_set  nrfx_uarte.o
    0x0003941a   0x0003941a   0x00000006   Code   RO         9467    i.nrf_uarte_int_disable  nrfx_uarte.o
    0x00039420   0x00039420   0x00000006   Code   RO         9468    i.nrf_uarte_int_enable  nrfx_uarte.o
    0x00039426   0x00039426   0x0000000a   Code   RO         9469    i.nrf_uarte_rx_amount_get  nrfx_uarte.o
    0x00039430   0x00039430   0x00000006   Code   RO         9470    i.nrf_uarte_task_trigger  nrfx_uarte.o
    0x00039436   0x00039436   0x0000000e   Code   RO         9471    i.nrf_uarte_txrx_pins_set  nrfx_uarte.o
    0x00039444   0x00039444   0x00000014   Code   RO         8665    i.nrfx_clock_enable  nrfx_clock.o
    0x00039458   0x00039458   0x00000018   Code   RO         8666    i.nrfx_clock_hfclk_start  nrfx_clock.o
    0x00039470   0x00039470   0x00000038   Code   RO         8667    i.nrfx_clock_hfclk_stop  nrfx_clock.o
    0x000394a8   0x000394a8   0x00000024   Code   RO         8668    i.nrfx_clock_init   nrfx_clock.o
    0x000394cc   0x000394cc   0x00000020   Code   RO         8671    i.nrfx_clock_lfclk_stop  nrfx_clock.o
    0x000394ec   0x000394ec   0x00000018   Code   RO         9673    i.nrfx_coredep_delay_us  nrfx_saadc.o
    0x00039504   0x00039504   0x00000018   Code   RO        10376    i.nrfx_coredep_delay_us  app_timer.o
    0x0003951c   0x0003951c   0x0000000a   Code   RO         9227    i.nrfx_get_irq_number  nrfx_uart.o
    0x00039526   0x00039526   0x0000000a   Code   RO         9472    i.nrfx_get_irq_number  nrfx_uarte.o
    0x00039530   0x00039530   0x0000000a   Code   RO         9830    i.nrfx_get_irq_number  nrfx_timer.o
    0x0003953a   0x0003953a   0x00000002   PAD
    0x0003953c   0x0003953c   0x00000054   Code   RO         8834    i.nrfx_gpiote_in_event_disable  nrfx_gpiote.o
    0x00039590   0x00039590   0x000000ac   Code   RO         8835    i.nrfx_gpiote_in_event_enable  nrfx_gpiote.o
    0x0003963c   0x0003963c   0x000000f4   Code   RO         8836    i.nrfx_gpiote_in_init  nrfx_gpiote.o
    0x00039730   0x00039730   0x000000c0   Code   RO         8839    i.nrfx_gpiote_init  nrfx_gpiote.o
    0x000397f0   0x000397f0   0x00000014   Code   RO         8840    i.nrfx_gpiote_is_init  nrfx_gpiote.o
    0x00039804   0x00039804   0x00000014   Code   RO         9473    i.nrfx_is_in_ram    nrfx_uarte.o
    0x00039818   0x00039818   0x00000098   Code   RO         8673    i.nrfx_power_clock_irq_init  nrfx_clock.o
    0x000398b0   0x000398b0   0x0000004e   Code   RO         9160    i.nrfx_prs_acquire  nrfx_prs.o
    0x000398fe   0x000398fe   0x00000016   Code   RO         9161    i.nrfx_prs_release  nrfx_prs.o
    0x00039914   0x00039914   0x00000038   Code   RO         9992    i.nrfx_rng_handler  nrf_drv_rng.o
    0x0003994c   0x0003994c   0x000000bc   Code   RO        10068    i.nrfx_rng_init     nrfx_rng.o
    0x00039a08   0x00039a08   0x00000024   Code   RO        10069    i.nrfx_rng_start    nrfx_rng.o
    0x00039a2c   0x00039a2c   0x00000018   Code   RO        10070    i.nrfx_rng_stop     nrfx_rng.o
    0x00039a44   0x00039a44   0x0000003c   Code   RO        10071    i.nrfx_rng_uninit   nrfx_rng.o
    0x00039a80   0x00039a80   0x000000c0   Code   RO         9675    i.nrfx_saadc_buffer_convert  nrfx_saadc.o
    0x00039b40   0x00039b40   0x000000d8   Code   RO         9677    i.nrfx_saadc_channel_init  nrfx_saadc.o
    0x00039c18   0x00039c18   0x00000058   Code   RO         9678    i.nrfx_saadc_channel_uninit  nrfx_saadc.o
    0x00039c70   0x00039c70   0x000000fc   Code   RO         9679    i.nrfx_saadc_init   nrfx_saadc.o
    0x00039d6c   0x00039d6c   0x000000b0   Code   RO         9681    i.nrfx_saadc_limits_set  nrfx_saadc.o
    0x00039e1c   0x00039e1c   0x00000030   Code   RO         9682    i.nrfx_saadc_sample  nrfx_saadc.o
    0x00039e4c   0x00039e4c   0x00000090   Code   RO         9685    i.nrfx_saadc_uninit  nrfx_saadc.o
    0x00039edc   0x00039edc   0x0000000e   Code   RO         9832    i.nrfx_timer_clear  nrfx_timer.o
    0x00039eea   0x00039eea   0x00000048   Code   RO         9833    i.nrfx_timer_compare  nrfx_timer.o
    0x00039f32   0x00039f32   0x00000002   PAD
    0x00039f34   0x00039f34   0x00000024   Code   RO         9837    i.nrfx_timer_enable  nrfx_timer.o
    0x00039f58   0x00039f58   0x00000042   Code   RO         9838    i.nrfx_timer_extended_compare  nrfx_timer.o
    0x00039f9a   0x00039f9a   0x00000002   PAD
    0x00039f9c   0x00039f9c   0x0000010c   Code   RO         9840    i.nrfx_timer_init   nrfx_timer.o
    0x0003a0a8   0x0003a0a8   0x0000000e   Code   RO         9842    i.nrfx_timer_pause  nrfx_timer.o
    0x0003a0b6   0x0003a0b6   0x0000000e   Code   RO         9843    i.nrfx_timer_resume  nrfx_timer.o
    0x0003a0c4   0x0003a0c4   0x00000014   Code   RO         9228    i.nrfx_uart_0_irq_handler  nrfx_uart.o
    0x0003a0d8   0x0003a0d8   0x00000088   Code   RO         9230    i.nrfx_uart_init    nrfx_uart.o
    0x0003a160   0x0003a160   0x00000124   Code   RO         9231    i.nrfx_uart_rx      nrfx_uart.o
    0x0003a284   0x0003a284   0x0000008c   Code   RO         9236    i.nrfx_uart_tx      nrfx_uart.o
    0x0003a310   0x0003a310   0x00000024   Code   RO         9238    i.nrfx_uart_tx_in_progress  nrfx_uart.o
    0x0003a334   0x0003a334   0x00000044   Code   RO         9239    i.nrfx_uart_uninit  nrfx_uart.o
    0x0003a378   0x0003a378   0x00000014   Code   RO         9474    i.nrfx_uarte_0_irq_handler  nrfx_uarte.o
    0x0003a38c   0x0003a38c   0x00000080   Code   RO         9476    i.nrfx_uarte_init   nrfx_uarte.o
    0x0003a40c   0x0003a40c   0x00000138   Code   RO         9477    i.nrfx_uarte_rx     nrfx_uarte.o
    0x0003a544   0x0003a544   0x000000a8   Code   RO         9480    i.nrfx_uarte_tx     nrfx_uarte.o
    0x0003a5ec   0x0003a5ec   0x00000020   Code   RO         9482    i.nrfx_uarte_tx_in_progress  nrfx_uarte.o
    0x0003a60c   0x0003a60c   0x00000040   Code   RO         9483    i.nrfx_uarte_uninit  nrfx_uarte.o
    0x0003a64c   0x0003a64c   0x00000070   Code   RO         4161    i.nus_data_handler  drv_ble.o
    0x0003a6bc   0x0003a6bc   0x00000010   Code   RO         4162    i.on_adv_evt        drv_ble.o
    0x0003a6cc   0x0003a6cc   0x0000002c   Code   RO         4163    i.on_conn_params_evt  drv_ble.o
    0x0003a6f8   0x0003a6f8   0x00000030   Code   RO         7868    i.on_conn_params_update  ble_conn_params.o
    0x0003a728   0x0003a728   0x00000070   Code   RO         7869    i.on_connect        ble_conn_params.o
    0x0003a798   0x0003a798   0x00000074   Code   RO         8376    i.on_connect        ble_nus.o
    0x0003a80c   0x0003a80c   0x0000000e   Code   RO         7721    i.on_connected      ble_advertising.o
    0x0003a81a   0x0003a81a   0x0000004a   Code   RO         8239    i.on_connected_evt  nrf_ble_gatt.o
    0x0003a864   0x0003a864   0x00000032   Code   RO         7870    i.on_disconnect     ble_conn_params.o
    0x0003a896   0x0003a896   0x00000032   Code   RO         7722    i.on_disconnected   ble_advertising.o
    0x0003a8c8   0x0003a8c8   0x00000018   Code   RO         8240    i.on_disconnected_evt  nrf_ble_gatt.o
    0x0003a8e0   0x0003a8e0   0x00000070   Code   RO         8241    i.on_exchange_mtu_request_evt  nrf_ble_gatt.o
    0x0003a950   0x0003a950   0x00000068   Code   RO         8242    i.on_exchange_mtu_rsp_evt  nrf_ble_gatt.o
    0x0003a9b8   0x0003a9b8   0x00000044   Code   RO         8377    i.on_hvx_tx_complete  ble_nus.o
    0x0003a9fc   0x0003a9fc   0x00000024   Code   RO        11297    i.on_operation_failure  nrf_fstorage_sd.o
    0x0003aa20   0x0003aa20   0x00000060   Code   RO        11298    i.on_operation_success  nrf_fstorage_sd.o
    0x0003aa80   0x0003aa80   0x0000006a   Code   RO         8320    i.on_rw_authorize_request  nrf_ble_qwr.o
    0x0003aaea   0x0003aaea   0x00000040   Code   RO         7723    i.on_terminated     ble_advertising.o
    0x0003ab2a   0x0003ab2a   0x00000002   Code   RO         8321    i.on_user_mem_release  nrf_ble_qwr.o
    0x0003ab2c   0x0003ab2c   0x00000020   Code   RO         8322    i.on_user_mem_request  nrf_ble_qwr.o
    0x0003ab4c   0x0003ab4c   0x00000058   Code   RO         7871    i.on_write          ble_conn_params.o
    0x0003aba4   0x0003aba4   0x00000094   Code   RO         8378    i.on_write          ble_nus.o
    0x0003ac38   0x0003ac38   0x00000084   Code   RO         7514    i.open_session      std_se_adapter.o
    0x0003acbc   0x0003acbc   0x00000016   Code   RO         7724    i.phy_is_valid      ble_advertising.o
    0x0003acd2   0x0003acd2   0x00000002   PAD
    0x0003acd4   0x0003acd4   0x00000014   Code   RO         8856    i.pin_configured_set  nrfx_gpiote.o
    0x0003ace8   0x0003ace8   0x0000001c   Code   RO         8857    i.pin_in_use_by_gpiote  nrfx_gpiote.o
    0x0003ad04   0x0003ad04   0x00000018   Code   RO         8858    i.pin_in_use_by_port  nrfx_gpiote.o
    0x0003ad1c   0x0003ad1c   0x00000020   Code   RO         8859    i.pin_in_use_by_te  nrfx_gpiote.o
    0x0003ad3c   0x0003ad3c   0x0000000c   Code   RO         8860    i.pin_in_use_clear  nrfx_gpiote.o
    0x0003ad48   0x0003ad48   0x00000078   Code   RO         9240    i.pins_to_default   nrfx_uart.o
    0x0003adc0   0x0003adc0   0x0000007e   Code   RO         9484    i.pins_to_default   nrfx_uarte.o
    0x0003ae3e   0x0003ae3e   0x00000002   PAD
    0x0003ae40   0x0003ae40   0x00000018   Code   RO         9162    i.prs_box_get       nrfx_prs.o
    0x0003ae58   0x0003ae58   0x00000018   Code   RO        11299    i.queue_free        nrf_fstorage_sd.o
    0x0003ae70   0x0003ae70   0x0000002c   Code   RO        11300    i.queue_load_next   nrf_fstorage_sd.o
    0x0003ae9c   0x0003ae9c   0x00000090   Code   RO        11301    i.queue_process     nrf_fstorage_sd.o
    0x0003af2c   0x0003af2c   0x00000086   Code   RO        11752    i.queue_read        nrf_queue.o
    0x0003afb2   0x0003afb2   0x00000002   PAD
    0x0003afb4   0x0003afb4   0x0000001c   Code   RO        11302    i.queue_start       nrf_fstorage_sd.o
    0x0003afd0   0x0003afd0   0x0000001c   Code   RO        11753    i.queue_utilization_get  nrf_queue.o
    0x0003afec   0x0003afec   0x0000001c   Code   RO        11303    i.read              nrf_fstorage_sd.o
    0x0003b008   0x0003b008   0x00000028   Code   RO         7979    i.record_activate   ble_conn_state.o
    0x0003b030   0x0003b030   0x00000020   Code   RO         7980    i.record_invalidate  ble_conn_state.o
    0x0003b050   0x0003b050   0x00000048   Code   RO         7981    i.record_purge_disconnected  ble_conn_state.o
    0x0003b098   0x0003b098   0x00000014   Code   RO         7982    i.record_set_disconnected  ble_conn_state.o
    0x0003b0ac   0x0003b0ac   0x00000006   Code   RO        11304    i.rmap              nrf_fstorage_sd.o
    0x0003b0b2   0x0003b0b2   0x00000002   PAD
    0x0003b0b4   0x0003b0b4   0x0000000c   Code   RO        10377    i.rtc1_compare0_set  app_timer.o
    0x0003b0c0   0x0003b0c0   0x0000000c   Code   RO        10378    i.rtc1_counter_get  app_timer.o
    0x0003b0cc   0x0003b0cc   0x00000018   Code   RO        10379    i.rtc1_init         app_timer.o
    0x0003b0e4   0x0003b0e4   0x0000003c   Code   RO        10380    i.rtc1_start        app_timer.o
    0x0003b120   0x0003b120   0x00000058   Code   RO        10381    i.rtc1_stop         app_timer.o
    0x0003b178   0x0003b178   0x00000028   Code   RO         3178    i.rtc_month_days    hal_rtc.o
    0x0003b1a0   0x0003b1a0   0x0000003e   Code   RO         9241    i.rx_byte           nrfx_uart.o
    0x0003b1de   0x0003b1de   0x000000f0   Code   RO         8379    i.rx_char_add       ble_nus.o
    0x0003b2ce   0x0003b2ce   0x0000001c   Code   RO         9242    i.rx_done_event     nrfx_uart.o
    0x0003b2ea   0x0003b2ea   0x00000020   Code   RO         9485    i.rx_done_event     nrfx_uarte.o
    0x0003b30a   0x0003b30a   0x00000022   Code   RO         9243    i.rx_enable         nrfx_uart.o
    0x0003b32c   0x0003b32c   0x00000088   Code   RO        12209    i.sd_nvic_EnableIRQ  nrf_sdh.o
    0x0003b3b4   0x0003b3b4   0x00000050   Code   RO        12210    i.sd_nvic_SetPriority  nrf_sdh.o
    0x0003b404   0x0003b404   0x00000068   Code   RO        10677    i.sd_nvic_critical_region_enter  app_util_platform.o
    0x0003b46c   0x0003b46c   0x00000068   Code   RO         8461    i.sd_state_evt_handler  nrf_drv_clock.o
    0x0003b4d4   0x0003b4d4   0x0000005c   Code   RO         9993    i.sd_state_evt_handler  nrf_drv_rng.o
    0x0003b530   0x0003b530   0x0000003c   Code   RO        12211    i.sdh_request_observer_notify  nrf_sdh.o
    0x0003b56c   0x0003b56c   0x00000034   Code   RO        12212    i.sdh_state_observer_notify  nrf_sdh.o
    0x0003b5a0   0x0003b5a0   0x0000005c   Code   RO         7135    i.se_open_session   se_driver.o
    0x0003b5fc   0x0003b5fc   0x00000054   Code   RO         7136    i.se_transmit       se_driver.o
    0x0003b650   0x0003b650   0x00000058   Code   RO         7515    i.select_application  std_se_adapter.o
    0x0003b6a8   0x0003b6a8   0x00000018   Code   RO         7872    i.send_error_evt    ble_conn_params.o
    0x0003b6c0   0x0003b6c0   0x00000024   Code   RO         7873    i.send_update_request  ble_conn_params.o
    0x0003b6e4   0x0003b6e4   0x00000096   Code   RO         7593    i.service_data_encode  ble_advdata.o
    0x0003b77a   0x0003b77a   0x00000002   PAD
    0x0003b77c   0x0003b77c   0x0000005c   Code   RO         4164    i.services_init     drv_ble.o
    0x0003b7d8   0x0003b7d8   0x00000024   Code   RO         7725    i.set_adv_mode_directed  ble_advertising.o
    0x0003b7fc   0x0003b7fc   0x00000024   Code   RO         7726    i.set_adv_mode_directed_high_duty  ble_advertising.o
    0x0003b820   0x0003b820   0x0000004e   Code   RO         7727    i.set_adv_mode_fast  ble_advertising.o
    0x0003b86e   0x0003b86e   0x0000004e   Code   RO         7728    i.set_adv_mode_slow  ble_advertising.o
    0x0003b8bc   0x0003b8bc   0x0000001c   Code   RO         8462    i.soc_evt_handler   nrf_drv_clock.o
    0x0003b8d8   0x0003b8d8   0x0000006c   Code   RO        12213    i.softdevice_evt_irq_disable  nrf_sdh.o
    0x0003b944   0x0003b944   0x0000001e   Code   RO        12214    i.softdevices_evt_irq_enable  nrf_sdh.o
    0x0003b962   0x0003b962   0x0000003c   Code   RO        12215    i.swi_interrupt_priority_workaround  nrf_sdh.o
    0x0003b99e   0x0003b99e   0x0000000a   Code   RO        10382    i.ticks_diff_get    app_timer.o
    0x0003b9a8   0x0003b9a8   0x0000000c   Code   RO        10383    i.timeout_handler_exec  app_timer.o
    0x0003b9b4   0x0003b9b4   0x00000050   Code   RO        10384    i.timer_list_handler  app_timer.o
    0x0003ba04   0x0003ba04   0x0000000a   Code   RO        10385    i.timer_list_handler_sched  app_timer.o
    0x0003ba0e   0x0003ba0e   0x00000002   PAD
    0x0003ba10   0x0003ba10   0x00000068   Code   RO        10386    i.timer_list_insert  app_timer.o
    0x0003ba78   0x0003ba78   0x00000088   Code   RO        10387    i.timer_list_remove  app_timer.o
    0x0003bb00   0x0003bb00   0x0000005e   Code   RO        10388    i.timer_start_op_schedule  app_timer.o
    0x0003bb5e   0x0003bb5e   0x00000042   Code   RO        10389    i.timer_stop_op_schedule  app_timer.o
    0x0003bba0   0x0003bba0   0x00000098   Code   RO        10390    i.timer_timeouts_check  app_timer.o
    0x0003bc38   0x0003bc38   0x0000000a   Code   RO        10391    i.timer_timeouts_check_sched  app_timer.o
    0x0003bc42   0x0003bc42   0x00000036   Code   RO         9244    i.tx_blocking       nrfx_uart.o
    0x0003bc78   0x0003bc78   0x00000026   Code   RO         9245    i.tx_byte           nrfx_uart.o
    0x0003bc9e   0x0003bc9e   0x00000136   Code   RO         8380    i.tx_char_add       ble_nus.o
    0x0003bdd4   0x0003bdd4   0x00000020   Code   RO         9246    i.tx_done_event     nrfx_uart.o
    0x0003bdf4   0x0003bdf4   0x00000024   Code   RO         9486    i.tx_done_event     nrfx_uarte.o
    0x0003be18   0x0003be18   0x00000036   Code   RO         7594    i.tx_power_level_encode  ble_advdata.o
    0x0003be4e   0x0003be4e   0x00000002   PAD
    0x0003be50   0x0003be50   0x000000d4   Code   RO        10587    i.uart_event_handler  app_uart_fifo.o
    0x0003bf24   0x0003bf24   0x00000038   Code   RO         8603    i.uart_evt_handler  nrf_drv_uart.o
    0x0003bf5c   0x0003bf5c   0x0000014c   Code   RO         9247    i.uart_irq_handler  nrfx_uart.o
    0x0003c0a8   0x0003c0a8   0x00000038   Code   RO         8604    i.uarte_evt_handler  nrf_drv_uart.o
    0x0003c0e0   0x0003c0e0   0x0000010c   Code   RO         9487    i.uarte_irq_handler  nrfx_uarte.o
    0x0003c1ec   0x0003c1ec   0x0000000c   Code   RO         8172    i.uint16_decode     ble_srv_common.o
    0x0003c1f8   0x0003c1f8   0x0000000c   Code   RO         7595    i.uint16_encode     ble_advdata.o
    0x0003c204   0x0003c204   0x00000024   Code   RO        11305    i.uninit            nrf_fstorage_sd.o
    0x0003c228   0x0003c228   0x00000074   Code   RO         7874    i.update_timeout_handler  ble_conn_params.o
    0x0003c29c   0x0003c29c   0x0000001e   Code   RO         7729    i.use_whitelist     ble_advertising.o
    0x0003c2ba   0x0003c2ba   0x00000002   Code   RO         7137    i.user_i2c_dev_power_off  se_driver.o
    0x0003c2bc   0x0003c2bc   0x00000002   Code   RO         7138    i.user_i2c_dev_power_on  se_driver.o
    0x0003c2be   0x0003c2be   0x00000044   Code   RO         7139    i.user_i2c_init     se_driver.o
    0x0003c302   0x0003c302   0x00000016   Code   RO         7140    i.user_i2c_recv_char  se_driver.o
    0x0003c318   0x0003c318   0x00000020   Code   RO         7141    i.user_i2c_send_addr  se_driver.o
    0x0003c338   0x0003c338   0x00000020   Code   RO         7142    i.user_i2c_send_char  se_driver.o
    0x0003c358   0x0003c358   0x00000028   Code   RO         7143    i.user_i2c_start    se_driver.o
    0x0003c380   0x0003c380   0x00000028   Code   RO         7144    i.user_i2c_stop     se_driver.o
    0x0003c3a8   0x0003c3a8   0x0000002c   Code   RO         8323    i.user_mem_reply    nrf_ble_qwr.o
    0x0003c3d4   0x0003c3d4   0x0000003c   Code   RO        10392    i.user_op_alloc     app_timer.o
    0x0003c410   0x0003c410   0x0000000c   Code   RO        10393    i.user_op_enque     app_timer.o
    0x0003c41c   0x0003c41c   0x0000004e   Code   RO         7596    i.uuid_list_encode  ble_advdata.o
    0x0003c46a   0x0003c46a   0x000000d6   Code   RO         7597    i.uuid_list_sized_encode  ble_advdata.o
    0x0003c540   0x0003c540   0x00000008   Code   RO         7730    i.whitelist_has_entries  ble_advertising.o
    0x0003c548   0x0003c548   0x00000006   Code   RO        11306    i.wmap              nrf_fstorage_sd.o
    0x0003c54e   0x0003c54e   0x00000002   PAD
    0x0003c550   0x0003c550   0x00000054   Code   RO        11307    i.write             nrf_fstorage_sd.o
    0x0003c5a4   0x0003c5a4   0x00000058   Code   RO        11308    i.write_execute     nrf_fstorage_sd.o
    0x0003c5fc   0x0003c5fc   0x0000001e   Code   RO         1402    i.xor_inverted_check  app_cam.o
    0x0003c61a   0x0003c61a   0x00000021   Data   RO          930    .constdata          app_key.o
    0x0003c63b   0x0003c63b   0x00000080   Data   RO         1270    .constdata          app_ble.o
    0x0003c6bb   0x0003c6bb   0x00000008   Data   RO         1774    .constdata          app_export.o
    0x0003c6c3   0x0003c6c3   0x00000001   PAD
    0x0003c6c4   0x0003c6c4   0x000000dc   Data   RO         1880    .constdata          app_finger.o
    0x0003c7a0   0x0003c7a0   0x00000180   Data   RO         2474    .constdata          app_gui.o
    0x0003c920   0x0003c920   0x00000070   Data   RO         2951    .constdata          finger.o
    0x0003c990   0x0003c990   0x0000000c   Data   RO         3180    .constdata          hal_rtc.o
    0x0003c99c   0x0003c99c   0x00000029   Data   RO         4078    .constdata          drv_adc.o
    0x0003c9c5   0x0003c9c5   0x00000003   PAD
    0x0003c9c8   0x0003c9c8   0x00000003   Data   RO         4478    .constdata          drv_gpio.o
    0x0003c9cb   0x0003c9cb   0x00000001   PAD
    0x0003c9cc   0x0003c9cc   0x00000004   Data   RO         4665    .constdata          drv_timer.o
    0x0003c9d0   0x0003c9d0   0x00000006   Data   RO         4856    .constdata          drv_interface.o
    0x0003c9d6   0x0003c9d6   0x00000010   Data   RO         4931    .constdata          drv_gt316l.o
    0x0003c9e6   0x0003c9e6   0x00000002   PAD
    0x0003c9e8   0x0003c9e8   0x00000004   Data   RO         5335    .constdata          drv_am5ba340.o
    0x0003c9ec   0x0003c9ec   0x0000023c   Data   RO         5621    .constdata          rijndael.o
    0x0003cc28   0x0003cc28   0x000002ac   Data   RO         6433    .constdata          base64.o
    0x0003ced4   0x0003ced4   0x00000143   Data   RO         6640    .constdata          id2_plat.o
    0x0003d017   0x0003d017   0x00000001   PAD
    0x0003d018   0x0003d018   0x00000004   Data   RO         6685    .constdata          id2_util.o
    0x0003d01c   0x0003d01c   0x00000140   Data   RO         7452    .constdata          sha256.o
    0x0003d15c   0x0003d15c   0x0000000e   Data   RO         7516    .constdata          std_se_adapter.o
    0x0003d16a   0x0003d16a   0x00000002   PAD
    0x0003d16c   0x0003d16c   0x0000000e   Data   RO         8243    .constdata          nrf_ble_gatt.o
    0x0003d17a   0x0003d17a   0x00000002   PAD
    0x0003d17c   0x0003d17c   0x00000010   Data   RO         8381    .constdata          ble_nus.o
    0x0003d18c   0x0003d18c   0x0000003e   Data   RO         8862    .constdata          nrfx_gpiote.o
    0x0003d1ca   0x0003d1ca   0x00000002   PAD
    0x0003d1cc   0x0003d1cc   0x0000002e   Data   RO         9249    .constdata          nrfx_uart.o
    0x0003d1fa   0x0003d1fa   0x00000002   PAD
    0x0003d1fc   0x0003d1fc   0x00000030   Data   RO         9489    .constdata          nrfx_uarte.o
    0x0003d22c   0x0003d22c   0x00000004   PAD
    0x0003d230   0x0003d230   0x000000aa   Data   RO         9687    .constdata          nrfx_saadc.o
    0x0003d2da   0x0003d2da   0x0000002f   Data   RO         9995    .constdata          nrf_drv_rng.o
    0x0003d309   0x0003d309   0x00000007   PAD
    0x0003d310   0x0003d310   0x00000006   Data   RO        10395    .constdata          app_timer.o
    0x0003d316   0x0003d316   0x00000002   PAD
    0x0003d318   0x0003d318   0x00000020   Data   RO        10589    .constdata          app_uart_fifo.o
    0x0003d338   0x0003d338   0x00000030   Data   RO        11310    .constdata          nrf_fstorage_sd.o
    0x0003d368   0x0003d368   0x00000024   Data   RO        11496    .constdata          nrf_pwr_mgmt.o
    0x0003d38c   0x0003d38c   0x00000010   Data   RO        11683    .constdata          app_simple_timer.o
    0x0003d39c   0x0003d39c   0x00000010   Data   RO        12150    .constdata          segger_rtt_printf.o
    0x0003d3ac   0x0003d3ac   0x00000058   Data   RO        12216    .constdata          nrf_sdh.o
    0x0003d404   0x0003d404   0x00000030   Data   RO        12340    .constdata          nrf_sdh_ble.o
    0x0003d434   0x0003d434   0x0000001c   Data   RO        12392    .constdata          nrf_sdh_soc.o
    0x0003d450   0x0003d450   0x00000088   Data   RO         1125    .conststring        app_pwd.o
    0x0003d4d8   0x0003d4d8   0x00000166   Data   RO         1881    .conststring        app_finger.o
    0x0003d63e   0x0003d63e   0x00000002   PAD
    0x0003d640   0x0003d640   0x00000011   Data   RO         6686    .conststring        id2_util.o
    0x0003d651   0x0003d651   0x00000003   PAD
    0x0003d654   0x0003d654   0x00000052   Data   RO         7517    .conststring        std_se_adapter.o
    0x0003d6a6   0x0003d6a6   0x00000002   PAD
    0x0003d6a8   0x0003d6a8   0x00000020   Data   RO        12643    Region$$Table       anon$$obj.o
    0x0003d6c8   0x0003d6c8   0x00000014   Data   RO         9997    nrf_queue           nrf_drv_rng.o
    0x0003d6dc   0x0003d6dc   0x00000008   Data   RO         7985    sdh_ble_observers0  ble_conn_state.o
    0x0003d6e4   0x0003d6e4   0x00000010   Data   RO         4167    sdh_ble_observers1  drv_ble.o
    0x0003d6f4   0x0003d6f4   0x00000008   Data   RO         7877    sdh_ble_observers1  ble_conn_params.o
    0x0003d6fc   0x0003d6fc   0x00000010   Data   RO         4168    sdh_ble_observers2  drv_ble.o
    0x0003d70c   0x0003d70c   0x00000008   Data   RO         4169    sdh_ble_observers3  drv_ble.o
    0x0003d714   0x0003d714   0x00000008   Data   RO        11312    sdh_req_observers0  nrf_fstorage_sd.o
    0x0003d71c   0x0003d71c   0x00000008   Data   RO         8465    sdh_soc_observers0  nrf_drv_clock.o
    0x0003d724   0x0003d724   0x00000008   Data   RO        11313    sdh_soc_observers0  nrf_fstorage_sd.o
    0x0003d72c   0x0003d72c   0x00000008   Data   RO         4170    sdh_soc_observers1  drv_ble.o
    0x0003d734   0x0003d734   0x00000008   Data   RO        12342    sdh_stack_observers0  nrf_sdh_ble.o
    0x0003d73c   0x0003d73c   0x00000008   Data   RO        12393    sdh_stack_observers0  nrf_sdh_soc.o
    0x0003d744   0x0003d744   0x00000008   Data   RO         8466    sdh_state_observers0  nrf_drv_clock.o
    0x0003d74c   0x0003d74c   0x00000008   Data   RO         9998    sdh_state_observers0  nrf_drv_rng.o
    0x0003d754   0x0003d754   0x00000008   Data   RO        11314    sdh_state_observers0  nrf_fstorage_sd.o


    Execution Region RW_IRAM1 (Exec base: 0x20002a98, Load base: 0x0003d75c, Size: 0x00008cf8, Max: 0x0000c568, ABSOLUTE, COMPRESSED[0x0000009c])

    Exec Addr    Load Addr    Size         Type   Attr      Idx    E Section Name        Object

    0x20002a98   COMPRESSED   0x0000000a   Data   RW          228    .data               systemtim.o
    0x20002aa2   COMPRESSED   0x00000002   PAD
    0x20002aa4   COMPRESSED   0x00000013   Data   RW          402    .data               systeminit.o
    0x20002ab7   COMPRESSED   0x00000005   Data   RW          584    .data               scheduler.o
    0x20002abc   COMPRESSED   0x00000002   Data   RW          728    .data               system.o
    0x20002abe   COMPRESSED   0x00000008   Data   RW          931    .data               app_key.o
    0x20002ac6   COMPRESSED   0x00000006   Data   RW         1043    .data               app_led.o
    0x20002acc   COMPRESSED   0x0000000e   Data   RW         1271    .data               app_ble.o
    0x20002ada   COMPRESSED   0x00000002   PAD
    0x20002adc   COMPRESSED   0x0000000c   Data   RW         1404    .data               app_cam.o
    0x20002ae8   COMPRESSED   0x00000007   Data   RW         1539    .data               app_wifi.o
    0x20002aef   COMPRESSED   0x00000001   PAD
    0x20002af0   COMPRESSED   0x00000006   Data   RW         1687    .data               app_touch.o
    0x20002af6   COMPRESSED   0x0000000c   Data   RW         1775    .data               app_export.o
    0x20002b02   COMPRESSED   0x00000002   PAD
    0x20002b04   COMPRESSED   0x00000058   Data   RW         1882    .data               app_finger.o
    0x20002b5c   COMPRESSED   0x00000004   Data   RW         2163    .data               app_update.o
    0x20002b60   COMPRESSED   0x00000048   Data   RW         2475    .data               app_gui.o
    0x20002ba8   COMPRESSED   0x00000011   Data   RW         2952    .data               finger.o
    0x20002bb9   COMPRESSED   0x00000003   PAD
    0x20002bbc   COMPRESSED   0x0000000c   Data   RW         3181    .data               hal_rtc.o
    0x20002bc8   COMPRESSED   0x0000000c   Data   RW         3298    .data               hal_adc.o
    0x20002bd4   COMPRESSED   0x00000008   Data   RW         3424    .data               hal_uart.o
    0x20002bdc   COMPRESSED   0x00000018   Data   RW         3517    .data               hal_voice.o
    0x20002bf4   COMPRESSED   0x00000002   Data   RW         4079    .data               drv_adc.o
    0x20002bf6   COMPRESSED   0x00000002   PAD
    0x20002bf8   COMPRESSED   0x00000035   Data   RW         4166    .data               drv_ble.o
    0x20002c2d   COMPRESSED   0x00000003   PAD
    0x20002c30   COMPRESSED   0x00000004   Data   RW         4479    .data               drv_gpio.o
    0x20002c34   COMPRESSED   0x00000009   Data   RW         4603    .data               drv_uart.o
    0x20002c3d   COMPRESSED   0x00000002   Data   RW         4666    .data               drv_timer.o
    0x20002c3f   COMPRESSED   0x00000001   PAD
    0x20002c40   COMPRESSED   0x0000000a   Data   RW         4714    .data               drv_motor.o
    0x20002c4a   COMPRESSED   0x00000002   PAD
    0x20002c4c   COMPRESSED   0x00000018   Data   RW         5019    .data               drv_nca9555.o
    0x20002c64   COMPRESSED   0x00000001   Data   RW         5095    .data               drv_74hc4052.o
    0x20002c65   COMPRESSED   0x00000003   PAD
    0x20002c68   COMPRESSED   0x00000030   Data   RW         5175    .data               drv_motor_218.o
    0x20002c98   COMPRESSED   0x00000030   Data   RW         5622    .data               rijndael.o
    0x20002cc8   COMPRESSED   0x00000003   Data   RW         6520    .data               id2_client.o
    0x20002ccb   COMPRESSED   0x00000001   PAD
    0x20002ccc   COMPRESSED   0x00000050   Data   RW         7145    .data               se_driver.o
    0x20002d1c   COMPRESSED   0x0000000c   Data   RW         7329    .data               se_timer.o
    0x20002d28   COMPRESSED   0x00000004   Data   RW         7518    .data               std_se_adapter.o
    0x20002d2c   COMPRESSED   0x00000008   Data   RW         7876    .data               ble_conn_params.o
    0x20002d34   COMPRESSED   0x00000009   Data   RW         8605    .data               nrf_drv_uart.o
    0x20002d3d   COMPRESSED   0x00000003   PAD
    0x20002d40   COMPRESSED   0x00000008   Data   RW         8675    .data               nrfx_clock.o
    0x20002d48   COMPRESSED   0x00000008   Data   RW         9164    .data               nrfx_prs.o
    0x20002d50   COMPRESSED   0x00000003   Data   RW         9996    .data               nrf_drv_rng.o
    0x20002d53   COMPRESSED   0x00000001   PAD
    0x20002d54   COMPRESSED   0x00000008   Data   RW        10072    .data               nrfx_rng.o
    0x20002d5c   COMPRESSED   0x00000014   Data   RW        10396    .data               app_timer.o
    0x20002d70   COMPRESSED   0x0000001b   Data   RW        10590    .data               app_uart_fifo.o
    0x20002d8b   COMPRESSED   0x00000001   PAD
    0x20002d8c   COMPRESSED   0x00000008   Data   RW        11311    .data               nrf_fstorage_sd.o
    0x20002d94   COMPRESSED   0x00000009   Data   RW        11497    .data               nrf_pwr_mgmt.o
    0x20002d9d   COMPRESSED   0x00000003   PAD
    0x20002da0   COMPRESSED   0x00000008   Data   RW        11636    .data               retarget.o
    0x20002da8   COMPRESSED   0x0000000d   Data   RW        11684    .data               app_simple_timer.o
    0x20002db5   COMPRESSED   0x00000003   Data   RW        12217    .data               nrf_sdh.o
    0x20002db8   COMPRESSED   0x00000001   Data   RW        12341    .data               nrf_sdh_ble.o
    0x20002db9   COMPRESSED   0x00000003   PAD
    0x20002dbc   COMPRESSED   0x00000004   Data   RW        12442    .data               system_nrf52.o
    0x20002dc0   COMPRESSED   0x00000004   Data   RW        12622    .data               mc_w.l(mvars.o)
    0x20002dc4   COMPRESSED   0x00000004   Data   RW        12623    .data               mc_w.l(mvars.o)
    0x20002dc8        -       0x00000076   Zero   RW          727    .bss                system.o
    0x20002e3e        -       0x00000051   Zero   RW          851    .bss                app_id2.o
    0x20002e8f   COMPRESSED   0x00000001   PAD
    0x20002e90        -       0x00000063   Zero   RW          929    .bss                app_key.o
    0x20002ef3   COMPRESSED   0x00000001   PAD
    0x20002ef4        -       0x00000214   Zero   RW         1269    .bss                app_ble.o
    0x20003108        -       0x00000c32   Zero   RW         1403    .bss                app_cam.o
    0x20003d3a        -       0x00000998   Zero   RW         1538    .bss                app_wifi.o
    0x200046d2        -       0x00000012   Zero   RW         1686    .bss                app_touch.o
    0x200046e4        -       0x00002230   Zero   RW         2162    .bss                app_update.o
    0x20006914        -       0x00000045   Zero   RW         2473    .bss                app_gui.o
    0x20006959   COMPRESSED   0x00000001   PAD
    0x2000695a        -       0x000000e2   Zero   RW         2950    .bss                finger.o
    0x20006a3c        -       0x0000000c   Zero   RW         3179    .bss                hal_rtc.o
    0x20006a48        -       0x00000220   Zero   RW         3423    .bss                hal_uart.o
    0x20006c68        -       0x00000014   Zero   RW         3516    .bss                hal_voice.o
    0x20006c7c        -       0x00000054   Zero   RW         4077    .bss                drv_adc.o
    0x20006cd0        -       0x000001e4   Zero   RW         4165    .bss                drv_ble.o
    0x20006eb4        -       0x00000200   Zero   RW         4602    .bss                drv_uart.o
    0x200070b4        -       0x00000020   Zero   RW         4664    .bss                drv_timer.o
    0x200070d4        -       0x00000029   Zero   RW         6519    .bss                id2_client.o
    0x200070fd   COMPRESSED   0x00000003   PAD
    0x20007100        -       0x00000050   Zero   RW         7875    .bss                ble_conn_params.o
    0x20007150        -       0x00000078   Zero   RW         7984    .bss                ble_conn_state.o
    0x200071c8        -       0x00000014   Zero   RW         8463    .bss                nrf_drv_clock.o
    0x200071dc        -       0x0000005c   Zero   RW         8861    .bss                nrfx_gpiote.o
    0x20007238        -       0x0000002c   Zero   RW         9248    .bss                nrfx_uart.o
    0x20007264        -       0x00000024   Zero   RW         9488    .bss                nrfx_uarte.o
    0x20007288        -       0x00000030   Zero   RW         9686    .bss                nrfx_saadc.o
    0x200072b8        -       0x0000000c   Zero   RW         9845    .bss                nrfx_timer.o
    0x200072c4        -       0x00000050   Zero   RW         9994    .bss                nrf_drv_rng.o
    0x20007314        -       0x0000010c   Zero   RW        10394    .bss                app_timer.o
    0x20007420        -       0x00000020   Zero   RW        10588    .bss                app_uart_fifo.o
    0x20007440        -       0x0000000c   Zero   RW        10678    .bss                app_util_platform.o
    0x2000744c        -       0x000000b0   Zero   RW        11309    .bss                nrf_fstorage_sd.o
    0x200074fc        -       0x0000000c   Zero   RW        11495    .bss                nrf_pwr_mgmt.o
    0x20007508        -       0x00000288   Zero   RW        11975    .bss                segger_rtt.o
    0x20007790        -       0x00002000   Zero   RW        12420    HEAP                arm_startup_nrf52.o
    0x20009790        -       0x00002000   Zero   RW        12419    STACK               arm_startup_nrf52.o


    Execution Region RW_IRAM2 (Exec base: 0x2000f000, Load base: 0x0003d7f8, Size: 0x00000000, Max: 0x00001000, ABSOLUTE, UNINIT)

    **** No section assigned to this execution region ****


==============================================================================

Image component sizes


      Code (inc. data)   RO Data    RW Data    ZI Data      Debug   Object Name

       900        288          0          0          0       9377   api_hash.o
      8712        594        128         14        532      22803   app_ble.o
      4218        512          0         12       3122      12902   app_cam.o
        28          0          0          0          0       2297   app_error.o
        92         10          0          0          0       3838   app_error_weak.o
       632         78          8         12          0       6098   app_export.o
       180          0          0          0          0       5579   app_fifo.o
      4362        708        578         88          0      31299   app_finger.o
     23774       5388        384         72         69      74262   app_gui.o
        48          0          0          0          0       2809   app_humansensor.o
      1324        236          0          0         81       5526   app_id2.o
      1608        108         33          8         99      13197   app_key.o
      1710         56          0          6          0       5038   app_led.o
      3404        524        136          0          0      19172   app_pwd.o
        18          0          0          0          0       3401   app_screen.o
       352         64         16         13          0      12808   app_simple_timer.o
       700         86          0          0          0       5793   app_smartkey.o
      2068        242          6         20        268      50775   app_timer.o
       646         58          0          6         18       7515   app_touch.o
       822        118         32         27         32      22711   app_uart_fifo.o
       824        218          0          4       8752       5401   app_update.o
       200         24          0          0         12       9826   app_util_platform.o
      3166        226          0          7       2456      15711   app_wifi.o
        36          8        512          0      16384        860   arm_startup_nrf52.o
       236         12        684          0          0       1663   base64.o
      1732          0          0          0          0      39124   ble_advdata.o
      1416          6          0          0          0      17628   ble_advertising.o
       936         56          8          8         80      10799   ble_conn_params.o
       452         34          8          0        120       7584   ble_conn_state.o
       108          0          0          0          0       1420   ble_link_ctx_manager.o
      1256          4         16          0          0       8224   ble_nus.o
        30          0          0          0          0      23708   ble_srv_common.o
       212         44          0          0          0       1232   chip_log.o
       360          4          0          1          0       1262   drv_74hc4052.o
       806         62         41          2         84       9396   drv_adc.o
      5884       1026          4          0          0       7035   drv_am5ba340.o
      2026        350         48         53        484     113110   drv_ble.o
        86          0          0          0          0       4197   drv_clk.o
       556         20          3          4          0      23382   drv_gpio.o
      1616          8         16          0          0       9133   drv_gt316l.o
       294          0          0          0          0       4151   drv_he24c512.o
      1234          0          0          0          0      15525   drv_iic.o
       300         20          6          0          0       7620   drv_interface.o
       848         60          0         10          0       7923   drv_motor.o
      5402       1390          0         48          0      24656   drv_motor_218.o
       642         28          0         24          0      10893   drv_nca9555.o
       562        136          0          0          0       5884   drv_radar.o
       272          0          0          0          0       2856   drv_rtc_bm8563.o
       444        140          4          2         32       4080   drv_timer.o
       358         36          0          9        512       7254   drv_uart.o
       156          0          0          0          0       2904   encrypto.o
      4524        968        112         17        226      21640   finger.o
       646         40          0         12          0      10580   hal_adc.o
        56          0          0          0          0       1831   hal_eeprom.o
       462         78          0          0          0       5826   hal_export.o
       364         34          0          0          0      11404   hal_motor.o
      1694        194         12         12         12      10881   hal_rtc.o
       190          8          0          0          0       3040   hal_touch.o
       744        118          0          8        544       8466   hal_uart.o
      2526        668          0         24         20      17246   hal_voice.o
      3340       1442          0          3         41      13247   id2_client.o
       354         32        323          0          0       3371   id2_plat.o
        74          4         21          0          0       1975   id2_util.o
       884        428          0          0          0       2430   isr.o
       568        242          0          0          0       4295   km_to_irot.o
       184         60          0          0          0       3640   ls_hal_hash.o
        62          0          0          0          0       1860   ls_osa.o
        14          0          0          0          0       1939   main.o
       374          0          0          0          0       8012   nrf_atfifo.o
        90          0          0          0          0       2764   nrf_atflags.o
       306          0          0          0          0       4443   nrf_atomic.o
       574         10         14          0          0       8188   nrf_ble_gatt.o
       390          0          0          0          0       5577   nrf_ble_qwr.o
       670         68         16          0         20      41415   nrf_drv_clock.o
       364         36         75          3         80      12462   nrf_drv_rng.o
       252         42          0          9          0      16812   nrf_drv_uart.o
        84         10          0          0          0        759   nrf_fstorage.o
      1118        118         72          8        176      17347   nrf_fstorage_sd.o
       168         22         36          9         12      37465   nrf_pwr_mgmt.o
       510          0          0          0          0       6293   nrf_queue.o
       960         92         88          3          0      41750   nrf_sdh.o
       356         18         56          1          0       5261   nrf_sdh_ble.o
        84          4         36          0          0       2324   nrf_sdh_soc.o
       112          0          0          0          0       2500   nrf_section_iter.o
       472         54          0          8          0      41915   nrfx_clock.o
      1828        126         62          0         92      61226   nrfx_gpiote.o
       140         14          0          8          0       3980   nrfx_prs.o
       384         80          0          8          0       7036   nrfx_rng.o
      1740        112        170          0         48      24021   nrfx_saadc.o
       678         32          0          0         12      19343   nrfx_timer.o
      1970         64         46          0         44      36307   nrfx_uart.o
      1802         64         48          0         36      30033   nrfx_uarte.o
        16          0          0          0          0      70577   platformfunc.o
       420         82          0          0          0       6405   public.o
        24          4          0          8          0       2698   retarget.o
      1626        108        572         48          0      14873   rijndael.o
       296         46          0          5          0       4484   scheduler.o
         0          0          0          0          0       3840   sci2c.o
      1550         66          0         80          0      17782   se_driver.o
       156         34          0         12          0       4543   se_timer.o
       522         48          0          0        648       8058   segger_rtt.o
      1096          6         16          0          0       5933   segger_rtt_printf.o
      4174         84        320          0          0       5740   sha256.o
      1568        344         96          4          0       8861   std_se_adapter.o
      2308        594          0          2        118      17754   system.o
      1352        144          0          4          0       7667   system_nrf52.o
      4310       1070          0         19          0      33703   systeminit.o
       492        128          0         10          0      55331   systemtim.o

    ----------------------------------------------------------------------
    140242      21022       4930        808      35272    1550794   Object Totals
         0          0         32          0          0          0   (incl. Generated)
       172          0         36         33          6          0   (incl. Padding)

    ----------------------------------------------------------------------

      Code (inc. data)   RO Data    RW Data    ZI Data      Debug   Library Member Name

        86          0          0          0          0          0   __dczerorl2.o
         0          0          0          0          0          0   entry.o
         0          0          0          0          0          0   entry10a.o
         0          0          0          0          0          0   entry11a.o
         4          0          0          0          0          0   entry12b.o
         8          4          0          0          0          0   entry2.o
         4          0          0          0          0          0   entry5.o
         0          0          0          0          0          0   entry7b.o
         0          0          0          0          0          0   entry8b.o
         8          4          0          0          0          0   entry9a.o
        30          0          0          0          0          0   handlers.o
        36          8          0          0          0         68   init.o
         0          0          0          0          0          0   iusefp.o
        30          0          0          0          0         68   llshl.o
        36          0          0          0          0         68   llsshr.o
        32          0          0          0          0         68   llushr.o
       188         20          0          0          0        160   malloc.o
        26          0          0          0          0         80   memcmp.o
        64          0          0          0          0         76   memmovea.o
        36          0          0          0          0        108   memseta.o
         0          0          0          8          0          0   mvars.o
      2276         94          0          0          0        596   printfa.o
        24          0          0          0          0         68   strcat.o
        18          0          0          0          0         68   strcpy.o
        14          0          0          0          0         68   strlen.o
        36          0          0          0          0         80   strstr.o
        44          0          0          0          0         80   uidiv.o
        98          0          0          0          0         92   uldiv.o
        48          0          0          0          0         68   cdrcmple.o
       334          0          0          0          0        148   dadd.o
       222          0          0          0          0        100   ddiv.o
       186          0          0          0          0        176   depilogue.o
        48          0          0          0          0         68   dfixul.o
       228          0          0          0          0         96   dmul.o

    ----------------------------------------------------------------------
      4168        130          0          8          0       2404   Library Totals
         4          0          0          0          0          0   (incl. Padding)

    ----------------------------------------------------------------------

      Code (inc. data)   RO Data    RW Data    ZI Data      Debug   Library Name

      3098        130          0          8          0       1748   mc_w.l
      1066          0          0          0          0        656   mf_w.l

    ----------------------------------------------------------------------
      4168        130          0          8          0       2404   Library Totals

    ----------------------------------------------------------------------

==============================================================================


      Code (inc. data)   RO Data    RW Data    ZI Data      Debug   

    144410      21152       4930        816      35272    1444082   Grand Totals
    144410      21152       4930        156      35272    1444082   ELF Image Totals (compressed)
    144410      21152       4930        156          0          0   ROM Totals

==============================================================================

    Total RO  Size (Code + RO Data)               149340 ( 145.84kB)
    Total RW  Size (RW Data + ZI Data)             36088 (  35.24kB)
    Total ROM Size (Code + RO Data + RW Data)     149496 ( 145.99kB)

==============================================================================

