Component: ARM Compiler 5.06 update 6 (build 750) Tool: armlink [4d35ed]

==============================================================================

Section Cross References

    main.o(i.app_error_fault_handler) refers to main.o(i.on_error) for on_error
    main.o(i.app_error_handler) refers to main.o(i.on_error) for on_error
    main.o(i.app_error_handler_bare) refers to main.o(i.on_error) for on_error
    main.o(i.main) refers to nrf_bootloader_info.o(i.nrf_bootloader_mbr_addrs_populate) for nrf_bootloader_mbr_addrs_populate
    main.o(i.main) refers to nrf_bootloader_app_start_final.o(i.nrf_bootloader_flash_protect) for nrf_bootloader_flash_protect
    main.o(i.main) refers to nrf_bootloader.o(i.nrf_bootloader_init) for nrf_bootloader_init
    main.o(i.main) refers to main.o(i.on_error) for on_error
    main.o(i.main) refers to main.o(i.dfu_observer) for dfu_observer
    ble_srv_common.o(i.ble_srv_ascii_to_utf8) refers to strlen.o(.text) for strlen
    ble_srv_common.o(i.characteristic_add) refers to ble_srv_common.o(i.set_security_req) for set_security_req
    ble_srv_common.o(i.characteristic_add) refers to memseta.o(.text) for __aeabi_memclr4
    ble_srv_common.o(i.descriptor_add) refers to memseta.o(.text) for __aeabi_memclr4
    ble_srv_common.o(i.descriptor_add) refers to ble_srv_common.o(i.set_security_req) for set_security_req
    nrf_bootloader.o(i.bootloader_reset) refers to nrf_dfu_settings.o(i.nrf_dfu_settings_backup) for nrf_dfu_settings_backup
    nrf_bootloader.o(i.bootloader_reset) refers to nrf_bootloader.o(i.do_reset) for do_reset
    nrf_bootloader.o(i.bootloader_reset) refers to nrf_bootloader.o(.data) for .data
    nrf_bootloader.o(i.dfu_observer) refers to nrf_bootloader_dfu_timers.o(i.nrf_bootloader_dfu_inactivity_timer_restart) for nrf_bootloader_dfu_inactivity_timer_restart
    nrf_bootloader.o(i.dfu_observer) refers to nrf_bootloader.o(i.bootloader_reset) for bootloader_reset
    nrf_bootloader.o(i.dfu_observer) refers to nrf_dfu_settings.o(i.nrf_dfu_settings_reinit) for nrf_dfu_settings_reinit
    nrf_bootloader.o(i.dfu_observer) refers to nrf_bootloader.o(i.inactivity_timeout) for inactivity_timeout
    nrf_bootloader.o(i.dfu_observer) refers to nrf_bootloader.o(.data) for .data
    nrf_bootloader.o(i.flash_write_callback) refers to nrf_bootloader.o(.data) for .data
    nrf_bootloader.o(i.inactivity_timeout) refers to nrf_bootloader.o(i.bootloader_reset) for bootloader_reset
    nrf_bootloader.o(i.nrf_bootloader_init) refers to nrf_dfu_settings.o(i.nrf_dfu_settings_init) for nrf_dfu_settings_init
    nrf_bootloader.o(i.nrf_bootloader_init) refers to nrf_bootloader_fw_activation.o(i.nrf_bootloader_fw_activate) for nrf_bootloader_fw_activate
    nrf_bootloader.o(i.nrf_bootloader_init) refers to nrf_bootloader.o(i.nrf_power_gpregret_get) for nrf_power_gpregret_get
    nrf_bootloader.o(i.nrf_bootloader_init) refers to nrf_dfu_settings_svci.o(i.nrf_dfu_settings_additional_erase) for nrf_dfu_settings_additional_erase
    nrf_bootloader.o(i.nrf_bootloader_init) refers to nrf_bootloader_wdt.o(i.nrf_bootloader_wdt_init) for nrf_bootloader_wdt_init
    nrf_bootloader.o(i.nrf_bootloader_init) refers to app_scheduler.o(i.app_sched_init) for app_sched_init
    nrf_bootloader.o(i.nrf_bootloader_init) refers to main.o(i.app_error_handler_bare) for app_error_handler_bare
    nrf_bootloader.o(i.nrf_bootloader_init) refers to nrf_bootloader.o(i.nrf_dfu_init_user) for nrf_dfu_init_user
    nrf_bootloader.o(i.nrf_bootloader_init) refers to nrf_bootloader.o(i.bootloader_reset) for bootloader_reset
    nrf_bootloader.o(i.nrf_bootloader_init) refers to nrf_bootloader_dfu_timers.o(i.nrf_bootloader_dfu_inactivity_timer_restart) for nrf_bootloader_dfu_inactivity_timer_restart
    nrf_bootloader.o(i.nrf_bootloader_init) refers to nrf_dfu.o(i.nrf_dfu_init) for nrf_dfu_init
    nrf_bootloader.o(i.nrf_bootloader_init) refers to nrf_bootloader_wdt.o(i.nrf_bootloader_wdt_feed) for nrf_bootloader_wdt_feed
    nrf_bootloader.o(i.nrf_bootloader_init) refers to app_scheduler.o(i.app_sched_execute) for app_sched_execute
    nrf_bootloader.o(i.nrf_bootloader_init) refers to nrf_dfu_settings.o(i.nrf_dfu_settings_backup) for nrf_dfu_settings_backup
    nrf_bootloader.o(i.nrf_bootloader_init) refers to nrf_bootloader_app_start.o(i.nrf_bootloader_app_start) for nrf_bootloader_app_start
    nrf_bootloader.o(i.nrf_bootloader_init) refers to nrf_bootloader.o(.data) for .data
    nrf_bootloader.o(i.nrf_bootloader_init) refers to nrf_bootloader.o(.bss) for .bss
    nrf_bootloader.o(i.nrf_bootloader_init) refers to nrf_bootloader.o(i.inactivity_timeout) for inactivity_timeout
    nrf_bootloader.o(i.nrf_bootloader_init) refers to nrf_bootloader.o(i.dfu_observer) for dfu_observer
    nrf_bootloader.o(i.nrf_bootloader_init) refers to nrf_bootloader.o(i.flash_write_callback) for flash_write_callback
[...]
    .data                                    0x2000264c   Section       16  nrf_dfu_ble.o(.data)
    m_adv_handle                             0x2000264c   Data           1  nrf_dfu_ble.o(.data)
    m_conn_handle                            0x2000264e   Data           2  nrf_dfu_ble.o(.data)
    m_pkt_notif_target                       0x20002650   Data           2  nrf_dfu_ble.o(.data)
    m_pkt_notif_target_cnt                   0x20002652   Data           2  nrf_dfu_ble.o(.data)
    m_flags                                  0x20002654   Data           4  nrf_dfu_ble.o(.data)
    m_observer                               0x20002658   Data           4  nrf_dfu_ble.o(.data)
    .data                                    0x2000265c   Section        8  nrf_dfu_ble.o(.data)
    m_buffer_pool_nrf_balloc_cb              0x2000265c   Data           8  nrf_dfu_ble.o(.data)
    .data                                    0x20002664   Section        1  nrf_dfu_handling_error.o(.data)
    m_last_error                             0x20002664   Data           1  nrf_dfu_handling_error.o(.data)
    .data                                    0x20002668   Section       16  nrf_dfu_req_handler.o(.data)
    current_object                           0x20002668   Data           1  nrf_dfu_req_handler.o(.data)
    m_firmware_start_addr                    0x2000266c   Data           4  nrf_dfu_req_handler.o(.data)
    m_firmware_size_req                      0x20002670   Data           4  nrf_dfu_req_handler.o(.data)
    m_observer                               0x20002674   Data           4  nrf_dfu_req_handler.o(.data)
    .data                                    0x20002678   Section        4  nrf_dfu_settings.o(.data)
    .data                                    0x2000267c   Section       16  nrf_dfu_validation.o(.data)
    m_valid_init_cmd_present                 0x2000267c   Data           1  nrf_dfu_validation.o(.data)
    m_crypto_initialized                     0x2000267d   Data           1  nrf_dfu_validation.o(.data)
    m_init_packet_valid                      0x2000267e   Data           1  nrf_dfu_validation.o(.data)
    m_init_packet_data_ptr                   0x20002680   Data           4  nrf_dfu_validation.o(.data)
    m_init_packet_data_len                   0x20002684   Data           4  nrf_dfu_validation.o(.data)
    mp_init                                  0x20002688   Data           4  nrf_dfu_validation.o(.data)
    .data                                    0x2000268c   Section       16  app_scheduler.o(.data)
    m_queue_start_index                      0x2000268c   Data           1  app_scheduler.o(.data)
    m_queue_end_index                        0x2000268d   Data           1  app_scheduler.o(.data)
    m_queue_event_size                       0x2000268e   Data           2  app_scheduler.o(.data)
    m_queue_size                             0x20002690   Data           2  app_scheduler.o(.data)
    m_queue_event_headers                    0x20002694   Data           4  app_scheduler.o(.data)
    m_queue_event_data                       0x20002698   Data           4  app_scheduler.o(.data)
    .data                                    0x2000269c   Section        4  nrf_fstorage_nvmc.o(.data)
    m_flash_operation_ongoing                0x2000269c   Data           4  nrf_fstorage_nvmc.o(.data)
    .data                                    0x200026a0   Section        8  nrf_fstorage_sd.o(.data)
    m_p_cur_op                               0x200026a0   Data           4  nrf_fstorage_sd.o(.data)
    m_iget_ctx                               0x200026a4   Data           4  nrf_fstorage_sd.o(.data)
    .data                                    0x200026a8   Section        3  nrf_sdh.o(.data)
    m_nrf_sdh_enabled                        0x200026a8   Data           1  nrf_sdh.o(.data)
    m_nrf_sdh_suspended                      0x200026a9   Data           1  nrf_sdh.o(.data)
    m_nrf_sdh_continue                       0x200026aa   Data           1  nrf_sdh.o(.data)
    .data                                    0x200026ab   Section        1  nrf_sdh_ble.o(.data)
    m_stack_is_enabled                       0x200026ab   Data           1  nrf_sdh_ble.o(.data)
    .data                                    0x200026ac   Section        4  system_nrf52833.o(.data)
    __tagsym$$used                           0x200026ac   Number         0  system_nrf52833.o(.data)
    fs_data                                  0x200026b0   Section       20  nrf_dfu_flash.o(fs_data)
    __tagsym$$used                           0x200026b0   Number         0  nrf_dfu_flash.o(fs_data)
    .bss                                     0x200026c4   Section     1056  nrf_bootloader.o(.bss)
    APP_SCHED_BUF                            0x200026c4   Data        1056  nrf_bootloader.o(.bss)
    .bss                                     0x20002ae4   Section       80  nrf_dfu_ble.o(.bss)
    m_enc_advdata                            0x20002ae4   Data          31  nrf_dfu_ble.o(.bss)
    m_adv_name                               0x20002b04   Data          28  nrf_dfu_ble.o(.bss)
    m_dfu                                    0x20002b20   Data          20  nrf_dfu_ble.o(.bss)
    .bss                                     0x20002b34   Section       17  nrf_dfu_ble.o(.bss)
    m_buffer_pool_nrf_balloc_pool_stack      0x20002b34   Data          17  nrf_dfu_ble.o(.bss)
    .bss                                     0x20002b48   Section     4148  nrf_dfu_ble.o(.bss)
    m_buffer_pool_nrf_balloc_pool_mem        0x20002b48   Data        4148  nrf_dfu_ble.o(.bss)
    .bss                                     0x20003b7c   Section     2688  nrf_dfu_settings.o(.bss)
    dfu_settings_buffer                      0x20003b7c   Data         896  nrf_dfu_settings.o(.bss)
    dfu_settings_buffer                      0x20003efc   Data         896  nrf_dfu_settings.o(.bss)
    .bss                                     0x200045fc   Section     1012  nrf_dfu_validation.o(.bss)
    m_packet                                 0x200045fc   Data         796  nrf_dfu_validation.o(.bss)
    m_pb_stream                              0x20004918   Data          16  nrf_dfu_validation.o(.bss)
    m_public_key                             0x20004928   Data          72  nrf_dfu_validation.o(.bss)
    m_signature                              0x20004970   Data          64  nrf_dfu_validation.o(.bss)
    m_sig_hash                               0x200049b0   Data          32  nrf_dfu_validation.o(.bss)
    m_fw_hash                                0x200049d0   Data          32  nrf_dfu_validation.o(.bss)
    .bss                                     0x200049f0   Section       12  app_util_platform.o(.bss)
    .bss                                     0x200049fc   Section       16  nrf_fstorage_sd.o(.bss)
    m_fifo_inst                              0x200049fc   Data          16  nrf_fstorage_sd.o(.bss)
    .bss                                     0x20004a0c   Section      496  nrf_fstorage_sd.o(.bss)
    m_fifo_data                              0x20004a0c   Data         476  nrf_fstorage_sd.o(.bss)
    m_flags                                  0x20004be8   Data          20  nrf_fstorage_sd.o(.bss)
    STACK                                    0x20004c00   Section     2048  arm_startup_nrf52833.o(STACK)

    Global Symbols

    Symbol Name                              Value     Ov Type        Size  Object(Section)

    BuildAttributes$$THM_ISAv4$E$P$D$K$B$S$7EM$VFPi3$EXTD16$VFPS$VFMA$PE$A:L22UL41UL21$X:L11$S22US41US21$IEEE1$IW$USESV6$~STKCKD$USESV7$~SHL$OSPACE$IEEEX$EBA8$MICROLIB$REQ8$EABIv2 0x00000000   Number         0  anon$$obj.o ABSOLUTE
    __ARM_use_no_argv                        0x00000000   Number         0  main.o ABSOLUTE
    __cpp_initialize__aeabi_                  - Undefined Weak Reference
    __cxa_finalize                            - Undefined Weak Reference
    __decompress                              - Undefined Weak Reference
    _clock_init                               - Undefined Weak Reference
    _microlib_exit                            - Undefined Weak Reference
    crypto_data$$Base                         - Undefined Reference
    crypto_data$$Limit                        - Undefined Reference
    sdh_ble_observers0$$Base                  - Undefined Reference
    sdh_ble_observers0$$Limit                 - Undefined Reference
    sdh_ble_observers1$$Base                  - Undefined Reference
    sdh_ble_observers1$$Limit                 - Undefined Reference
    sdh_ble_observers3$$Base                  - Undefined Reference
    sdh_ble_observers3$$Limit                 - Undefined Reference
    sdh_req_observers1$$Base                  - Undefined Reference
    sdh_req_observers1$$Limit                 - Undefined Reference
    sdh_soc_observers1$$Base                  - Undefined Reference
    sdh_soc_observers1$$Limit                 - Undefined Reference
    sdh_stack_observers1$$Base                - Undefined Reference
    sdh_stack_observers1$$Limit               - Undefined Reference
    sdh_state_observers1$$Base                - Undefined Reference
    sdh_state_observers1$$Limit               - Undefined Reference
    __Vectors_Size                           0x00000200   Number         0  arm_startup_nrf52833.o ABSOLUTE
    Load$$LR$$LR_IROM1$$Base                 0x00078000   Number         0  anon$$obj.o ABSOLUTE
    __Vectors                                0x00078000   Data           4  arm_startup_nrf52833.o(RESET)
    __Vectors_End                            0x00078200   Data           0  arm_startup_nrf52833.o(RESET)
    __main                                   0x00078201   Thumb Code     0  entry.o(.ARM.Collect$$$$00000000)
    _main_stk                                0x00078201   Thumb Code     0  entry2.o(.ARM.Collect$$$$00000001)
    _main_scatterload                        0x00078205   Thumb Code     0  entry5.o(.ARM.Collect$$$$00000004)
    __main_after_scatterload                 0x00078209   Thumb Code     0  entry5.o(.ARM.Collect$$$$00000004)
    _main_clock                              0x00078209   Thumb Code     0  entry7b.o(.ARM.Collect$$$$00000008)
    _main_cpp_init                           0x00078209   Thumb Code     0  entry8b.o(.ARM.Collect$$$$0000000A)
    _main_init                               0x00078209   Thumb Code     0  entry9a.o(.ARM.Collect$$$$0000000B)
    __rt_final_cpp                           0x00078211   Thumb Code     0  entry10a.o(.ARM.Collect$$$$0000000D)
    __rt_final_exit                          0x00078211   Thumb Code     0  entry11a.o(.ARM.Collect$$$$0000000F)
    __asm___12_nrf_atfifo_c_51f461e1__nrf_atfifo_wspace_req 0x00078215   Thumb Code    56  nrf_atfifo.o(.emb_text)
    __asm___12_nrf_atfifo_c_51f461e1__nrf_atfifo_wspace_close 0x0007824d   Thumb Code    18  nrf_atfifo.o(.emb_text)
    __asm___12_nrf_atfifo_c_51f461e1__nrf_atfifo_rspace_req 0x0007825f   Thumb Code    58  nrf_atfifo.o(.emb_text)
    __asm___12_nrf_atfifo_c_51f461e1__nrf_atfifo_rspace_close 0x00078299   Thumb Code    18  nrf_atfifo.o(.emb_text)
    __asm___12_nrf_atfifo_c_51f461e1__nrf_atfifo_space_clear 0x000782ab   Thumb Code    50  nrf_atfifo.o(.emb_text)
    __asm___12_nrf_atomic_c_85ca2469__nrf_atomic_internal_mov 0x000782dd   Thumb Code    24  nrf_atomic.o(.emb_text)
    __asm___12_nrf_atomic_c_85ca2469__nrf_atomic_internal_orr 0x000782f5   Thumb Code    26  nrf_atomic.o(.emb_text)
    __asm___12_nrf_atomic_c_85ca2469__nrf_atomic_internal_and 0x0007830f   Thumb Code    26  nrf_atomic.o(.emb_text)
    __asm___12_nrf_atomic_c_85ca2469__nrf_atomic_internal_eor 0x00078329   Thumb Code    26  nrf_atomic.o(.emb_text)
    __asm___12_nrf_atomic_c_85ca2469__nrf_atomic_internal_add 0x00078343   Thumb Code    26  nrf_atomic.o(.emb_text)
    __asm___12_nrf_atomic_c_85ca2469__nrf_atomic_internal_sub 0x0007835d   Thumb Code    26  nrf_atomic.o(.emb_text)
    __asm___12_nrf_atomic_c_85ca2469__nrf_atomic_internal_cmp_exch 0x00078377   Thumb Code    42  nrf_atomic.o(.emb_text)
    __asm___12_nrf_atomic_c_85ca2469__nrf_atomic_internal_sub_hs 0x000783a1   Thumb Code    30  nrf_atomic.o(.emb_text)
    SVC_Handler                              0x000783c1   Thumb Code    20  nrf_svc_handler.o(.emb_text)
    Reset_Handler                            0x000783d5   Thumb Code     8  arm_startup_nrf52833.o(.text)
    NMI_Handler                              0x000783dd   Thumb Code     2  arm_startup_nrf52833.o(.text)
    HardFault_Handler                        0x000783df   Thumb Code     2  arm_startup_nrf52833.o(.text)
    MemoryManagement_Handler                 0x000783e1   Thumb Code     2  arm_startup_nrf52833.o(.text)
    BusFault_Handler                         0x000783e3   Thumb Code     2  arm_startup_nrf52833.o(.text)
    UsageFault_Handler                       0x000783e5   Thumb Code     2  arm_startup_nrf52833.o(.text)
    DebugMon_Handler                         0x000783e9   Thumb Code     2  arm_startup_nrf52833.o(.text)
    PendSV_Handler                           0x000783eb   Thumb Code     2  arm_startup_nrf52833.o(.text)
    SysTick_Handler                          0x000783ed   Thumb Code     2  arm_startup_nrf52833.o(.text)
    CCM_AAR_IRQHandler                       0x000783ef   Thumb Code     0  arm_startup_nrf52833.o(.text)
    COMP_LPCOMP_IRQHandler                   0x000783ef   Thumb Code     0  arm_startup_nrf52833.o(.text)
    ECB_IRQHandler                           0x000783ef   Thumb Code     0  arm_startup_nrf52833.o(.text)
    FPU_IRQHandler                           0x000783ef   Thumb Code     0  arm_startup_nrf52833.o(.text)
    GPIOTE_IRQHandler                        0x000783ef   Thumb Code     0  arm_startup_nrf52833.o(.text)
    I2S_IRQHandler                           0x000783ef   Thumb Code     0  arm_startup_nrf52833.o(.text)
    MWU_IRQHandler                           0x000783ef   Thumb Code     0  arm_startup_nrf52833.o(.text)
    NFCT_IRQHandler                          0x000783ef   Thumb Code     0  arm_startup_nrf52833.o(.text)
    PDM_IRQHandler                           0x000783ef   Thumb Code     0  arm_startup_nrf52833.o(.text)
    POWER_CLOCK_IRQHandler                   0x000783ef   Thumb Code     0  arm_startup_nrf52833.o(.text)
    PWM0_IRQHandler                          0x000783ef   Thumb Code     0  arm_startup_nrf52833.o(.text)
    PWM1_IRQHandler                          0x000783ef   Thumb Code     0  arm_startup_nrf52833.o(.text)
    PWM2_IRQHandler                          0x000783ef   Thumb Code     0  arm_startup_nrf52833.o(.text)
    PWM3_IRQHandler                          0x000783ef   Thumb Code     0  arm_startup_nrf52833.o(.text)
    QDEC_IRQHandler                          0x000783ef   Thumb Code     0  arm_startup_nrf52833.o(.text)
    RADIO_IRQHandler                         0x000783ef   Thumb Code     0  arm_startup_nrf52833.o(.text)
    RNG_IRQHandler                           0x000783ef   Thumb Code     0  arm_startup_nrf52833.o(.text)
    RTC0_IRQHandler                          0x000783ef   Thumb Code     0  arm_startup_nrf52833.o(.text)
    RTC1_IRQHandler                          0x000783ef   Thumb Code     0  arm_startup_nrf52833.o(.text)
    SAADC_IRQHandler                         0x000783ef   Thumb Code     0  arm_startup_nrf52833.o(.text)
    SPIM0_SPIS0_TWIM0_TWIS0_SPI0_TWI0_IRQHandler 0x000783ef   Thumb Code     0  arm_startup_nrf52833.o(.text)
    SPIM1_SPIS1_TWIM1_TWIS1_SPI1_TWI1_IRQHandler 0x000783ef   Thumb Code     0  arm_startup_nrf52833.o(.text)
    SPIM2_SPIS2_SPI2_IRQHandler              0x000783ef   Thumb Code     0  arm_startup_nrf52833.o(.text)
    SPIM3_IRQHandler                         0x000783ef   Thumb Code     0  arm_startup_nrf52833.o(.text)
    SWI0_EGU0_IRQHandler                     0x000783ef   Thumb Code     0  arm_startup_nrf52833.o(.text)
    SWI1_EGU1_IRQHandler                     0x000783ef   Thumb Code     0  arm_startup_nrf52833.o(.text)
    SWI3_EGU3_IRQHandler                     0x000783ef   Thumb Code     0  arm_startup_nrf52833.o(.text)
    SWI4_EGU4_IRQHandler                     0x000783ef   Thumb Code     0  arm_startup_nrf52833.o(.text)
    SWI5_EGU5_IRQHandler                     0x000783ef   Thumb Code     0  arm_startup_nrf52833.o(.text)
    TEMP_IRQHandler                          0x000783ef   Thumb Code     0  arm_startup_nrf52833.o(.text)
    TIMER0_IRQHandler                        0x000783ef   Thumb Code     0  arm_startup_nrf52833.o(.text)
    TIMER1_IRQHandler                        0x000783ef   Thumb Code     0  arm_startup_nrf52833.o(.text)
    TIMER2_IRQHandler                        0x000783ef   Thumb Code     0  arm_startup_nrf52833.o(.text)
    TIMER3_IRQHandler                        0x000783ef   Thumb Code     0  arm_startup_nrf52833.o(.text)
    TIMER4_IRQHandler                        0x000783ef   Thumb Code     0  arm_startup_nrf52833.o(.text)
    UARTE0_UART0_IRQHandler                  0x000783ef   Thumb Code     0  arm_startup_nrf52833.o(.text)
    UARTE1_IRQHandler                        0x000783ef   Thumb Code     0  arm_startup_nrf52833.o(.text)
    USBD_IRQHandler                          0x000783ef   Thumb Code     0  arm_startup_nrf52833.o(.text)
    __aeabi_llsl                             0x000783f9   Thumb Code    30  llshl.o(.text)
    _ll_shift_l                              0x000783f9   Thumb Code     0  llshl.o(.text)
    __aeabi_memcpy                           0x00078417   Thumb Code    36  memcpya.o(.text)
    __aeabi_memcpy4                          0x00078417   Thumb Code     0  memcpya.o(.text)
    __aeabi_memcpy8                          0x00078417   Thumb Code     0  memcpya.o(.text)
    __aeabi_memset                           0x0007843b   Thumb Code    14  memseta.o(.text)
    __aeabi_memset4                          0x0007843b   Thumb Code     0  memseta.o(.text)
    __aeabi_memset8                          0x0007843b   Thumb Code     0  memseta.o(.text)
    __aeabi_memclr                           0x00078449   Thumb Code     4  memseta.o(.text)
    __aeabi_memclr4                          0x00078449   Thumb Code     0  memseta.o(.text)
    __aeabi_memclr8                          0x00078449   Thumb Code     0  memseta.o(.text)
    memset                                   0x0007844d   Thumb Code    18  memseta.o(.text)
    strcat                                   0x0007845f   Thumb Code    24  strcat.o(.text)
    strlen                                   0x00078477   Thumb Code    14  strlen.o(.text)
    memcmp                                   0x00078485   Thumb Code    26  memcmp.o(.text)
    __scatterload                            0x000784a1   Thumb Code    28  init.o(.text)
    __scatterload_rt2                        0x000784a1   Thumb Code     0  init.o(.text)
    uECC_secp256r1                           0x000787c5   Thumb Code     8  uECC.c.o(.text.uECC_secp256r1)
    uECC_verify                              0x000787cd   Thumb Code   764  uECC.c.o(.text.uECC_verify)
    Math_Bytes2String                        0x0007949d   Thumb Code    96  nrf_dfu_ble.o(i.Math_Bytes2String)
    RTC2_IRQHandler                          0x00079525   Thumb Code   106  nrf_bootloader_dfu_timers.o(i.RTC2_IRQHandler)
    SWI2_EGU2_IRQHandler                     0x00079599   Thumb Code     4  nrf_sdh.o(i.SWI2_EGU2_IRQHandler)
    SystemInit                               0x0007959d   Thumb Code   248  system_nrf52833.o(i.SystemInit)
    WDT_IRQHandler                           0x000796b1   Thumb Code    14  nrf_bootloader_wdt.o(i.WDT_IRQHandler)
    __scatterload_copy                       0x000796c5   Thumb Code    14  handlers.o(i.__scatterload_copy)
    __scatterload_null                       0x000796d3   Thumb Code     2  handlers.o(i.__scatterload_null)
    __scatterload_zeroinit                   0x000796d5   Thumb Code    14  handlers.o(i.__scatterload_zeroinit)
    app_error_fault_handler                  0x00079815   Thumb Code     4  main.o(i.app_error_fault_handler)
    app_error_handler_bare                   0x00079819   Thumb Code     4  main.o(i.app_error_handler_bare)
    app_sched_event_put                      0x0007981d   Thumb Code   154  app_scheduler.o(i.app_sched_event_put)
    app_sched_execute                        0x000798bd   Thumb Code    58  app_scheduler.o(i.app_sched_execute)
    app_sched_init                           0x000798fd   Thumb Code    40  app_scheduler.o(i.app_sched_init)
    app_util_critical_region_enter           0x00079929   Thumb Code    64  app_util_platform.o(i.app_util_critical_region_enter)
    app_util_critical_region_exit            0x00079971   Thumb Code    46  app_util_platform.o(i.app_util_critical_region_exit)
    ble_dfu_init                             0x000799f1   Thumb Code   182  nrf_dfu_ble.o(i.ble_dfu_init)
    ble_dfu_transport_close                  0x00079b6d   Thumb Code    82  nrf_dfu_ble.o(i.ble_dfu_transport_close)
    ble_dfu_transport_init                   0x00079bcd   Thumb Code   134  nrf_dfu_ble.o(i.ble_dfu_transport_init)
    ble_srv_is_notification_enabled          0x00079e2d   Thumb Code     8  ble_srv_common.o(i.ble_srv_is_notification_enabled)
    crc32_compute                            0x00079f29   Thumb Code    54  crc32.o(i.crc32_compute)
    dfu_fstorage_evt_handler                 0x0007a13d   Thumb Code    12  nrf_dfu_flash.o(i.dfu_fstorage_evt_handler)
    ext_error_get                            0x0007a30d   Thumb Code    10  nrf_dfu_handling_error.o(i.ext_error_get)
    ext_error_set                            0x0007a31d   Thumb Code     8  nrf_dfu_handling_error.o(i.ext_error_set)
    fw_hash_ok                               0x0007a341   Thumb Code     8  nrf_dfu_validation.o(i.fw_hash_ok)
    main                                     0x0007a56d   Thumb Code    38  main.o(i.main)
    nrf_atfifo_clear                         0x0007a59d   Thumb Code    16  nrf_atfifo.o(i.nrf_atfifo_clear)
    nrf_atfifo_init                          0x0007a5ad   Thumb Code    38  nrf_atfifo.o(i.nrf_atfifo_init)
    nrf_atfifo_item_alloc                    0x0007a5d3   Thumb Code    22  nrf_atfifo.o(i.nrf_atfifo_item_alloc)
    nrf_atfifo_item_free                     0x0007a5e9   Thumb Code    22  nrf_atfifo.o(i.nrf_atfifo_item_free)
    nrf_atfifo_item_get                      0x0007a5ff   Thumb Code    22  nrf_atfifo.o(i.nrf_atfifo_item_get)
    nrf_atfifo_item_put                      0x0007a615   Thumb Code    22  nrf_atfifo.o(i.nrf_atfifo_item_put)
    nrf_atomic_flag_clear                    0x0007a62b   Thumb Code     6  nrf_atomic.o(i.nrf_atomic_flag_clear)
    nrf_atomic_flag_set_fetch                0x0007a631   Thumb Code     6  nrf_atomic.o(i.nrf_atomic_flag_set_fetch)
    nrf_atomic_u32_and                       0x0007a637   Thumb Code    12  nrf_atomic.o(i.nrf_atomic_u32_and)
    nrf_atomic_u32_fetch_or                  0x0007a643   Thumb Code    10  nrf_atomic.o(i.nrf_atomic_u32_fetch_or)
    nrf_balloc_alloc                         0x0007a64d   Thumb Code    68  nrf_balloc.o(i.nrf_balloc_alloc)
    nrf_balloc_free                          0x0007a691   Thumb Code    48  nrf_balloc.o(i.nrf_balloc_free)
    nrf_balloc_init                          0x0007a6c1   Thumb Code    48  nrf_balloc.o(i.nrf_balloc_init)
    nrf_bootloader_app_start                 0x0007a6f1   Thumb Code    36  nrf_bootloader_app_start.o(i.nrf_bootloader_app_start)
    nrf_bootloader_app_start_final           0x0007a715   Thumb Code    88  nrf_bootloader_app_start_final.o(i.nrf_bootloader_app_start_final)
    nrf_bootloader_dfu_inactivity_timer_restart 0x0007a775   Thumb Code    34  nrf_bootloader_dfu_timers.o(i.nrf_bootloader_dfu_inactivity_timer_restart)
    nrf_bootloader_flash_protect             0x0007a79d   Thumb Code    56  nrf_bootloader_app_start_final.o(i.nrf_bootloader_flash_protect)
    nrf_bootloader_fw_activate               0x0007a7dd   Thumb Code   102  nrf_bootloader_fw_activation.o(i.nrf_bootloader_fw_activate)
    nrf_bootloader_init                      0x0007a851   Thumb Code   176  nrf_bootloader.o(i.nrf_bootloader_init)
    nrf_bootloader_mbr_addrs_populate        0x0007a919   Thumb Code    42  nrf_bootloader_info.o(i.nrf_bootloader_mbr_addrs_populate)
    nrf_bootloader_wdt_feed                  0x0007a949   Thumb Code    20  nrf_bootloader_wdt.o(i.nrf_bootloader_wdt_feed)
    nrf_bootloader_wdt_feed_timer_start      0x0007a95d   Thumb Code    16  nrf_bootloader_dfu_timers.o(i.nrf_bootloader_wdt_feed_timer_start)
    nrf_bootloader_wdt_init                  0x0007a971   Thumb Code    60  nrf_bootloader_wdt.o(i.nrf_bootloader_wdt_init)
    nrf_crypto_backend_micro_ecc_curve_get   0x0007a9b9   Thumb Code     6  micro_ecc_backend_ecc.o(i.nrf_crypto_backend_micro_ecc_curve_get)
    nrf_crypto_backend_micro_ecc_public_key_from_raw 0x0007a9bf   Thumb Code    16  micro_ecc_backend_ecc.o(i.nrf_crypto_backend_micro_ecc_public_key_from_raw)
    nrf_crypto_backend_micro_ecc_verify      0x0007a9cf   Thumb Code    86  micro_ecc_backend_ecdsa.o(i.nrf_crypto_backend_micro_ecc_verify)
    nrf_crypto_ecc_public_key_from_raw       0x0007aa25   Thumb Code    48  nrf_crypto_ecc.o(i.nrf_crypto_ecc_public_key_from_raw)
    nrf_crypto_ecdsa_verify                  0x0007aa59   Thumb Code    72  nrf_crypto_ecdsa.o(i.nrf_crypto_ecdsa_verify)
    nrf_crypto_hash_calculate                0x0007aaa5   Thumb Code    54  nrf_crypto_hash.o(i.nrf_crypto_hash_calculate)
    nrf_crypto_hash_finalize                 0x0007aadb   Thumb Code    54  nrf_crypto_hash.o(i.nrf_crypto_hash_finalize)
    nrf_crypto_hash_init                     0x0007ab11   Thumb Code    38  nrf_crypto_hash.o(i.nrf_crypto_hash_init)
    nrf_crypto_hash_update                   0x0007ab3d   Thumb Code    46  nrf_crypto_hash.o(i.nrf_crypto_hash_update)
    nrf_crypto_init                          0x0007ab6d   Thumb Code    50  nrf_crypto_init.o(i.nrf_crypto_init)
    nrf_crypto_internal_double_swap_endian   0x0007abad   Thumb Code    26  nrf_crypto_shared.o(i.nrf_crypto_internal_double_swap_endian)
    nrf_crypto_internal_double_swap_endian_in_place 0x0007abc7   Thumb Code    22  nrf_crypto_shared.o(i.nrf_crypto_internal_double_swap_endian_in_place)
    nrf_crypto_internal_ecc_key_input_check  0x0007abdd   Thumb Code    24  nrf_crypto_ecc.o(i.nrf_crypto_internal_ecc_key_input_check)
    nrf_crypto_internal_ecc_key_output_prepare 0x0007abf5   Thumb Code    26  nrf_crypto_ecc.o(i.nrf_crypto_internal_ecc_key_output_prepare)
    nrf_crypto_internal_ecc_raw_input_check  0x0007ac0f   Thumb Code    22  nrf_crypto_ecc.o(i.nrf_crypto_internal_ecc_raw_input_check)
    nrf_crypto_internal_swap_endian          0x0007ac25   Thumb Code    22  nrf_crypto_shared.o(i.nrf_crypto_internal_swap_endian)
    nrf_crypto_internal_swap_endian_in_place 0x0007ac3b   Thumb Code    24  nrf_crypto_shared.o(i.nrf_crypto_internal_swap_endian_in_place)
    nrf_dfu_bank0_start_addr                 0x0007ac55   Thumb Code    34  nrf_dfu_utils.o(i.nrf_dfu_bank0_start_addr)
    nrf_dfu_bank1_start_addr                 0x0007ac7d   Thumb Code    28  nrf_dfu_utils.o(i.nrf_dfu_bank1_start_addr)
    nrf_dfu_bank_invalidate                  0x0007ac9d   Thumb Code    14  nrf_dfu_utils.o(i.nrf_dfu_bank_invalidate)
    nrf_dfu_cache_prepare                    0x0007acb1   Thumb Code   140  nrf_dfu_utils.o(i.nrf_dfu_cache_prepare)
    nrf_dfu_flash_erase                      0x0007ae51   Thumb Code    12  nrf_dfu_flash.o(i.nrf_dfu_flash_erase)
    nrf_dfu_flash_init                       0x0007ae61   Thumb Code    16  nrf_dfu_flash.o(i.nrf_dfu_flash_init)
    nrf_dfu_flash_store                      0x0007ae7d   Thumb Code    18  nrf_dfu_flash.o(i.nrf_dfu_flash_store)
    nrf_dfu_init                             0x0007ae95   Thumb Code    34  nrf_dfu.o(i.nrf_dfu_init)
    nrf_dfu_init_user                        0x0007aec1   Thumb Code     4  nrf_bootloader.o(i.nrf_dfu_init_user)
    nrf_dfu_mbr_copy_bl                      0x0007aec5   Thumb Code    22  nrf_dfu_mbr.o(i.nrf_dfu_mbr_copy_bl)
    nrf_dfu_mbr_init_sd                      0x0007aedd   Thumb Code    18  nrf_dfu_mbr.o(i.nrf_dfu_mbr_init_sd)
    nrf_dfu_mbr_irq_forward_address_set      0x0007aef5   Thumb Code    12  nrf_dfu_mbr.o(i.nrf_dfu_mbr_irq_forward_address_set)
    nrf_dfu_req_handler_init                 0x0007af01   Thumb Code    62  nrf_dfu_req_handler.o(i.nrf_dfu_req_handler_init)
    nrf_dfu_req_handler_on_req               0x0007af45   Thumb Code    16  nrf_dfu_req_handler.o(i.nrf_dfu_req_handler_on_req)
    nrf_dfu_settings_additional_erase        0x0007b069   Thumb Code    46  nrf_dfu_settings_svci.o(i.nrf_dfu_settings_additional_erase)
    nrf_dfu_settings_adv_name_copy           0x0007b09d   Thumb Code    20  nrf_dfu_settings_svci.o(i.nrf_dfu_settings_adv_name_copy)
    nrf_dfu_settings_adv_name_is_valid       0x0007b0b5   Thumb Code    28  nrf_dfu_settings_svci.o(i.nrf_dfu_settings_adv_name_is_valid)
    nrf_dfu_settings_adv_name_write          0x0007b0d5   Thumb Code    50  nrf_dfu_settings_svci.o(i.nrf_dfu_settings_adv_name_write)
    nrf_dfu_settings_backup                  0x0007b10d   Thumb Code     6  nrf_dfu_settings.o(i.nrf_dfu_settings_backup)
    nrf_dfu_settings_init                    0x0007b119   Thumb Code    26  nrf_dfu_settings.o(i.nrf_dfu_settings_init)
    nrf_dfu_settings_progress_reset          0x0007b135   Thumb Code    34  nrf_dfu_settings.o(i.nrf_dfu_settings_progress_reset)
    nrf_dfu_settings_reinit                  0x0007b15d   Thumb Code   190  nrf_dfu_settings.o(i.nrf_dfu_settings_reinit)
    nrf_dfu_settings_write                   0x0007b231   Thumb Code    42  nrf_dfu_settings.o(i.nrf_dfu_settings_write)
    nrf_dfu_settings_write_and_backup        0x0007b265   Thumb Code    26  nrf_dfu_settings.o(i.nrf_dfu_settings_write_and_backup)
    nrf_dfu_softdevice_start_address         0x0007b285   Thumb Code     6  nrf_dfu_utils.o(i.nrf_dfu_softdevice_start_address)
    nrf_dfu_transports_close                 0x0007b28d   Thumb Code    44  nrf_dfu_transport.o(i.nrf_dfu_transports_close)
    nrf_dfu_transports_init                  0x0007b2c1   Thumb Code    42  nrf_dfu_transport.o(i.nrf_dfu_transports_init)
    nrf_dfu_validation_activation_prepare    0x0007b2f5   Thumb Code     6  nrf_dfu_validation.o(i.nrf_dfu_validation_activation_prepare)
    nrf_dfu_validation_boot_validate         0x0007b2fb   Thumb Code    82  nrf_dfu_validation.o(i.nrf_dfu_validation_boot_validate)
    nrf_dfu_validation_init                  0x0007b3b1   Thumb Code    26  nrf_dfu_validation.o(i.nrf_dfu_validation_init)
    nrf_dfu_validation_init_cmd_append       0x0007b3d5   Thumb Code    66  nrf_dfu_validation.o(i.nrf_dfu_validation_init_cmd_append)
    nrf_dfu_validation_init_cmd_create       0x0007b41d   Thumb Code    42  nrf_dfu_validation.o(i.nrf_dfu_validation_init_cmd_create)
    nrf_dfu_validation_init_cmd_execute      0x0007b451   Thumb Code   124  nrf_dfu_validation.o(i.nrf_dfu_validation_init_cmd_execute)
    nrf_dfu_validation_init_cmd_present      0x0007b4d5   Thumb Code     6  nrf_dfu_validation.o(i.nrf_dfu_validation_init_cmd_present)
    nrf_dfu_validation_prevalidate           0x0007b4e1   Thumb Code    62  nrf_dfu_validation.o(i.nrf_dfu_validation_prevalidate)
    nrf_dfu_ver_validation_check             0x0007b5bd   Thumb Code   122  nrf_dfu_ver_validation.o(i.nrf_dfu_ver_validation_check)
    nrf_fstorage_erase                       0x0007b63d   Thumb Code    44  nrf_fstorage.o(i.nrf_fstorage_erase)
    nrf_fstorage_init                        0x0007b669   Thumb Code     8  nrf_fstorage.o(i.nrf_fstorage_init)
    nrf_fstorage_is_busy                     0x0007b671   Thumb Code    70  nrf_fstorage.o(i.nrf_fstorage_is_busy)
    nrf_fstorage_sdh_req_handler             0x0007b6c1   Thumb Code    18  nrf_fstorage_sd.o(i.nrf_fstorage_sdh_req_handler)
    nrf_fstorage_sdh_state_handler           0x0007b6d9   Thumb Code    28  nrf_fstorage_sd.o(i.nrf_fstorage_sdh_state_handler)
    nrf_fstorage_sys_evt_handler             0x0007b6f9   Thumb Code   150  nrf_fstorage_sd.o(i.nrf_fstorage_sys_evt_handler)
    nrf_fstorage_write                       0x0007b799   Thumb Code    62  nrf_fstorage.o(i.nrf_fstorage_write)
    nrf_nvmc_page_erase                      0x0007b7d9   Thumb Code    40  nrf_nvmc.o(i.nrf_nvmc_page_erase)
    nrf_nvmc_write_word                      0x0007b809   Thumb Code    38  nrf_nvmc.o(i.nrf_nvmc_write_word)
    nrf_nvmc_write_words                     0x0007b839   Thumb Code    58  nrf_nvmc.o(i.nrf_nvmc_write_words)
    nrf_sdh_ble_app_ram_start_get            0x0007b895   Thumb Code    16  nrf_sdh_ble.o(i.nrf_sdh_ble_app_ram_start_get)
    nrf_sdh_ble_default_cfg_set              0x0007b8a9   Thumb Code   148  nrf_sdh_ble.o(i.nrf_sdh_ble_default_cfg_set)
    nrf_sdh_ble_enable                       0x0007b93d   Thumb Code    14  nrf_sdh_ble.o(i.nrf_sdh_ble_enable)
    nrf_sdh_disable_request                  0x0007b9b1   Thumb Code    80  nrf_sdh.o(i.nrf_sdh_disable_request)
    nrf_sdh_enable_request                   0x0007ba05   Thumb Code   102  nrf_sdh.o(i.nrf_sdh_enable_request)
    nrf_sdh_evts_poll                        0x0007ba79   Thumb Code    32  nrf_sdh.o(i.nrf_sdh_evts_poll)
    nrf_sdh_is_enabled                       0x0007ba9d   Thumb Code     6  nrf_sdh.o(i.nrf_sdh_is_enabled)
    nrf_sdh_request_continue                 0x0007baa9   Thumb Code    22  nrf_sdh.o(i.nrf_sdh_request_continue)
    nrf_section_iter_init                    0x0007bb01   Thumb Code    10  nrf_section_iter.o(i.nrf_section_iter_init)
    nrf_section_iter_next                    0x0007bb2f   Thumb Code    32  nrf_section_iter.o(i.nrf_section_iter_next)
    nrf_svc_handler_c                        0x0007bb51   Thumb Code    84  nrf_svc_handler.o(i.nrf_svc_handler_c)
    pb_decode                                0x0007c063   Thumb Code    30  pb_decode.o(i.pb_decode)
    pb_decode_fixed32                        0x0007c081   Thumb Code    32  pb_decode.o(i.pb_decode_fixed32)
    pb_decode_fixed64                        0x0007c0a1   Thumb Code    92  pb_decode.o(i.pb_decode_fixed64)
    pb_decode_noinit                         0x0007c0fd   Thumb Code   390  pb_decode.o(i.pb_decode_noinit)
    pb_decode_svarint                        0x0007c283   Thumb Code    58  pb_decode.o(i.pb_decode_svarint)
    pb_decode_tag                            0x0007c2bd   Thumb Code    66  pb_decode.o(i.pb_decode_tag)
    pb_decode_varint                         0x0007c2ff   Thumb Code    74  pb_decode.o(i.pb_decode_varint)
    pb_field_iter_begin                      0x0007c3d1   Thumb Code    34  pb_common.o(i.pb_field_iter_begin)
    pb_field_iter_find                       0x0007c3f3   Thumb Code    46  pb_common.o(i.pb_field_iter_find)
    pb_field_iter_next                       0x0007c421   Thumb Code   126  pb_common.o(i.pb_field_iter_next)
    pb_istream_from_buffer                   0x0007c545   Thumb Code    14  pb_decode.o(i.pb_istream_from_buffer)
    pb_make_string_substream                 0x0007c559   Thumb Code    54  pb_decode.o(i.pb_make_string_substream)
    pb_read                                  0x0007c5b5   Thumb Code    84  pb_decode.o(i.pb_read)
    pb_skip_field                            0x0007c62d   Thumb Code    90  pb_decode.o(i.pb_skip_field)
    postvalidate                             0x0007c689   Thumb Code   184  nrf_dfu_validation.o(i.postvalidate)
    settings_backup                          0x0007cb75   Thumb Code    12  nrf_dfu_settings.o(i.settings_backup)
    sha256_final                             0x0007cbe3   Thumb Code   272  sha256.o(i.sha256_final)
    sha256_init                              0x0007ccf5   Thumb Code    50  sha256.o(i.sha256_init)
    sha256_transform                         0x0007cd49   Thumb Code   294  sha256.o(i.sha256_transform)
    sha256_update                            0x0007ce75   Thumb Code    84  sha256.o(i.sha256_update)
    pk                                       0x0007d2c4   Data          64  dfu_public_key.o(.constdata)
    g_nrf_crypto_hash_sha256_info            0x0007d318   Data          24  nrf_sw_backend_hash.o(.constdata)
    g_nrf_crypto_ecc_secp256r1_curve_info    0x0007d330   Data          12  micro_ecc_backend_ecc.o(.constdata)
    dfu_init_command_is_debug_default        0x0007d33c   Data           1  dfu-cc.pb.o(.constdata)
    dfu_hash_fields                          0x0007d340   Data          48  dfu-cc.pb.o(.constdata)
    dfu_boot_validation_fields               0x0007d370   Data          48  dfu-cc.pb.o(.constdata)
    dfu_init_command_fields                  0x0007d3a0   Data         176  dfu-cc.pb.o(.constdata)
    dfu_command_fields                       0x0007d450   Data          48  dfu-cc.pb.o(.constdata)
    dfu_signed_command_fields                0x0007d480   Data          64  dfu-cc.pb.o(.constdata)
    dfu_packet_fields                        0x0007d4c0   Data          48  dfu-cc.pb.o(.constdata)
    nrf_fstorage_nvmc                        0x0007d654   Data          32  nrf_fstorage_nvmc.o(.constdata)
    nrf_fstorage_sd                          0x0007d684   Data          32  nrf_fstorage_sd.o(.constdata)
    m_ram_start                              0x0007d81c   Data           4  nrf_sdh_ble.o(.constdata)
    Region$$Table$$Base                      0x0007d91c   Number         0  anon$$obj.o(Region$$Table)
    Region$$Table$$Limit                     0x0007d93c   Number         0  anon$$obj.o(Region$$Table)
    ble_dfu_transport                        0x0007d93c   Data           8  nrf_dfu_ble.o(dfu_trans)
    dfu_trans$$Base                          0x0007d93c   Number         0  nrf_dfu_ble.o(dfu_trans)
    dfu_trans$$Limit                         0x0007d944   Number         0  nrf_dfu_ble.o(dfu_trans)
    m_buffer_pool                            0x0007d944   Data          20  nrf_dfu_ble.o(nrf_balloc)
    sdh_ble_observers2$$Base                 0x0007d958   Number         0  nrf_dfu_ble.o(sdh_ble_observers2)
    m_req_obs                                0x0007d960   Data           8  nrf_fstorage_sd.o(sdh_req_observers0)
    sdh_ble_observers2$$Limit                0x0007d960   Number         0  nrf_dfu_ble.o(sdh_ble_observers2)
    sdh_req_observers0$$Base                 0x0007d960   Number         0  nrf_fstorage_sd.o(sdh_req_observers0)
    sdh_req_observers0$$Limit                0x0007d968   Number         0  nrf_fstorage_sd.o(sdh_req_observers0)
    sdh_soc_observers0$$Base                 0x0007d968   Number         0  nrf_fstorage_sd.o(sdh_soc_observers0)
    sdh_soc_observers0$$Limit                0x0007d970   Number         0  nrf_fstorage_sd.o(sdh_soc_observers0)
    sdh_stack_observers0$$Base               0x0007d970   Number         0  nrf_sdh_ble.o(sdh_stack_observers0)
    sdh_stack_observers0$$Limit              0x0007d980   Number         0  nrf_sdh_soc.o(sdh_stack_observers0)
    sdh_state_observers0$$Base               0x0007d980   Number         0  nrf_fstorage_sd.o(sdh_state_observers0)
    nrf_dfu_set_adv_name_var                 0x0007d988   Data          12  nrf_dfu_svci_handler.o(svc_data)
    sdh_state_observers0$$Limit              0x0007d988   Number         0  nrf_fstorage_sd.o(sdh_state_observers0)
    svc_data$$Base                           0x0007d988   Number         0  nrf_dfu_svci_handler.o(svc_data)
    svc_data$$Limit                          0x0007d994   Number         0  nrf_dfu_svci_handler.o(svc_data)
    m_mbr_params_page                        0x0007e000   Data        4096  nrf_dfu_settings.o(.ARM.__AT_0x0007E000)
    m_dfu_settings_buffer                    0x0007f000   Data        4096  nrf_dfu_settings.o(.ARM.__AT_0x0007F000)
    m_uicr_bootloader_start_address          0x10001014   Data           4  nrf_bootloader_info.o(.ARM.__AT_0x10001014)
    m_uicr_mbr_params_page_address           0x10001018   Data           4  nrf_dfu_settings.o(.ARM.__AT_0x10001018)
    Image$$RW_IRAM1$$Base                    0x20002608   Number         0  anon$$obj.o ABSOLUTE
    mp_inactivity                            0x20002618   Data           4  nrf_bootloader_dfu_timers.o(.data)
    mp_wdt_feed                              0x2000261c   Data           4  nrf_bootloader_dfu_timers.o(.data)
    m_counter_loops                          0x20002620   Data           4  nrf_bootloader_dfu_timers.o(.data)
    m_timers                                 0x20002624   Data          32  nrf_bootloader_dfu_timers.o(.data)
    mp_dfu_settings_backup_buffer            0x20002678   Data           4  nrf_dfu_settings.o(.data)
    SystemCoreClock                          0x200026ac   Data           4  system_nrf52833.o(.data)
    fs_data$$Base                            0x200026b0   Number         0  nrf_dfu_flash.o(fs_data)
    m_fs                                     0x200026b0   Data          20  nrf_dfu_flash.o(fs_data)
    fs_data$$Limit                           0x200026c4   Number         0  nrf_dfu_flash.o(fs_data)
    s_dfu_settings                           0x2000427c   Data         896  nrf_dfu_settings.o(.bss)
    nrf_nvic_state                           0x200049f0   Data          12  app_util_platform.o(.bss)
    __initial_sp                             0x20005400   Data           0  arm_startup_nrf52833.o(STACK)



==============================================================================

Memory Map of the image

  Image Entry point : 0x00078201

  Load Region LR_IROM1 (Base: 0x00078000, Size: 0x00005a50, Max: 0x00006000, ABSOLUTE)

    Execution Region ER_IROM1 (Exec base: 0x00078000, Load base: 0x00078000, Size: 0x00005994, Max: 0x00006000, ABSOLUTE)

    Exec Addr    Load Addr    Size         Type   Attr      Idx    E Section Name        Object

    0x00078000   0x00078000   0x00000200   Data   RO         4387    RESET               arm_startup_nrf52833.o
    0x00078200   0x00078200   0x00000000   Code   RO         4519  * .ARM.Collect$$$$00000000  mc_w.l(entry.o)
    0x00078200   0x00078200   0x00000004   Code   RO         4538    .ARM.Collect$$$$00000001  mc_w.l(entry2.o)
    0x00078204   0x00078204   0x00000004   Code   RO         4541    .ARM.Collect$$$$00000004  mc_w.l(entry5.o)
    0x00078208   0x00078208   0x00000000   Code   RO         4543    .ARM.Collect$$$$00000008  mc_w.l(entry7b.o)
    0x00078208   0x00078208   0x00000000   Code   RO         4545    .ARM.Collect$$$$0000000A  mc_w.l(entry8b.o)
    0x00078208   0x00078208   0x00000008   Code   RO         4546    .ARM.Collect$$$$0000000B  mc_w.l(entry9a.o)
    0x00078210   0x00078210   0x00000000   Code   RO         4548    .ARM.Collect$$$$0000000D  mc_w.l(entry10a.o)
    0x00078210   0x00078210   0x00000000   Code   RO         4550    .ARM.Collect$$$$0000000F  mc_w.l(entry11a.o)
    0x00078210   0x00078210   0x00000004   Code   RO         4539    .ARM.Collect$$$$00002712  mc_w.l(entry2.o)
    0x00078214   0x00078214   0x000000c8   Code   RO         3139    .emb_text           nrf_atfifo.o
    0x000782dc   0x000782dc   0x000000e2   Code   RO         3212    .emb_text           nrf_atomic.o
    0x000783be   0x000783be   0x00000002   PAD
    0x000783c0   0x000783c0   0x00000014   Code   RO         3946    .emb_text           nrf_svc_handler.o
    0x000783d4   0x000783d4   0x00000024   Code   RO         4388    .text               arm_startup_nrf52833.o
    0x000783f8   0x000783f8   0x0000001e   Code   RO         4522    .text               mc_w.l(llshl.o)
    0x00078416   0x00078416   0x00000024   Code   RO         4524    .text               mc_w.l(memcpya.o)
    0x0007843a   0x0007843a   0x00000024   Code   RO         4528    .text               mc_w.l(memseta.o)
    0x0007845e   0x0007845e   0x00000018   Code   RO         4530    .text               mc_w.l(strcat.o)
    0x00078476   0x00078476   0x0000000e   Code   RO         4532    .text               mc_w.l(strlen.o)
    0x00078484   0x00078484   0x0000001a   Code   RO         4534    .text               mc_w.l(memcmp.o)
    0x0007849e   0x0007849e   0x00000002   PAD
    0x000784a0   0x000784a0   0x00000024   Code   RO         4552    .text               mc_w.l(init.o)
    0x000784c4   0x000784c4   0x000000ce   Code   RO         4474    .text.XYcZ_add      micro_ecc_lib_nrf52.lib(uECC.c.o)
    0x00078592   0x00078592   0x0000003e   Code   RO         4473    .text.apply_z       micro_ecc_lib_nrf52.lib(uECC.c.o)
    0x000785d0   0x000785d0   0x00000014   Code   RO         4446    .text.bcopy         micro_ecc_lib_nrf52.lib(uECC.c.o)
    0x000785e4   0x000785e4   0x0000008e   Code   RO         4478    .text.bits2int      micro_ecc_lib_nrf52.lib(uECC.c.o)
    0x00078672   0x00078672   0x00000152   Code   RO         4463    .text.double_jacobian_default  micro_ecc_lib_nrf52.lib(uECC.c.o)
    0x000787c4   0x000787c4   0x00000008   Code   RO         4496    .text.uECC_secp256r1  micro_ecc_lib_nrf52.lib(uECC.c.o)
    0x000787cc   0x000787cc   0x000002fc   Code   RO         4504    .text.uECC_verify   micro_ecc_lib_nrf52.lib(uECC.c.o)
    0x00078ac8   0x00078ac8   0x00000008   PAD
    0x00078ad0   0x00078ad0   0x00000058   Code   RO         4447    .text.uECC_vli_add  micro_ecc_lib_nrf52.lib(uECC.c.o)
    0x00078b28   0x00078b28   0x00000016   Code   RO         4450    .text.uECC_vli_clear  micro_ecc_lib_nrf52.lib(uECC.c.o)
    0x00078b3e   0x00078b3e   0x0000002a   Code   RO         4455    .text.uECC_vli_cmp_unsafe  micro_ecc_lib_nrf52.lib(uECC.c.o)
    0x00078b68   0x00078b68   0x0000001e   Code   RO         4451    .text.uECC_vli_isZero  micro_ecc_lib_nrf52.lib(uECC.c.o)
    0x00078b86   0x00078b86   0x00000038   Code   RO         4458    .text.uECC_vli_modAdd  micro_ecc_lib_nrf52.lib(uECC.c.o)
    0x00078bbe   0x00078bbe   0x00000106   Code   RO         4484    .text.uECC_vli_modInv  micro_ecc_lib_nrf52.lib(uECC.c.o)
    0x00078cc4   0x00078cc4   0x0000013c   Code   RO         4460    .text.uECC_vli_modMult  micro_ecc_lib_nrf52.lib(uECC.c.o)
    0x00078e00   0x00078e00   0x00000020   Code   RO         4461    .text.uECC_vli_modMult_fast  micro_ecc_lib_nrf52.lib(uECC.c.o)
    0x00078e20   0x00078e20   0x00000008   Code   RO         4462    .text.uECC_vli_modSquare_fast  micro_ecc_lib_nrf52.lib(uECC.c.o)
    0x00078e28   0x00078e28   0x00000028   Code   RO         4459    .text.uECC_vli_modSub  micro_ecc_lib_nrf52.lib(uECC.c.o)
    0x00078e50   0x00078e50   0x00000312   Code   RO         4449    .text.uECC_vli_mult  micro_ecc_lib_nrf52.lib(uECC.c.o)
    0x00079162   0x00079162   0x00000040   Code   RO         4453    .text.uECC_vli_numBits  micro_ecc_lib_nrf52.lib(uECC.c.o)
    0x000791a2   0x000791a2   0x0000001a   Code   RO         4457    .text.uECC_vli_rshift1  micro_ecc_lib_nrf52.lib(uECC.c.o)
    0x000791bc   0x000791bc   0x00000018   Code   RO         4454    .text.uECC_vli_set  micro_ecc_lib_nrf52.lib(uECC.c.o)
    0x000791d4   0x000791d4   0x0000000c   PAD
    0x000791e0   0x000791e0   0x00000060   Code   RO         4448    .text.uECC_vli_sub  micro_ecc_lib_nrf52.lib(uECC.c.o)
    0x00079240   0x00079240   0x00000014   Code   RO         4452    .text.uECC_vli_testBit  micro_ecc_lib_nrf52.lib(uECC.c.o)
    0x00079254   0x00079254   0x000001b0   Code   RO         4469    .text.vli_mmod_fast_secp256r1  micro_ecc_lib_nrf52.lib(uECC.c.o)
    0x00079404   0x00079404   0x00000038   Code   RO         4483    .text.vli_modInv_update  micro_ecc_lib_nrf52.lib(uECC.c.o)
    0x0007943c   0x0007943c   0x0000005e   Code   RO         4464    .text.x_side_default  micro_ecc_lib_nrf52.lib(uECC.c.o)
    0x0007949a   0x0007949a   0x00000002   PAD
    0x0007949c   0x0007949c   0x00000088   Code   RO         1613    i.Math_Bytes2String  nrf_dfu_ble.o
    0x00079524   0x00079524   0x00000074   Code   RO          590    i.RTC2_IRQHandler   nrf_bootloader_dfu_timers.o
    0x00079598   0x00079598   0x00000004   Code   RO         3975    i.SWI2_EGU2_IRQHandler  nrf_sdh.o
    0x0007959c   0x0007959c   0x00000114   Code   RO         4396    i.SystemInit        system_nrf52833.o
    0x000796b0   0x000796b0   0x00000014   Code   RO          769    i.WDT_IRQHandler    nrf_bootloader_wdt.o
    0x000796c4   0x000796c4   0x0000000e   Code   RO         4556    i.__scatterload_copy  mc_w.l(handlers.o)
    0x000796d2   0x000796d2   0x00000002   Code   RO         4557    i.__scatterload_null  mc_w.l(handlers.o)
    0x000796d4   0x000796d4   0x0000000e   Code   RO         4558    i.__scatterload_zeroinit  mc_w.l(handlers.o)
    0x000796e2   0x000796e2   0x00000002   PAD
    0x000796e4   0x000796e4   0x00000024   Code   RO         3976    i.__sd_nvic_app_accessible_irq  nrf_sdh.o
    0x00079708   0x00079708   0x0000000c   Code   RO         3388    i.addr_is_aligned32  nrf_fstorage.o
    0x00079714   0x00079714   0x00000018   Code   RO         3389    i.addr_is_within_bounds  nrf_fstorage.o
    0x0007972c   0x0007972c   0x0000006c   Code   RO         1614    i.advertising_init  nrf_dfu_ble.o
    0x00079798   0x00079798   0x00000034   Code   RO         1615    i.advertising_start  nrf_dfu_ble.o
    0x000797cc   0x000797cc   0x00000048   Code   RO          674    i.app_activate      nrf_bootloader_fw_activation.o
    0x00079814   0x00079814   0x00000004   Code   RO           21    i.app_error_fault_handler  main.o
    0x00079818   0x00079818   0x00000004   Code   RO           23    i.app_error_handler_bare  main.o
    0x0007981c   0x0007981c   0x000000a0   Code   RO         2878    i.app_sched_event_put  app_scheduler.o
    0x000798bc   0x000798bc   0x00000040   Code   RO         2879    i.app_sched_execute  app_scheduler.o
    0x000798fc   0x000798fc   0x0000002c   Code   RO         2880    i.app_sched_init    app_scheduler.o
    0x00079928   0x00079928   0x00000048   Code   RO         2933    i.app_util_critical_region_enter  app_util_platform.o
    0x00079970   0x00079970   0x00000034   Code   RO         2934    i.app_util_critical_region_exit  app_util_platform.o
    0x000799a4   0x000799a4   0x0000004c   Code   RO          675    i.bl_activate       nrf_bootloader_fw_activation.o
    0x000799f0   0x000799f0   0x000000c4   Code   RO         1616    i.ble_dfu_init      nrf_dfu_ble.o
    0x00079ab4   0x00079ab4   0x000000b8   Code   RO         1617    i.ble_dfu_req_handler_callback  nrf_dfu_ble.o
    0x00079b6c   0x00079b6c   0x00000060   Code   RO         1618    i.ble_dfu_transport_close  nrf_dfu_ble.o
    0x00079bcc   0x00079bcc   0x00000098   Code   RO         1620    i.ble_dfu_transport_init  nrf_dfu_ble.o
    0x00079c64   0x00079c64   0x000001c8   Code   RO         1621    i.ble_evt_handler   nrf_dfu_ble.o
    0x00079e2c   0x00079e2c   0x00000008   Code   RO          334    i.ble_srv_is_notification_enabled  ble_srv_common.o
    0x00079e34   0x00079e34   0x0000000c   Code   RO         2206    i.boot_validation_crc  nrf_dfu_settings.o
    0x00079e40   0x00079e40   0x00000098   Code   RO         2452    i.boot_validation_extract  nrf_dfu_validation.o
    0x00079ed8   0x00079ed8   0x00000024   Code   RO          415    i.bootloader_reset  nrf_bootloader.o
    0x00079efc   0x00079efc   0x0000001c   Code   RO         4203    i.buf_read          pb_decode.o
    0x00079f18   0x00079f18   0x00000010   Code   RO         1929    i.cmd_response_offset_and_crc_set  nrf_dfu_req_handler.o
    0x00079f28   0x00079f28   0x0000003c   Code   RO         3001    i.crc32_compute     crc32.o
    0x00079f64   0x00079f64   0x0000001e   Code   RO         2207    i.crc_ok            nrf_dfu_settings.o
    0x00079f82   0x00079f82   0x00000002   PAD
    0x00079f84   0x00079f84   0x00000040   Code   RO         2453    i.crypto_init       nrf_dfu_validation.o
    0x00079fc4   0x00079fc4   0x0000007e   Code   RO         4204    i.decode_callback_field  pb_decode.o
    0x0007a042   0x0007a042   0x0000001a   Code   RO         4205    i.decode_field      pb_decode.o
    0x0007a05c   0x0007a05c   0x000000e0   Code   RO         4206    i.decode_static_field  pb_decode.o
    0x0007a13c   0x0007a13c   0x0000000c   Code   RO         1793    i.dfu_fstorage_evt_handler  nrf_dfu_flash.o
    0x0007a148   0x0007a148   0x00000002   Code   RO           24    i.dfu_observer      main.o
    0x0007a14a   0x0007a14a   0x00000002   PAD
    0x0007a14c   0x0007a14c   0x00000048   Code   RO          416    i.dfu_observer      nrf_bootloader.o
    0x0007a194   0x0007a194   0x00000028   Code   RO         1579    i.dfu_observer      nrf_dfu.o
    0x0007a1bc   0x0007a1bc   0x00000024   Code   RO          417    i.do_reset          nrf_bootloader.o
    0x0007a1e0   0x0007a1e0   0x00000048   Code   RO         3474    i.erase             nrf_fstorage_nvmc.o
    0x0007a228   0x0007a228   0x0000004c   Code   RO         3548    i.erase             nrf_fstorage_sd.o
    0x0007a274   0x0007a274   0x00000036   Code   RO         3475    i.event_send        nrf_fstorage_nvmc.o
    0x0007a2aa   0x0007a2aa   0x00000054   Code   RO         3549    i.event_send        nrf_fstorage_sd.o
    0x0007a2fe   0x0007a2fe   0x0000000e   Code   RO         1930    i.ext_err_code_handle  nrf_dfu_req_handler.o
    0x0007a30c   0x0007a30c   0x00000010   Code   RO         1854    i.ext_error_get     nrf_dfu_handling_error.o
    0x0007a31c   0x0007a31c   0x0000000c   Code   RO         1855    i.ext_error_set     nrf_dfu_handling_error.o
    0x0007a328   0x0007a328   0x0000000c   Code   RO          418    i.flash_write_callback  nrf_bootloader.o
    0x0007a334   0x0007a334   0x0000000c   Code   RO          676    i.flash_write_callback  nrf_bootloader_fw_activation.o
    0x0007a340   0x0007a340   0x00000008   Code   RO         2454    i.fw_hash_ok        nrf_dfu_validation.o
    0x0007a348   0x0007a348   0x00000098   Code   RO         1622    i.gap_params_init   nrf_dfu_ble.o
    0x0007a3e0   0x0007a3e0   0x00000090   Code   RO          677    i.image_copy        nrf_bootloader_fw_activation.o
    0x0007a470   0x0007a470   0x00000006   Code   RO          419    i.inactivity_timeout  nrf_bootloader.o
    0x0007a476   0x0007a476   0x00000002   PAD
    0x0007a478   0x0007a478   0x0000000c   Code   RO         3476    i.init              nrf_fstorage_nvmc.o
    0x0007a484   0x0007a484   0x00000038   Code   RO         3550    i.init              nrf_fstorage_sd.o
    0x0007a4bc   0x0007a4bc   0x00000010   Code   RO         3477    i.is_busy           nrf_fstorage_nvmc.o
    0x0007a4cc   0x0007a4cc   0x00000010   Code   RO         3551    i.is_busy           nrf_fstorage_sd.o
    0x0007a4dc   0x0007a4dc   0x00000060   Code   RO         2455    i.is_major_softdevice_update  nrf_dfu_validation.o
    0x0007a53c   0x0007a53c   0x0000002e   Code   RO         4207    i.iter_from_extension  pb_decode.o
    0x0007a56a   0x0007a56a   0x00000002   PAD
    0x0007a56c   0x0007a56c   0x00000030   Code   RO           25    i.main              main.o
    0x0007a59c   0x0007a59c   0x00000010   Code   RO         3141    i.nrf_atfifo_clear  nrf_atfifo.o
    0x0007a5ac   0x0007a5ac   0x00000026   Code   RO         3143    i.nrf_atfifo_init   nrf_atfifo.o
    0x0007a5d2   0x0007a5d2   0x00000016   Code   RO         3144    i.nrf_atfifo_item_alloc  nrf_atfifo.o
    0x0007a5e8   0x0007a5e8   0x00000016   Code   RO         3145    i.nrf_atfifo_item_free  nrf_atfifo.o
    0x0007a5fe   0x0007a5fe   0x00000016   Code   RO         3146    i.nrf_atfifo_item_get  nrf_atfifo.o
    0x0007a614   0x0007a614   0x00000016   Code   RO         3147    i.nrf_atfifo_item_put  nrf_atfifo.o
    0x0007a62a   0x0007a62a   0x00000006   Code   RO         3213    i.nrf_atomic_flag_clear  nrf_atomic.o
    0x0007a630   0x0007a630   0x00000006   Code   RO         3216    i.nrf_atomic_flag_set_fetch  nrf_atomic.o
    0x0007a636   0x0007a636   0x0000000c   Code   RO         3218    i.nrf_atomic_u32_and  nrf_atomic.o
    0x0007a642   0x0007a642   0x0000000a   Code   RO         3222    i.nrf_atomic_u32_fetch_or  nrf_atomic.o
    0x0007a64c   0x0007a64c   0x00000044   Code   RO         3351    i.nrf_balloc_alloc  nrf_balloc.o
    0x0007a690   0x0007a690   0x00000030   Code   RO         3352    i.nrf_balloc_free   nrf_balloc.o
    0x0007a6c0   0x0007a6c0   0x00000030   Code   RO         3353    i.nrf_balloc_init   nrf_balloc.o
    0x0007a6f0   0x0007a6f0   0x00000024   Code   RO          523    i.nrf_bootloader_app_start  nrf_bootloader_app_start.o
    0x0007a714   0x0007a714   0x00000060   Code   RO          551    i.nrf_bootloader_app_start_final  nrf_bootloader_app_start_final.o
    0x0007a774   0x0007a774   0x00000028   Code   RO          591    i.nrf_bootloader_dfu_inactivity_timer_restart  nrf_bootloader_dfu_timers.o
    0x0007a79c   0x0007a79c   0x00000040   Code   RO          552    i.nrf_bootloader_flash_protect  nrf_bootloader_app_start_final.o
    0x0007a7dc   0x0007a7dc   0x00000074   Code   RO          678    i.nrf_bootloader_fw_activate  nrf_bootloader_fw_activation.o
    0x0007a850   0x0007a850   0x000000c8   Code   RO          420    i.nrf_bootloader_init  nrf_bootloader.o
    0x0007a918   0x0007a918   0x00000030   Code   RO          730    i.nrf_bootloader_mbr_addrs_populate  nrf_bootloader_info.o
    0x0007a948   0x0007a948   0x00000014   Code   RO          770    i.nrf_bootloader_wdt_feed  nrf_bootloader_wdt.o
    0x0007a95c   0x0007a95c   0x00000014   Code   RO          593    i.nrf_bootloader_wdt_feed_timer_start  nrf_bootloader_dfu_timers.o
    0x0007a970   0x0007a970   0x00000048   Code   RO          771    i.nrf_bootloader_wdt_init  nrf_bootloader_wdt.o
    0x0007a9b8   0x0007a9b8   0x00000006   Code   RO         1371    i.nrf_crypto_backend_micro_ecc_curve_get  micro_ecc_backend_ecc.o
    0x0007a9be   0x0007a9be   0x00000010   Code   RO         1376    i.nrf_crypto_backend_micro_ecc_public_key_from_raw  micro_ecc_backend_ecc.o
    0x0007a9ce   0x0007a9ce   0x00000056   Code   RO         1529    i.nrf_crypto_backend_micro_ecc_verify  micro_ecc_backend_ecdsa.o
    0x0007aa24   0x0007aa24   0x00000034   Code   RO          840    i.nrf_crypto_ecc_public_key_from_raw  nrf_crypto_ecc.o
    0x0007aa58   0x0007aa58   0x0000004c   Code   RO          997    i.nrf_crypto_ecdsa_verify  nrf_crypto_ecdsa.o
    0x0007aaa4   0x0007aaa4   0x00000036   Code   RO         1072    i.nrf_crypto_hash_calculate  nrf_crypto_hash.o
    0x0007aada   0x0007aada   0x00000036   Code   RO         1073    i.nrf_crypto_hash_finalize  nrf_crypto_hash.o
    0x0007ab10   0x0007ab10   0x0000002c   Code   RO         1074    i.nrf_crypto_hash_init  nrf_crypto_hash.o
    0x0007ab3c   0x0007ab3c   0x0000002e   Code   RO         1075    i.nrf_crypto_hash_update  nrf_crypto_hash.o
    0x0007ab6a   0x0007ab6a   0x00000002   PAD
    0x0007ab6c   0x0007ab6c   0x00000040   Code   RO         1150    i.nrf_crypto_init   nrf_crypto_init.o
    0x0007abac   0x0007abac   0x0000001a   Code   RO         1201    i.nrf_crypto_internal_double_swap_endian  nrf_crypto_shared.o
    0x0007abc6   0x0007abc6   0x00000016   Code   RO         1202    i.nrf_crypto_internal_double_swap_endian_in_place  nrf_crypto_shared.o
    0x0007abdc   0x0007abdc   0x00000018   Code   RO          842    i.nrf_crypto_internal_ecc_key_input_check  nrf_crypto_ecc.o
    0x0007abf4   0x0007abf4   0x0000001a   Code   RO          843    i.nrf_crypto_internal_ecc_key_output_prepare  nrf_crypto_ecc.o
    0x0007ac0e   0x0007ac0e   0x00000016   Code   RO          844    i.nrf_crypto_internal_ecc_raw_input_check  nrf_crypto_ecc.o
    0x0007ac24   0x0007ac24   0x00000016   Code   RO         1203    i.nrf_crypto_internal_swap_endian  nrf_crypto_shared.o
    0x0007ac3a   0x0007ac3a   0x00000018   Code   RO         1204    i.nrf_crypto_internal_swap_endian_in_place  nrf_crypto_shared.o
    0x0007ac52   0x0007ac52   0x00000002   PAD
    0x0007ac54   0x0007ac54   0x00000028   Code   RO         2384    i.nrf_dfu_bank0_start_addr  nrf_dfu_utils.o
    0x0007ac7c   0x0007ac7c   0x00000020   Code   RO         2385    i.nrf_dfu_bank1_start_addr  nrf_dfu_utils.o
    0x0007ac9c   0x0007ac9c   0x00000014   Code   RO         2386    i.nrf_dfu_bank_invalidate  nrf_dfu_utils.o
    0x0007acb0   0x0007acb0   0x00000098   Code   RO         2387    i.nrf_dfu_cache_prepare  nrf_dfu_utils.o
    0x0007ad48   0x0007ad48   0x00000094   Code   RO         1931    i.nrf_dfu_command_req  nrf_dfu_req_handler.o
    0x0007addc   0x0007addc   0x00000074   Code   RO         1932    i.nrf_dfu_data_req  nrf_dfu_req_handler.o
    0x0007ae50   0x0007ae50   0x00000010   Code   RO         1794    i.nrf_dfu_flash_erase  nrf_dfu_flash.o
    0x0007ae60   0x0007ae60   0x0000001c   Code   RO         1795    i.nrf_dfu_flash_init  nrf_dfu_flash.o
    0x0007ae7c   0x0007ae7c   0x00000018   Code   RO         1796    i.nrf_dfu_flash_store  nrf_dfu_flash.o
    0x0007ae94   0x0007ae94   0x0000002c   Code   RO         1580    i.nrf_dfu_init      nrf_dfu.o
    0x0007aec0   0x0007aec0   0x00000004   Code   RO          422    i.nrf_dfu_init_user  nrf_bootloader.o
    0x0007aec4   0x0007aec4   0x00000016   Code   RO         1886    i.nrf_dfu_mbr_copy_bl  nrf_dfu_mbr.o
    0x0007aeda   0x0007aeda   0x00000002   PAD
    0x0007aedc   0x0007aedc   0x00000018   Code   RO         1887    i.nrf_dfu_mbr_init_sd  nrf_dfu_mbr.o
    0x0007aef4   0x0007aef4   0x0000000c   Code   RO         1888    i.nrf_dfu_mbr_irq_forward_address_set  nrf_dfu_mbr.o
    0x0007af00   0x0007af00   0x00000044   Code   RO         1933    i.nrf_dfu_req_handler_init  nrf_dfu_req_handler.o
    0x0007af44   0x0007af44   0x00000014   Code   RO         1934    i.nrf_dfu_req_handler_on_req  nrf_dfu_req_handler.o
    0x0007af58   0x0007af58   0x00000004   Code   RO         1935    i.nrf_dfu_req_handler_req  nrf_dfu_req_handler.o
    0x0007af5c   0x0007af5c   0x00000090   Code   RO         1936    i.nrf_dfu_req_handler_req_process  nrf_dfu_req_handler.o
    0x0007afec   0x0007afec   0x00000020   Code   RO         3895    i.nrf_dfu_set_adv_name_handler  nrf_dfu_svci_handler.o
    0x0007b00c   0x0007b00c   0x00000038   Code   RO         3896    i.nrf_dfu_set_adv_name_on_call  nrf_dfu_svci_handler.o
    0x0007b044   0x0007b044   0x00000024   Code   RO         3897    i.nrf_dfu_set_adv_name_on_sys_evt  nrf_dfu_svci_handler.o
    0x0007b068   0x0007b068   0x00000034   Code   RO         2305    i.nrf_dfu_settings_additional_erase  nrf_dfu_settings_svci.o
    0x0007b09c   0x0007b09c   0x00000018   Code   RO         2306    i.nrf_dfu_settings_adv_name_copy  nrf_dfu_settings_svci.o
    0x0007b0b4   0x0007b0b4   0x00000020   Code   RO         2307    i.nrf_dfu_settings_adv_name_is_valid  nrf_dfu_settings_svci.o
    0x0007b0d4   0x0007b0d4   0x00000038   Code   RO         2308    i.nrf_dfu_settings_adv_name_write  nrf_dfu_settings_svci.o
    0x0007b10c   0x0007b10c   0x0000000c   Code   RO         2209    i.nrf_dfu_settings_backup  nrf_dfu_settings.o
    0x0007b118   0x0007b118   0x0000001a   Code   RO         2210    i.nrf_dfu_settings_init  nrf_dfu_settings.o
    0x0007b132   0x0007b132   0x00000002   PAD
    0x0007b134   0x0007b134   0x00000028   Code   RO         2211    i.nrf_dfu_settings_progress_reset  nrf_dfu_settings.o
    0x0007b15c   0x0007b15c   0x000000d4   Code   RO         2212    i.nrf_dfu_settings_reinit  nrf_dfu_settings.o
    0x0007b230   0x0007b230   0x00000034   Code   RO         2213    i.nrf_dfu_settings_write  nrf_dfu_settings.o
    0x0007b264   0x0007b264   0x00000020   Code   RO         2214    i.nrf_dfu_settings_write_and_backup  nrf_dfu_settings.o
    0x0007b284   0x0007b284   0x00000006   Code   RO         2388    i.nrf_dfu_softdevice_start_address  nrf_dfu_utils.o
    0x0007b28a   0x0007b28a   0x00000002   PAD
    0x0007b28c   0x0007b28c   0x00000034   Code   RO         2352    i.nrf_dfu_transports_close  nrf_dfu_transport.o
    0x0007b2c0   0x0007b2c0   0x00000034   Code   RO         2353    i.nrf_dfu_transports_init  nrf_dfu_transport.o
    0x0007b2f4   0x0007b2f4   0x00000006   Code   RO         2456    i.nrf_dfu_validation_activation_prepare  nrf_dfu_validation.o
    0x0007b2fa   0x0007b2fa   0x00000052   Code   RO         2457    i.nrf_dfu_validation_boot_validate  nrf_dfu_validation.o
    0x0007b34c   0x0007b34c   0x00000064   Code   RO         2458    i.nrf_dfu_validation_hash_ok  nrf_dfu_validation.o
    0x0007b3b0   0x0007b3b0   0x00000024   Code   RO         2459    i.nrf_dfu_validation_init  nrf_dfu_validation.o
    0x0007b3d4   0x0007b3d4   0x00000048   Code   RO         2460    i.nrf_dfu_validation_init_cmd_append  nrf_dfu_validation.o
    0x0007b41c   0x0007b41c   0x00000034   Code   RO         2461    i.nrf_dfu_validation_init_cmd_create  nrf_dfu_validation.o
    0x0007b450   0x0007b450   0x00000084   Code   RO         2462    i.nrf_dfu_validation_init_cmd_execute  nrf_dfu_validation.o
    0x0007b4d4   0x0007b4d4   0x0000000c   Code   RO         2463    i.nrf_dfu_validation_init_cmd_present  nrf_dfu_validation.o
    0x0007b4e0   0x0007b4e0   0x00000048   Code   RO         2466    i.nrf_dfu_validation_prevalidate  nrf_dfu_validation.o
    0x0007b528   0x0007b528   0x00000094   Code   RO         2467    i.nrf_dfu_validation_signature_check  nrf_dfu_validation.o
    0x0007b5bc   0x0007b5bc   0x00000080   Code   RO         2612    i.nrf_dfu_ver_validation_check  nrf_dfu_ver_validation.o
    0x0007b63c   0x0007b63c   0x0000002c   Code   RO         3390    i.nrf_fstorage_erase  nrf_fstorage.o
    0x0007b668   0x0007b668   0x00000008   Code   RO         3391    i.nrf_fstorage_init  nrf_fstorage.o
    0x0007b670   0x0007b670   0x00000050   Code   RO         3392    i.nrf_fstorage_is_busy  nrf_fstorage.o
    0x0007b6c0   0x0007b6c0   0x00000018   Code   RO         3552    i.nrf_fstorage_sdh_req_handler  nrf_fstorage_sd.o
    0x0007b6d8   0x0007b6d8   0x00000020   Code   RO         3553    i.nrf_fstorage_sdh_state_handler  nrf_fstorage_sd.o
    0x0007b6f8   0x0007b6f8   0x000000a0   Code   RO         3554    i.nrf_fstorage_sys_evt_handler  nrf_fstorage_sd.o
    0x0007b798   0x0007b798   0x0000003e   Code   RO         3397    i.nrf_fstorage_write  nrf_fstorage.o
    0x0007b7d6   0x0007b7d6   0x00000002   PAD
    0x0007b7d8   0x0007b7d8   0x00000030   Code   RO         2654    i.nrf_nvmc_page_erase  nrf_nvmc.o
    0x0007b808   0x0007b808   0x00000030   Code   RO         2657    i.nrf_nvmc_write_word  nrf_nvmc.o
    0x0007b838   0x0007b838   0x00000044   Code   RO         2658    i.nrf_nvmc_write_words  nrf_nvmc.o
    0x0007b87c   0x0007b87c   0x0000000c   Code   RO          423    i.nrf_power_gpregret_get  nrf_bootloader.o
    0x0007b888   0x0007b888   0x0000000c   Code   RO          594    i.nrf_rtc_event_clear  nrf_bootloader_dfu_timers.o
    0x0007b894   0x0007b894   0x00000014   Code   RO         4093    i.nrf_sdh_ble_app_ram_start_get  nrf_sdh_ble.o
    0x0007b8a8   0x0007b8a8   0x00000094   Code   RO         4094    i.nrf_sdh_ble_default_cfg_set  nrf_sdh_ble.o
    0x0007b93c   0x0007b93c   0x00000014   Code   RO         4095    i.nrf_sdh_ble_enable  nrf_sdh_ble.o
    0x0007b950   0x0007b950   0x00000060   Code   RO         4096    i.nrf_sdh_ble_evts_poll  nrf_sdh_ble.o
    0x0007b9b0   0x0007b9b0   0x00000054   Code   RO         3977    i.nrf_sdh_disable_request  nrf_sdh.o
    0x0007ba04   0x0007ba04   0x00000074   Code   RO         3978    i.nrf_sdh_enable_request  nrf_sdh.o
    0x0007ba78   0x0007ba78   0x00000024   Code   RO         3979    i.nrf_sdh_evts_poll  nrf_sdh.o
    0x0007ba9c   0x0007ba9c   0x0000000c   Code   RO         3980    i.nrf_sdh_is_enabled  nrf_sdh.o
    0x0007baa8   0x0007baa8   0x0000001c   Code   RO         3982    i.nrf_sdh_request_continue  nrf_sdh.o
    0x0007bac4   0x0007bac4   0x0000003c   Code   RO         4147    i.nrf_sdh_soc_evts_poll  nrf_sdh_soc.o
    0x0007bb00   0x0007bb00   0x0000000a   Code   RO         3744    i.nrf_section_iter_init  nrf_section_iter.o
    0x0007bb0a   0x0007bb0a   0x00000024   Code   RO         3745    i.nrf_section_iter_item_set  nrf_section_iter.o
    0x0007bb2e   0x0007bb2e   0x00000020   Code   RO         3746    i.nrf_section_iter_next  nrf_section_iter.o
    0x0007bb4e   0x0007bb4e   0x00000002   PAD
    0x0007bb50   0x0007bb50   0x0000005c   Code   RO         3947    i.nrf_svc_handler_c  nrf_svc_handler.o
    0x0007bbac   0x0007bbac   0x00000024   Code   RO         1326    i.nrf_sw_backend_hash_sha256_finalize  nrf_sw_backend_hash.o
    0x0007bbd0   0x0007bbd0   0x00000006   Code   RO         1327    i.nrf_sw_backend_hash_sha256_init  nrf_sw_backend_hash.o
    0x0007bbd6   0x0007bbd6   0x00000006   Code   RO         1328    i.nrf_sw_backend_hash_sha256_update  nrf_sw_backend_hash.o
    0x0007bbdc   0x0007bbdc   0x00000010   Code   RO          772    i.nrf_wdt_started   nrf_bootloader_wdt.o
    0x0007bbec   0x0007bbec   0x00000070   Code   RO         1623    i.on_ctrl_pt_write  nrf_dfu_ble.o
    0x0007bc5c   0x0007bc5c   0x00000074   Code   RO         1937    i.on_data_obj_create_request  nrf_dfu_req_handler.o
    0x0007bcd0   0x0007bcd0   0x00000078   Code   RO         1938    i.on_data_obj_execute_request_sched  nrf_dfu_req_handler.o
    0x0007bd48   0x0007bd48   0x00000080   Code   RO         1939    i.on_data_obj_write_request  nrf_dfu_req_handler.o
    0x0007bdc8   0x0007bdc8   0x0000000c   Code   RO         1940    i.on_dfu_complete   nrf_dfu_req_handler.o
    0x0007bdd4   0x0007bdd4   0x00000024   Code   RO           26    i.on_error          main.o
    0x0007bdf8   0x0007bdf8   0x0000000c   Code   RO         1624    i.on_flash_write    nrf_dfu_ble.o
    0x0007be04   0x0007be04   0x00000088   Code   RO         1625    i.on_rw_authorize_req  nrf_dfu_ble.o
    0x0007be8c   0x0007be8c   0x00000042   Code   RO         4209    i.pb_dec_bytes      pb_decode.o
    0x0007bece   0x0007bece   0x00000006   Code   RO         4210    i.pb_dec_fixed32    pb_decode.o
    0x0007bed4   0x0007bed4   0x00000006   Code   RO         4211    i.pb_dec_fixed64    pb_decode.o
    0x0007beda   0x0007beda   0x0000003e   Code   RO         4212    i.pb_dec_string     pb_decode.o
    0x0007bf18   0x0007bf18   0x00000040   Code   RO         4213    i.pb_dec_submessage  pb_decode.o
    0x0007bf58   0x0007bf58   0x00000058   Code   RO         4214    i.pb_dec_svarint    pb_decode.o
    0x0007bfb0   0x0007bfb0   0x00000058   Code   RO         4215    i.pb_dec_uvarint    pb_decode.o
    0x0007c008   0x0007c008   0x0000005a   Code   RO         4216    i.pb_dec_varint     pb_decode.o
    0x0007c062   0x0007c062   0x0000001e   Code   RO         4217    i.pb_decode         pb_decode.o
    0x0007c080   0x0007c080   0x00000020   Code   RO         4219    i.pb_decode_fixed32  pb_decode.o
    0x0007c0a0   0x0007c0a0   0x0000005c   Code   RO         4220    i.pb_decode_fixed64  pb_decode.o
    0x0007c0fc   0x0007c0fc   0x00000186   Code   RO         4221    i.pb_decode_noinit  pb_decode.o
    0x0007c282   0x0007c282   0x0000003a   Code   RO         4222    i.pb_decode_svarint  pb_decode.o
    0x0007c2bc   0x0007c2bc   0x00000042   Code   RO         4223    i.pb_decode_tag     pb_decode.o
    0x0007c2fe   0x0007c2fe   0x0000004a   Code   RO         4224    i.pb_decode_varint  pb_decode.o
    0x0007c348   0x0007c348   0x0000004c   Code   RO         4225    i.pb_decode_varint32  pb_decode.o
    0x0007c394   0x0007c394   0x0000003c   Code   RO         2469    i.pb_decoding_callback  nrf_dfu_validation.o
    0x0007c3d0   0x0007c3d0   0x00000022   Code   RO         4176    i.pb_field_iter_begin  pb_common.o
    0x0007c3f2   0x0007c3f2   0x0000002e   Code   RO         4177    i.pb_field_iter_find  pb_common.o
    0x0007c420   0x0007c420   0x0000007e   Code   RO         4178    i.pb_field_iter_next  pb_common.o
    0x0007c49e   0x0007c49e   0x000000a4   Code   RO         4226    i.pb_field_set_to_default  pb_decode.o
    0x0007c542   0x0007c542   0x00000002   PAD
    0x0007c544   0x0007c544   0x00000014   Code   RO         4227    i.pb_istream_from_buffer  pb_decode.o
    0x0007c558   0x0007c558   0x00000036   Code   RO         4228    i.pb_make_string_substream  pb_decode.o
    0x0007c58e   0x0007c58e   0x00000026   Code   RO         4229    i.pb_message_set_to_defaults  pb_decode.o
    0x0007c5b4   0x0007c5b4   0x00000058   Code   RO         4230    i.pb_read           pb_decode.o
    0x0007c60c   0x0007c60c   0x00000020   Code   RO         4231    i.pb_readbyte       pb_decode.o
    0x0007c62c   0x0007c62c   0x0000005a   Code   RO         4232    i.pb_skip_field     pb_decode.o
    0x0007c686   0x0007c686   0x00000002   PAD
    0x0007c688   0x0007c688   0x000000c4   Code   RO         2470    i.postvalidate      nrf_dfu_validation.o
    0x0007c74c   0x0007c74c   0x0000011c   Code   RO         2471    i.postvalidate_sd_bl  nrf_dfu_validation.o
    0x0007c868   0x0007c868   0x00000014   Code   RO         3555    i.queue_free        nrf_fstorage_sd.o
    0x0007c87c   0x0007c87c   0x0000009c   Code   RO         3556    i.queue_process     nrf_fstorage_sd.o
    0x0007c918   0x0007c918   0x00000024   Code   RO         3557    i.queue_start       nrf_fstorage_sd.o
    0x0007c93c   0x0007c93c   0x0000000e   Code   RO         3478    i.read              nrf_fstorage_nvmc.o
    0x0007c94a   0x0007c94a   0x0000000e   Code   RO         3558    i.read              nrf_fstorage_sd.o
    0x0007c958   0x0007c958   0x00000062   Code   RO         4233    i.read_raw_value    pb_decode.o
    0x0007c9ba   0x0007c9ba   0x00000020   Code   RO         1626    i.response_crc_add  nrf_dfu_ble.o
    0x0007c9da   0x0007c9da   0x00000002   PAD
    0x0007c9dc   0x0007c9dc   0x00000034   Code   RO         1627    i.response_send     nrf_dfu_ble.o
    0x0007ca10   0x0007ca10   0x00000004   Code   RO         3479    i.rmap              nrf_fstorage_nvmc.o
    0x0007ca14   0x0007ca14   0x00000004   Code   RO         3559    i.rmap              nrf_fstorage_sd.o
    0x0007ca18   0x0007ca18   0x00000054   Code   RO          679    i.sd_activate       nrf_bootloader_fw_activation.o
    0x0007ca6c   0x0007ca6c   0x00000044   Code   RO         2613    i.sd_req_check      nrf_dfu_ver_validation.o
    0x0007cab0   0x0007cab0   0x00000068   Code   RO         2614    i.sd_req_ok         nrf_dfu_ver_validation.o
    0x0007cb18   0x0007cb18   0x00000030   Code   RO         3985    i.sdh_request_observer_notify  nrf_sdh.o
    0x0007cb48   0x0007cb48   0x0000002c   Code   RO         3986    i.sdh_state_observer_notify  nrf_sdh.o
    0x0007cb74   0x0007cb74   0x00000014   Code   RO         2215    i.settings_backup   nrf_dfu_settings.o
    0x0007cb88   0x0007cb88   0x0000000a   Code   RO         2216    i.settings_crc_get  nrf_dfu_settings.o
    0x0007cb92   0x0007cb92   0x00000050   Code   RO         2217    i.settings_write    nrf_dfu_settings.o
    0x0007cbe2   0x0007cbe2   0x00000110   Code   RO         3812    i.sha256_final      sha256.o
    0x0007ccf2   0x0007ccf2   0x00000002   PAD
    0x0007ccf4   0x0007ccf4   0x00000054   Code   RO         3813    i.sha256_init       sha256.o
    0x0007cd48   0x0007cd48   0x0000012c   Code   RO         3814    i.sha256_transform  sha256.o
    0x0007ce74   0x0007ce74   0x00000054   Code   RO         3815    i.sha256_update     sha256.o
    0x0007cec8   0x0007cec8   0x00000040   Code   RO         3987    i.softdevice_evt_irq_disable  nrf_sdh.o
    0x0007cf08   0x0007cf08   0x00000058   Code   RO         3988    i.softdevices_evt_irq_enable  nrf_sdh.o
    0x0007cf60   0x0007cf60   0x000000c8   Code   RO         2472    i.stored_init_cmd_decode  nrf_dfu_validation.o
    0x0007d028   0x0007d028   0x00000060   Code   RO          595    i.timer_activate    nrf_bootloader_dfu_timers.o
    0x0007d088   0x0007d088   0x00000074   Code   RO          596    i.timer_init        nrf_bootloader_dfu_timers.o
    0x0007d0fc   0x0007d0fc   0x0000001a   Code   RO          597    i.timer_start       nrf_bootloader_dfu_timers.o
    0x0007d116   0x0007d116   0x00000002   PAD
    0x0007d118   0x0007d118   0x00000014   Code   RO          598    i.timer_stop        nrf_bootloader_dfu_timers.o
    0x0007d12c   0x0007d12c   0x00000012   Code   RO         1628    i.uint32_encode     nrf_dfu_ble.o
    0x0007d13e   0x0007d13e   0x00000002   PAD
    0x0007d140   0x0007d140   0x00000010   Code   RO         3480    i.uninit            nrf_fstorage_nvmc.o
    0x0007d150   0x0007d150   0x00000020   Code   RO         3560    i.uninit            nrf_fstorage_sd.o
    0x0007d170   0x0007d170   0x00000058   Code   RO         2473    i.update_data_size_get  nrf_dfu_validation.o
    0x0007d1c8   0x0007d1c8   0x00000020   Code   RO         1076    i.verify_context    nrf_crypto_hash.o
    0x0007d1e8   0x0007d1e8   0x0000003c   Code   RO          773    i.wdt_feed          nrf_bootloader_wdt.o
    0x0007d224   0x0007d224   0x00000004   Code   RO          774    i.wdt_feed_timer_handler  nrf_bootloader_wdt.o
    0x0007d228   0x0007d228   0x00000004   Code   RO         3481    i.wmap              nrf_fstorage_nvmc.o
    0x0007d22c   0x0007d22c   0x00000004   Code   RO         3561    i.wmap              nrf_fstorage_sd.o
    0x0007d230   0x0007d230   0x00000044   Code   RO         3482    i.write             nrf_fstorage_nvmc.o
    0x0007d274   0x0007d274   0x00000050   Code   RO         3562    i.write             nrf_fstorage_sd.o
    0x0007d2c4   0x0007d2c4   0x00000040   Data   RO            1    .constdata          dfu_public_key.o
    0x0007d304   0x0007d304   0x0000000c   PAD
    0x0007d310   0x0007d310   0x00000006   Data   RO          599    .constdata          nrf_bootloader_dfu_timers.o
    0x0007d316   0x0007d316   0x00000002   PAD
    0x0007d318   0x0007d318   0x00000018   Data   RO         1329    .constdata          nrf_sw_backend_hash.o
    0x0007d330   0x0007d330   0x0000000c   Data   RO         1379    .constdata          micro_ecc_backend_ecc.o
    0x0007d33c   0x0007d33c   0x00000001   Data   RO         1558    .constdata          dfu-cc.pb.o
    0x0007d33d   0x0007d33d   0x00000003   PAD
    0x0007d340   0x0007d340   0x00000030   Data   RO         1559    .constdata          dfu-cc.pb.o
    0x0007d370   0x0007d370   0x00000030   Data   RO         1560    .constdata          dfu-cc.pb.o
    0x0007d3a0   0x0007d3a0   0x000000b0   Data   RO         1561    .constdata          dfu-cc.pb.o
    0x0007d450   0x0007d450   0x00000030   Data   RO         1562    .constdata          dfu-cc.pb.o
    0x0007d480   0x0007d480   0x00000040   Data   RO         1563    .constdata          dfu-cc.pb.o
    0x0007d4c0   0x0007d4c0   0x00000030   Data   RO         1564    .constdata          dfu-cc.pb.o
    0x0007d4f0   0x0007d4f0   0x00000118   Data   RO         1632    .constdata          nrf_dfu_ble.o
    0x0007d608   0x0007d608   0x00000010   Data   RO         1889    .constdata          nrf_dfu_mbr.o
    0x0007d618   0x0007d618   0x00000030   Data   RO         1941    .constdata          nrf_dfu_req_handler.o
    0x0007d648   0x0007d648   0x0000000c   Data   RO         3483    .constdata          nrf_fstorage_nvmc.o
    0x0007d654   0x0007d654   0x00000020   Data   RO         3484    .constdata          nrf_fstorage_nvmc.o
    0x0007d674   0x0007d674   0x00000010   Data   RO         3565    .constdata          nrf_fstorage_sd.o
    0x0007d684   0x0007d684   0x00000020   Data   RO         3566    .constdata          nrf_fstorage_sd.o
    0x0007d6a4   0x0007d6a4   0x00000100   Data   RO         3816    .constdata          sha256.o
    0x0007d7a4   0x0007d7a4   0x00000010   Data   RO         3989    .constdata          nrf_sdh.o
    0x0007d7b4   0x0007d7b4   0x00000028   Data   RO         3990    .constdata          nrf_sdh.o
    0x0007d7dc   0x0007d7dc   0x00000010   Data   RO         3991    .constdata          nrf_sdh.o
    0x0007d7ec   0x0007d7ec   0x00000010   Data   RO         3992    .constdata          nrf_sdh.o
    0x0007d7fc   0x0007d7fc   0x00000020   Data   RO         4097    .constdata          nrf_sdh_ble.o
    0x0007d81c   0x0007d81c   0x00000010   Data   RO         4098    .constdata          nrf_sdh_ble.o
    0x0007d82c   0x0007d82c   0x00000010   Data   RO         4148    .constdata          nrf_sdh_soc.o
    0x0007d83c   0x0007d83c   0x0000000c   Data   RO         4149    .constdata          nrf_sdh_soc.o
    0x0007d848   0x0007d848   0x00000024   Data   RO         4234    .constdata          pb_decode.o
    0x0007d86c   0x0007d86c   0x000000b0   Data   RO         4510    .rodata.curve_secp256r1  micro_ecc_lib_nrf52.lib(uECC.c.o)
    0x0007d91c   0x0007d91c   0x00000020   Data   RO         4554    Region$$Table       anon$$obj.o
    0x0007d93c   0x0007d93c   0x00000008   Data   RO         1635    dfu_trans           nrf_dfu_ble.o
    0x0007d944   0x0007d944   0x00000014   Data   RO         1636    nrf_balloc          nrf_dfu_ble.o
    0x0007d958   0x0007d958   0x00000008   Data   RO         1637    sdh_ble_observers2  nrf_dfu_ble.o
    0x0007d960   0x0007d960   0x00000008   Data   RO         3568    sdh_req_observers0  nrf_fstorage_sd.o
    0x0007d968   0x0007d968   0x00000008   Data   RO         3569    sdh_soc_observers0  nrf_fstorage_sd.o
    0x0007d970   0x0007d970   0x00000008   Data   RO         4100    sdh_stack_observers0  nrf_sdh_ble.o
    0x0007d978   0x0007d978   0x00000008   Data   RO         4150    sdh_stack_observers0  nrf_sdh_soc.o
    0x0007d980   0x0007d980   0x00000008   Data   RO         3570    sdh_state_observers0  nrf_fstorage_sd.o
    0x0007d988   0x0007d988   0x0000000c   Data   RO         3898    svc_data            nrf_dfu_svci_handler.o


    Execution Region RW_IRAM1 (Exec base: 0x20002608, Load base: 0x0007d994, Size: 0x00002df8, Max: 0x0001d9f8, ABSOLUTE)

    Exec Addr    Load Addr    Size         Type   Attr      Idx    E Section Name        Object

    0x20002608   0x0007d994   0x00000008   Data   RW          426    .data               nrf_bootloader.o
    0x20002610   0x0007d99c   0x00000004   Data   RW          553    .data               nrf_bootloader_app_start_final.o
    0x20002614   0x0007d9a0   0x00000030   Data   RW          600    .data               nrf_bootloader_dfu_timers.o
    0x20002644   0x0007d9d0   0x00000001   Data   RW          680    .data               nrf_bootloader_fw_activation.o
    0x20002645   0x0007d9d1   0x00000001   Data   RW          775    .data               nrf_bootloader_wdt.o
    0x20002646   0x0007d9d2   0x00000001   Data   RW         1154    .data               nrf_crypto_init.o
    0x20002647   0x0007d9d3   0x00000001   PAD
    0x20002648   0x0007d9d4   0x00000004   Data   RW         1581    .data               nrf_dfu.o
    0x2000264c   0x0007d9d8   0x00000010   Data   RW         1633    .data               nrf_dfu_ble.o
    0x2000265c   0x0007d9e8   0x00000008   Data   RW         1634    .data               nrf_dfu_ble.o
    0x20002664   0x0007d9f0   0x00000001   Data   RW         1856    .data               nrf_dfu_handling_error.o
    0x20002665   0x0007d9f1   0x00000003   PAD
    0x20002668   0x0007d9f4   0x00000010   Data   RW         1942    .data               nrf_dfu_req_handler.o
    0x20002678   0x0007da04   0x00000004   Data   RW         2222    .data               nrf_dfu_settings.o
    0x2000267c   0x0007da08   0x00000010   Data   RW         2475    .data               nrf_dfu_validation.o
    0x2000268c   0x0007da18   0x00000010   Data   RW         2882    .data               app_scheduler.o
    0x2000269c   0x0007da28   0x00000004   Data   RW         3485    .data               nrf_fstorage_nvmc.o
    0x200026a0   0x0007da2c   0x00000008   Data   RW         3567    .data               nrf_fstorage_sd.o
    0x200026a8   0x0007da34   0x00000003   Data   RW         3993    .data               nrf_sdh.o
    0x200026ab   0x0007da37   0x00000001   Data   RW         4099    .data               nrf_sdh_ble.o
    0x200026ac   0x0007da38   0x00000004   Data   RW         4397    .data               system_nrf52833.o
    0x200026b0   0x0007da3c   0x00000014   Data   RW         1798    fs_data             nrf_dfu_flash.o
    0x200026c4        -       0x00000420   Zero   RW          424    .bss                nrf_bootloader.o
    0x20002ae4        -       0x00000050   Zero   RW         1629    .bss                nrf_dfu_ble.o
    0x20002b34        -       0x00000011   Zero   RW         1630    .bss                nrf_dfu_ble.o
    0x20002b45   0x0007da50   0x00000003   PAD
    0x20002b48        -       0x00001034   Zero   RW         1631    .bss                nrf_dfu_ble.o
    0x20003b7c        -       0x00000a80   Zero   RW         2221    .bss                nrf_dfu_settings.o
    0x200045fc        -       0x000003f4   Zero   RW         2474    .bss                nrf_dfu_validation.o
    0x200049f0        -       0x0000000c   Zero   RW         2939    .bss                app_util_platform.o
    0x200049fc        -       0x00000010   Zero   RW         3563    .bss                nrf_fstorage_sd.o
    0x20004a0c        -       0x000001f0   Zero   RW         3564    .bss                nrf_fstorage_sd.o
    0x20004bfc   0x0007da50   0x00000004   PAD
    0x20004c00        -       0x00000800   Zero   RW         4385    STACK               arm_startup_nrf52833.o



  Load Region LR$$.ARM.__AT_0x0007E000 (Base: 0x0007e000, Size: 0x00000000, Max: 0x00001000, ABSOLUTE)

    Execution Region ER$$.ARM.__AT_0x0007E000 (Exec base: 0x0007e000, Load base: 0x0007e000, Size: 0x00001000, Max: 0x00001000, ABSOLUTE, UNINIT)

    Exec Addr    Load Addr    Size         Type   Attr      Idx    E Section Name        Object

    0x0007e000        -       0x00001000   Zero   RW         2218    .ARM.__AT_0x0007E000  nrf_dfu_settings.o



  Load Region LR$$.ARM.__AT_0x0007F000 (Base: 0x0007f000, Size: 0x00000000, Max: 0x00001000, ABSOLUTE)

    Execution Region ER$$.ARM.__AT_0x0007F000 (Exec base: 0x0007f000, Load base: 0x0007f000, Size: 0x00001000, Max: 0x00001000, ABSOLUTE, UNINIT)

    Exec Addr    Load Addr    Size         Type   Attr      Idx    E Section Name        Object

    0x0007f000        -       0x00001000   Zero   RW         2219    .ARM.__AT_0x0007F000  nrf_dfu_settings.o



  Load Region LR$$.ARM.__AT_0x10001014 (Base: 0x10001014, Size: 0x00000004, Max: 0x00000004, ABSOLUTE)

    Execution Region ER$$.ARM.__AT_0x10001014 (Exec base: 0x10001014, Load base: 0x10001014, Size: 0x00000004, Max: 0x00000004, ABSOLUTE, UNINIT)

    Exec Addr    Load Addr    Size         Type   Attr      Idx    E Section Name        Object

    0x10001014   0x10001014   0x00000004   Data   RW          731    .ARM.__AT_0x10001014  nrf_bootloader_info.o



  Load Region LR$$.ARM.__AT_0x10001018 (Base: 0x10001018, Size: 0x00000004, Max: 0x00000004, ABSOLUTE)

    Execution Region ER$$.ARM.__AT_0x10001018 (Exec base: 0x10001018, Load base: 0x10001018, Size: 0x00000004, Max: 0x00000004, ABSOLUTE, UNINIT)

    Exec Addr    Load Addr    Size         Type   Attr      Idx    E Section Name        Object

    0x10001018   0x10001018   0x00000004   Data   RO         2220    .ARM.__AT_0x10001018  nrf_dfu_settings.o


==============================================================================

Image component sizes


      Code (inc. data)   RO Data    RW Data    ZI Data      Debug   Object Name

       268         16          0         16          0      41873   app_scheduler.o
       124         14          0          0         12      10566   app_util_platform.o
        36          8        512          0       2048        932   arm_startup_nrf52833.o
         8          0          0          0          0      27882   ble_srv_common.o
        60          6          0          0          0       1500   crc32.o
         0          0        433          0          0       1474   dfu-cc.pb.o
         0          0         64          0          0       5293   dfu_public_key.o
        94         20          0          0          0     102685   main.o
        22          0         12          0          0      25597   micro_ecc_backend_ecc.o
        86          0          0          0          0       2342   micro_ecc_backend_ecdsa.o
       342          0          0          0          0       8618   nrf_atfifo.o
       260          0          0          0          0       5496   nrf_atomic.o
       164          0          0          0          0       3580   nrf_balloc.o
       378         66          0          8       1056      26574   nrf_bootloader.o
        36          0          0          0          0        751   nrf_bootloader_app_start.o
       160         16          0          4          0       8895   nrf_bootloader_app_start_final.o
       446         54          6         48          0      47282   nrf_bootloader_dfu_timers.o
       504         48          0          1          0       6837   nrf_bootloader_fw_activation.o
        48          6          0          4          0       1114   nrf_bootloader_info.o
       192         34          0          1          0      36324   nrf_bootloader_wdt.o
       124          4          0          0          0      30428   nrf_crypto_ecc.o
        76          4          0          0          0      37801   nrf_crypto_ecdsa.o
       230         12          0          0          0      10385   nrf_crypto_hash.o
        64         14          0          1          0       3097   nrf_crypto_init.o
        94          0          0          0          0       3962   nrf_crypto_shared.o
        84         14          0          4          0       3203   nrf_dfu.o
      1894        190        316         24       4245     112458   nrf_dfu_ble.o
        80         22          0         20          0       5895   nrf_dfu_flash.o
        28         10          0          1          0       1684   nrf_dfu_handling_error.o
        58          6         16          0          0       8702   nrf_dfu_mbr.o
       906        112         48         16          0      74504   nrf_dfu_req_handler.o
       526         58          4          4      10880      11605   nrf_dfu_settings.o
       164         20          0          0          0       4464   nrf_dfu_settings_svci.o
       124         16         12          0          0       6295   nrf_dfu_svci_handler.o
       104         18          0          0          0       2704   nrf_dfu_transport.o
       250         28          0          0          0       4951   nrf_dfu_utils.o
      1860        164          0         16       1012      24675   nrf_dfu_validation.o
       300         14          0          0          0      10305   nrf_dfu_ver_validation.o
       230         10          0          0          0       6152   nrf_fstorage.o
       260         20         44          4          0       9744   nrf_fstorage_nvmc.o
       794         82         72          8        512      17235   nrf_fstorage_sd.o
       164         28          0          0          0       2695   nrf_nvmc.o
       560         60         88          3          0      45012   nrf_sdh.o
       284         18         56          1          0       7255   nrf_sdh_ble.o
        60          4         36          0          0       2316   nrf_sdh_soc.o
        78          0          0          0          0       2740   nrf_section_iter.o
       112         10          0          0          0       2505   nrf_svc_handler.o
        48          0         24          0          0       5568   nrf_sw_backend_hash.o
       206          0          0          0          0       3488   pb_common.o
      2322         14         36          0          0      36574   pb_decode.o
       740         40        256          0          0       6708   sha256.o
       276         28          0          4          0      10607   system_nrf52833.o

    ----------------------------------------------------------------------
     16364       1308       2084        192      19772     881332   Object Totals
         0          0         32          0          0          0   (incl. Generated)
        36          0         17          4          7          0   (incl. Padding)

    ----------------------------------------------------------------------

      Code (inc. data)   RO Data    RW Data    ZI Data      Debug   Library Member Name

         0          0          0          0          0          0   entry.o
         0          0          0          0          0          0   entry10a.o
         0          0          0          0          0          0   entry11a.o
         8          4          0          0          0          0   entry2.o
         4          0          0          0          0          0   entry5.o
         0          0          0          0          0          0   entry7b.o
         0          0          0          0          0          0   entry8b.o
         8          4          0          0          0          0   entry9a.o
        30          0          0          0          0          0   handlers.o
        36          8          0          0          0         68   init.o
        30          0          0          0          0         68   llshl.o
        26          0          0          0          0         80   memcmp.o
        36          0          0          0          0         68   memcpya.o
        36          0          0          0          0        108   memseta.o
        24          0          0          0          0         68   strcat.o
        14          0          0          0          0         68   strlen.o
      4034          8        176          0          0      49560   uECC.c.o

    ----------------------------------------------------------------------
      4312         24        176          0          0      50088   Library Totals
        26          0          0          0          0          0   (incl. Padding)

    ----------------------------------------------------------------------

      Code (inc. data)   RO Data    RW Data    ZI Data      Debug   Library Name

       252         16          0          0          0        528   mc_w.l
      4034          8        176          0          0      49560   micro_ecc_lib_nrf52.lib

    ----------------------------------------------------------------------
      4312         24        176          0          0      50088   Library Totals

    ----------------------------------------------------------------------

==============================================================================


      Code (inc. data)   RO Data    RW Data    ZI Data      Debug   

     20676       1332       2260        192      19772     906616   Grand Totals
     20676       1332       2260        192      19772     906616   ELF Image Totals
     20676       1332       2260        192          0          0   ROM Totals

==============================================================================

    Total RO  Size (Code + RO Data)                22936 (  22.40kB)
    Total RW  Size (RW Data + ZI Data)             19964 (  19.50kB)
    Total ROM Size (Code + RO Data + RW Data)      23128 (  22.59kB)

==============================================================================

